[32mCreating model: ('PP-OCRv6_medium_det', None, None)[0m
[33mChecking connectivity to the model hosters, this may take a while. To bypass this check, set `PADDLE_PDX_DISABLE_MODEL_SOURCE_CHECK` to `True`.[0m
[32mUsing official model (PP-OCRv6_medium_det), the model files will be automatically downloaded and saved in `/root/.paddlex/official_models/PP-OCRv6_medium_det`.[0m

Fetching 5 files:   0%|          | 0/5 [00:00<?, ?it/s]
Fetching 5 files:  20%|██        | 1/5 [00:00<00:00,  4.06it/s]
Fetching 5 files:  80%|████████  | 4/5 [00:00<00:00, 11.56it/s]
Fetching 5 files: 100%|██████████| 5/5 [00:02<00:00,  2.38it/s]
/content/ocrbench_envs/paddle/lib/python3.13/site-packages/paddle/utils/cpp_extension/extension_utils.py:712: UserWarning: No ccache found. Please be aware that recompiling all source files may be required. You can download and install ccache from: https://github.com/ccache/ccache/blob/master/doc/INSTALL.md
  warnings.warn(warning_message)
[32mCreating model: ('PP-OCRv6_medium_rec', None, None)[0m
[32mUsing official model (PP-OCRv6_medium_rec), the model files will be automatically downloaded and saved in `/root/.paddlex/official_models/PP-OCRv6_medium_rec`.[0m

Fetching 5 files:   0%|          | 0/5 [00:00<?, ?it/s]
Fetching 5 files:  20%|██        | 1/5 [00:00<00:00,  4.02it/s]
Fetching 5 files:  80%|████████  | 4/5 [00:00<00:00, 13.13it/s]
Fetching 5 files: 100%|██████████| 5/5 [00:01<00:00,  2.52it/s]
[paddleocr] track books
  [books] 4/4 pages  0.47 p/s
[paddleocr] track docs
  [docs] 5/5 pages  0.46 p/s
[paddleocr] track handwriting
  [handwriting] 6/6 pages  12.30 p/s
[paddleocr] track stress
  [stress] 8/11 pages  0.64 p/s
  [stress] 11/11 pages  0.64 p/s
