[ocrmypdf] track books
  [books] latency page 1/8: 17.6s
  [books] latency page 2/8: 19.6s
  [books] latency page 3/8: 16.0s
  [books] latency page 4/8: 18.8s
  [books] latency page 5/8: 20.0s
  [books] latency page 6/8: 14.9s
  [books] latency page 7/8: 12.8s
  [books] latency page 8/8: 15.8s
  [books] batch of 50 pages...
  [books] 24/50 pages  0.29 p/s
  [books] 48/50 pages  0.28 p/s
  [books] 50/50 pages  0.25 p/s
[ocrmypdf] track docs
  [docs] latency page 1/8: 8.3s
  [docs] latency page 2/8: 16.9s
  [docs] latency page 3/8: 6.5s
  [docs] latency page 4/8: 11.1s
  [docs] latency page 5/8: 10.5s
  [docs] latency page 6/8: 11.9s
  [docs] latency page 7/8: 9.3s
  [docs] latency page 8/8: 9.7s
  [docs] batch of 50 pages...
  [docs] 24/50 pages  0.39 p/s
  [docs] 48/50 pages  0.42 p/s
  [docs] 50/50 pages  0.40 p/s
[ocrmypdf] track handwriting
Traceback (most recent call last):
  File "/content/ocr/ocrbench/worker.py", line 108, in _predict_safely
    preds = engine.predict(paths)
  File "/content/ocr/ocrbench/engines/ocrmypdf_engine.py", line 47, in predict
    return pmap(self._one, image_paths, self.workers)
  File "/content/ocr/ocrbench/engines/_parallel.py", line 14, in pmap
    return [fn(x) for x in items]
            ~~^^^
  File "/content/ocr/ocrbench/engines/ocrmypdf_engine.py", line 39, in _one
    raise RuntimeError(f"ocrmypdf exit {res.returncode}: {res.stderr[-400:]}")
RuntimeError: ocrmypdf exit 7: 
    1 [tesseract] Error during processing.

SubprocessOutputError

  [handwriting] latency page 1/8: 1.2s
  [handwriting] latency page 2/8: 2.9s
  [handwriting] latency page 3/8: 3.0s
  [handwriting] latency page 4/8: 3.2s
  [handwriting] latency page 5/8: 2.8s
  [handwriting] latency page 6/8: 2.8s
  [handwriting] latency page 7/8: 3.3s
  [handwriting] latency page 8/8: 2.9s
  [handwriting] batch of 60 pages...
Traceback (most recent call last):
  File "/content/ocr/ocrbench/worker.py", line 108, in _predict_safely
    preds = engine.predict(paths)
  File "/content/ocr/ocrbench/engines/ocrmypdf_engine.py", line 47, in predict
    return pmap(self._one, image_paths, self.workers)
  File "/content/ocr/ocrbench/engines/_parallel.py", line 14, in pmap
    return [fn(x) for x in items]
            ~~^^^
  File "/content/ocr/ocrbench/engines/ocrmypdf_engine.py", line 39, in _one
    raise RuntimeError(f"ocrmypdf exit {res.returncode}: {res.stderr[-400:]}")
RuntimeError: ocrmypdf exit 7: 
    1 [tesseract] Error during processing.

SubprocessOutputError

  [handwriting] 24/60 pages  0.31 p/s
  [handwriting] 48/60 pages  0.54 p/s
  [handwriting] 60/60 pages  0.63 p/s
[ocrmypdf] track stress
  [stress] latency page 1/8: 10.0s
  [stress] latency page 2/8: 6.3s
  [stress] latency page 3/8: 5.0s
  [stress] latency page 4/8: 11.1s
  [stress] latency page 5/8: 19.0s
  [stress] latency page 6/8: 11.1s
  [stress] latency page 7/8: 9.3s
  [stress] latency page 8/8: 6.5s
  [stress] batch of 55 pages...
  [stress] 24/55 pages  0.59 p/s
  [stress] 48/55 pages  0.18 p/s
  [stress] 55/55 pages  0.19 p/s
