[32mCreating model: ('PP-OCRv6_medium_det', None, None)[0m
[33mChecking connectivity to the model hosters, this may take a while. To bypass this check, set `PADDLE_PDX_DISABLE_MODEL_SOURCE_CHECK` to `True`.[0m
[32mUsing official model (PP-OCRv6_medium_det), the model files will be automatically downloaded and saved in `/root/.paddlex/official_models/PP-OCRv6_medium_det`.[0m

Fetching 5 files:   0%|          | 0/5 [00:00<?, ?it/s]
Fetching 5 files:  20%|██        | 1/5 [00:00<00:00,  6.56it/s]
Fetching 5 files: 100%|██████████| 5/5 [00:01<00:00,  4.28it/s]
Fetching 5 files: 100%|██████████| 5/5 [00:01<00:00,  4.37it/s]
/content/ocrbench_envs/paddle/lib/python3.13/site-packages/paddle/utils/cpp_extension/extension_utils.py:712: UserWarning: No ccache found. Please be aware that recompiling all source files may be required. You can download and install ccache from: https://github.com/ccache/ccache/blob/master/doc/INSTALL.md
  warnings.warn(warning_message)
[32mCreating model: ('PP-OCRv6_medium_rec', None, None)[0m
[32mUsing official model (PP-OCRv6_medium_rec), the model files will be automatically downloaded and saved in `/root/.paddlex/official_models/PP-OCRv6_medium_rec`.[0m

Fetching 5 files:   0%|          | 0/5 [00:00<?, ?it/s]
Fetching 5 files:  40%|████      | 2/5 [00:00<00:00, 16.97it/s]
Fetching 5 files: 100%|██████████| 5/5 [00:01<00:00,  3.85it/s]
Fetching 5 files: 100%|██████████| 5/5 [00:01<00:00,  4.24it/s]
[paddleocr] track books
  [books] latency page 1/8: 0.2s
  [books] latency page 2/8: 0.2s
  [books] latency page 3/8: 0.2s
  [books] latency page 4/8: 0.2s
  [books] latency page 5/8: 0.2s
  [books] latency page 6/8: 0.2s
  [books] latency page 7/8: 0.2s
  [books] latency page 8/8: 0.2s
  [books] batch of 50 pages...
  [books] 8/50 pages  5.33 p/s
  [books] 16/50 pages  5.39 p/s
  [books] 24/50 pages  4.86 p/s
  [books] 32/50 pages  4.98 p/s
  [books] 40/50 pages  4.95 p/s
  [books] 48/50 pages  4.90 p/s
  [books] 50/50 pages  4.90 p/s
[paddleocr] track docs
  [docs] latency page 1/8: 0.1s
  [docs] latency page 2/8: 0.1s
  [docs] latency page 3/8: 0.1s
  [docs] latency page 4/8: 0.1s
  [docs] latency page 5/8: 0.1s
  [docs] latency page 6/8: 0.1s
  [docs] latency page 7/8: 0.1s
  [docs] latency page 8/8: 0.1s
  [docs] batch of 50 pages...
  [docs] 8/50 pages  16.24 p/s
  [docs] 16/50 pages  15.32 p/s
  [docs] 24/50 pages  14.92 p/s
  [docs] 32/50 pages  14.94 p/s
  [docs] 40/50 pages  14.26 p/s
  [docs] 48/50 pages  14.64 p/s
  [docs] 50/50 pages  14.73 p/s
[paddleocr] track handwriting
  [handwriting] latency page 1/8: 8.8s
  [handwriting] latency page 2/8: 0.4s
  [handwriting] latency page 3/8: 0.0s
  [handwriting] latency page 4/8: 0.0s
  [handwriting] latency page 5/8: 0.0s
  [handwriting] latency page 6/8: 0.0s
  [handwriting] latency page 7/8: 0.0s
  [handwriting] latency page 8/8: 0.0s
  [handwriting] batch of 60 pages...
  [handwriting] 8/60 pages  67.66 p/s
  [handwriting] 16/60 pages  52.28 p/s
  [handwriting] 24/60 pages  51.70 p/s
  [handwriting] 32/60 pages  50.62 p/s
  [handwriting] 40/60 pages  41.01 p/s
  [handwriting] 48/60 pages  43.31 p/s
  [handwriting] 56/60 pages  45.40 p/s
  [handwriting] 60/60 pages  46.35 p/s
[paddleocr] track stress
  [stress] latency page 1/8: 0.2s
  [stress] latency page 2/8: 0.0s
  [stress] latency page 3/8: 0.0s
  [stress] latency page 4/8: 0.2s
  [stress] latency page 5/8: 0.2s
  [stress] latency page 6/8: 0.2s
  [stress] latency page 7/8: 0.2s
  [stress] latency page 8/8: 0.0s
  [stress] batch of 55 pages...
  [stress] 8/55 pages  9.61 p/s
  [stress] 16/55 pages  10.20 p/s
  [stress] 24/55 pages  10.09 p/s
  [stress] 32/55 pages  9.76 p/s
  [stress] 40/55 pages  9.78 p/s
  [stress] 48/55 pages  10.20 p/s
  [stress] 55/55 pages  9.97 p/s
