[tesseract] track books
  [books] latency page 1/8: 4.6s
  [books] latency page 2/8: 5.7s
  [books] latency page 3/8: 3.8s
  [books] latency page 4/8: 5.7s
  [books] latency page 5/8: 6.4s
  [books] latency page 6/8: 3.2s
  [books] latency page 7/8: 2.6s
  [books] latency page 8/8: 3.9s
  [books] batch of 50 pages...
  [books] 24/50 pages  0.95 p/s
  [books] 48/50 pages  0.99 p/s
  [books] 50/50 pages  0.90 p/s
[tesseract] track docs
  [docs] latency page 1/8: 2.6s
  [docs] latency page 2/8: 10.6s
  [docs] latency page 3/8: 1.1s
  [docs] latency page 4/8: 4.3s
  [docs] latency page 5/8: 2.9s
  [docs] latency page 6/8: 4.2s
  [docs] latency page 7/8: 3.7s
  [docs] latency page 8/8: 2.7s
  [docs] batch of 50 pages...
  [docs] 24/50 pages  0.86 p/s
  [docs] 48/50 pages  0.93 p/s
  [docs] 50/50 pages  0.89 p/s
[tesseract] track handwriting
  [handwriting] latency page 1/8: 0.4s
  [handwriting] latency page 2/8: 0.7s
  [handwriting] latency page 3/8: 0.9s
  [handwriting] latency page 4/8: 0.8s
  [handwriting] latency page 5/8: 0.5s
  [handwriting] latency page 6/8: 0.5s
  [handwriting] latency page 7/8: 0.8s
  [handwriting] latency page 8/8: 0.6s
  [handwriting] batch of 60 pages...
  [handwriting] 24/60 pages  10.12 p/s
  [handwriting] 48/60 pages  10.25 p/s
  [handwriting] 60/60 pages  10.35 p/s
[tesseract] track stress
  [stress] latency page 1/8: 2.5s
  [stress] latency page 2/8: 2.3s
  [stress] latency page 3/8: 2.9s
  [stress] latency page 4/8: 2.7s
  [stress] latency page 5/8: 5.5s
  [stress] latency page 6/8: 2.6s
  [stress] latency page 7/8: 1.1s
  [stress] latency page 8/8: 2.0s
  [stress] batch of 55 pages...
  [stress] 24/55 pages  2.07 p/s
  [stress] 48/55 pages  0.34 p/s
  [stress] 55/55 pages  0.38 p/s
