[ocrmypdf] track books
  [books] latency page 1/8: 16.3s
  [books] latency page 2/8: 18.0s
  [books] latency page 3/8: 14.6s
  [books] latency page 4/8: 17.3s
  [books] latency page 5/8: 18.4s
  [books] latency page 6/8: 13.7s
  [books] latency page 7/8: 11.7s
  [books] latency page 8/8: 14.6s
  [books] batch of 50 pages...
  [books] 16/50 pages  0.25 p/s
  [books] 32/50 pages  0.21 p/s
  [books] 48/50 pages  0.20 p/s
  [books] 50/50 pages  0.19 p/s
[ocrmypdf] track docs
  [docs] latency page 1/8: 7.6s
  [docs] latency page 2/8: 15.5s
  [docs] latency page 3/8: 5.9s
  [docs] latency page 4/8: 10.2s
  [docs] latency page 5/8: 9.6s
  [docs] latency page 6/8: 10.9s
  [docs] latency page 7/8: 8.6s
  [docs] latency page 8/8: 8.8s
  [docs] batch of 50 pages...
  [docs] 16/50 pages  0.28 p/s
  [docs] 32/50 pages  0.28 p/s
  [docs] 48/50 pages  0.29 p/s
  [docs] 50/50 pages  0.28 p/s
[ocrmypdf] track handwriting
Traceback (most recent call last):
  File "/content/ocr/ocrbench/worker.py", line 108, in _predict_safely
    preds = engine.predict(paths)
  File "/content/ocr/ocrbench/engines/ocrmypdf_engine.py", line 47, in predict
    return pmap(self._one, image_paths, self.workers)
  File "/content/ocr/ocrbench/engines/_parallel.py", line 14, in pmap
    return [fn(x) for x in items]
            ~~^^^
  File "/content/ocr/ocrbench/engines/ocrmypdf_engine.py", line 39, in _one
    raise RuntimeError(f"ocrmypdf exit {res.returncode}: {res.stderr[-400:]}")
RuntimeError: ocrmypdf exit 7: 
    1 [tesseract] Error during processing.

SubprocessOutputError

  [handwriting] latency page 1/8: 1.1s
  [handwriting] latency page 2/8: 2.7s
  [handwriting] latency page 3/8: 2.7s
  [handwriting] latency page 4/8: 2.9s
  [handwriting] latency page 5/8: 2.6s
  [handwriting] latency page 6/8: 2.6s
  [handwriting] latency page 7/8: 3.0s
  [handwriting] latency page 8/8: 2.6s
  [handwriting] batch of 60 pages...
Traceback (most recent call last):
  File "/content/ocr/ocrbench/worker.py", line 108, in _predict_safely
    preds = engine.predict(paths)
  File "/content/ocr/ocrbench/engines/ocrmypdf_engine.py", line 47, in predict
    return pmap(self._one, image_paths, self.workers)
  File "/content/ocr/ocrbench/engines/_parallel.py", line 14, in pmap
    return [fn(x) for x in items]
            ~~^^^
  File "/content/ocr/ocrbench/engines/ocrmypdf_engine.py", line 39, in _one
    raise RuntimeError(f"ocrmypdf exit {res.returncode}: {res.stderr[-400:]}")
RuntimeError: ocrmypdf exit 7: 
    1 [tesseract] Error during processing.

SubprocessOutputError

  [handwriting] 16/60 pages  0.33 p/s
  [handwriting] 32/60 pages  0.53 p/s
  [handwriting] 48/60 pages  0.69 p/s
  [handwriting] 60/60 pages  0.77 p/s
[ocrmypdf] track stress
  [stress] latency page 1/8: 9.1s
  [stress] latency page 2/8: 5.8s
  [stress] latency page 3/8: 4.7s
  [stress] latency page 4/8: 10.6s
  [stress] latency page 5/8: 18.0s
  [stress] latency page 6/8: 10.3s
  [stress] latency page 7/8: 8.6s
  [stress] latency page 8/8: 6.1s
  [stress] batch of 55 pages...
  [stress] 16/55 pages  0.37 p/s
  [stress] 32/55 pages  0.12 p/s
  [stress] 48/55 pages  0.16 p/s
  [stress] 55/55 pages  0.18 p/s
