[32mCreating model: ('PP-OCRv6_medium_det', None, None)[0m
[33mChecking connectivity to the model hosters, this may take a while. To bypass this check, set `PADDLE_PDX_DISABLE_MODEL_SOURCE_CHECK` to `True`.[0m
[32mUsing official model (PP-OCRv6_medium_det), the model files will be automatically downloaded and saved in `/root/.paddlex/official_models/PP-OCRv6_medium_det`.[0m

Fetching 5 files:   0%|          | 0/5 [00:00<?, ?it/s]
Fetching 5 files:  20%|██        | 1/5 [00:00<00:01,  2.61it/s]
Fetching 5 files:  80%|████████  | 4/5 [00:00<00:00,  9.55it/s]
Fetching 5 files: 100%|██████████| 5/5 [00:01<00:00,  3.83it/s]
/content/ocrbench_envs/paddle/lib/python3.13/site-packages/paddle/utils/cpp_extension/extension_utils.py:712: UserWarning: No ccache found. Please be aware that recompiling all source files may be required. You can download and install ccache from: https://github.com/ccache/ccache/blob/master/doc/INSTALL.md
  warnings.warn(warning_message)
[32mCreating model: ('PP-OCRv6_medium_rec', None, None)[0m
[32mUsing official model (PP-OCRv6_medium_rec), the model files will be automatically downloaded and saved in `/root/.paddlex/official_models/PP-OCRv6_medium_rec`.[0m

Fetching 5 files:   0%|          | 0/5 [00:00<?, ?it/s]
Fetching 5 files:  20%|██        | 1/5 [00:00<00:01,  2.77it/s]
Fetching 5 files:  80%|████████  | 4/5 [00:00<00:00, 10.18it/s]
Fetching 5 files: 100%|██████████| 5/5 [00:01<00:00,  3.93it/s]
[paddleocr] track books
  [books] latency page 1/8: 1.9s
  [books] latency page 2/8: 2.2s
  [books] latency page 3/8: 1.8s
  [books] latency page 4/8: 2.2s
  [books] latency page 5/8: 2.4s
  [books] latency page 6/8: 1.8s
  [books] latency page 7/8: 1.4s
  [books] latency page 8/8: 2.0s
  [books] batch of 50 pages...
  [books] 8/50 pages  0.51 p/s
  [books] 16/50 pages  0.48 p/s
  [books] 24/50 pages  0.43 p/s
  [books] 32/50 pages  0.47 p/s
  [books] 40/50 pages  0.50 p/s
  [books] 48/50 pages  0.51 p/s
  [books] 50/50 pages  0.52 p/s
[paddleocr] track docs
  [docs] latency page 1/8: 1.3s
  [docs] latency page 2/8: 1.4s
  [docs] latency page 3/8: 0.9s
  [docs] latency page 4/8: 2.8s
  [docs] latency page 5/8: 1.5s
  [docs] latency page 6/8: 2.6s
  [docs] latency page 7/8: 1.3s
  [docs] latency page 8/8: 1.4s
  [docs] batch of 50 pages...
  [docs] 8/50 pages  0.60 p/s
  [docs] 16/50 pages  0.37 p/s
  [docs] 24/50 pages  0.35 p/s
  [docs] 32/50 pages  0.36 p/s
  [docs] 40/50 pages  0.41 p/s
  [docs] 48/50 pages  0.42 p/s
  [docs] 50/50 pages  0.42 p/s
[paddleocr] track handwriting
  [handwriting] latency page 1/8: 0.1s
  [handwriting] latency page 2/8: 0.1s
  [handwriting] latency page 3/8: 0.1s
  [handwriting] latency page 4/8: 0.1s
  [handwriting] latency page 5/8: 0.1s
  [handwriting] latency page 6/8: 0.1s
  [handwriting] latency page 7/8: 0.1s
  [handwriting] latency page 8/8: 0.1s
  [handwriting] batch of 60 pages...
  [handwriting] 8/60 pages  14.82 p/s
  [handwriting] 16/60 pages  12.64 p/s
  [handwriting] 24/60 pages  12.40 p/s
  [handwriting] 32/60 pages  12.25 p/s
  [handwriting] 40/60 pages  12.42 p/s
  [handwriting] 48/60 pages  12.57 p/s
  [handwriting] 56/60 pages  12.73 p/s
  [handwriting] 60/60 pages  12.84 p/s
[paddleocr] track stress
  [stress] latency page 1/8: 2.0s
  [stress] latency page 2/8: 1.3s
  [stress] latency page 3/8: 1.3s
  [stress] latency page 4/8: 1.9s
  [stress] latency page 5/8: 2.0s
  [stress] latency page 6/8: 2.1s
  [stress] latency page 7/8: 2.2s
  [stress] latency page 8/8: 1.3s
  [stress] batch of 55 pages...
  [stress] 8/55 pages  0.57 p/s
  [stress] 16/55 pages  0.59 p/s
  [stress] 24/55 pages  0.61 p/s
  [stress] 32/55 pages  0.67 p/s
  [stress] 40/55 pages  0.72 p/s
  [stress] 48/55 pages  0.73 p/s
  [stress] 55/55 pages  0.70 p/s
