Downloading https://doctr-static.mindee.com/models?id=v0.8.1/fast_base-688a8b34.pt&src=0 to /root/.cache/doctr/models/fast_base-688a8b34.pt

  0%|          | 0/65814772 [00:00<?, ?it/s]
 48%|████▊     | 31325184/65814772 [00:00<00:00, 303169614.94it/s]
 99%|█████████▉| 65041408/65814772 [00:00<00:00, 322858712.50it/s]
65815552it [00:00, 319509842.25it/s]                              
Downloading https://doctr-static.mindee.com/models?id=v0.7.0/parseq-56125471.pt&src=0 to /root/.cache/doctr/models/parseq-56125471.pt

  0%|          | 0/95457349 [00:00<?, ?it/s]
 11%|█         | 10486784/95457349 [00:00<00:02, 35588822.92it/s]
 23%|██▎       | 22176768/95457349 [00:00<00:01, 62137883.67it/s]
 36%|███▌      | 33944576/95457349 [00:00<00:00, 79803951.17it/s]
 46%|████▌     | 43851776/95457349 [00:00<00:00, 83106985.41it/s]
 56%|█████▌    | 53388288/95457349 [00:00<00:00, 82454034.74it/s]
 66%|██████▌   | 62915584/95457349 [00:00<00:00, 58143327.06it/s]
 77%|███████▋  | 73401344/95457349 [00:01<00:00, 67565414.05it/s]
 88%|████████▊ | 83887104/95457349 [00:01<00:00, 75162815.75it/s]
 99%|█████████▉| 94372864/95457349 [00:01<00:00, 82532499.98it/s]
95458304it [00:01, 73229812.94it/s]                              
Downloading https://doctr-static.mindee.com/models?id=v0.8.1/mobilenet_v3_small_crop_orientation-f0847a18.pt&src=0 to /root/.cache/doctr/models/mobilenet_v3_small_crop_orientation-f0847a18.pt

  0%|          | 0/6233146 [00:00<?, ?it/s]
6234112it [00:00, 167735352.52it/s]        
Downloading https://doctr-static.mindee.com/models?id=v0.8.1/mobilenet_v3_small_page_orientation-8e60325c.pt&src=0 to /root/.cache/doctr/models/mobilenet_v3_small_page_orientation-8e60325c.pt

  0%|          | 0/6233146 [00:00<?, ?it/s]
6234112it [00:00, 151884992.58it/s]        
[doctr] track books
  [books] latency page 1/8: 5.4s
  [books] latency page 2/8: 6.8s
  [books] latency page 3/8: 4.8s
  [books] latency page 4/8: 7.3s
  [books] latency page 5/8: 8.2s
  [books] latency page 6/8: 4.9s
  [books] latency page 7/8: 2.7s
  [books] latency page 8/8: 5.1s
  [books] batch of 50 pages...
  [books] 8/50 pages  0.17 p/s
  [books] 16/50 pages  0.15 p/s
  [books] 24/50 pages  0.14 p/s
  [books] 32/50 pages  0.16 p/s
  [books] 40/50 pages  0.17 p/s
  [books] 48/50 pages  0.18 p/s
  [books] 50/50 pages  0.19 p/s
[doctr] track docs
  [docs] latency page 1/8: 3.8s
  [docs] latency page 2/8: 4.6s
  [docs] latency page 3/8: 1.4s
  [docs] latency page 4/8: 10.9s
  [docs] latency page 5/8: 5.3s
  [docs] latency page 6/8: 7.3s
  [docs] latency page 7/8: 3.9s
  [docs] latency page 8/8: 4.4s
  [docs] batch of 50 pages...
  [docs] 8/50 pages  0.19 p/s
  [docs] 16/50 pages  0.10 p/s
  [docs] 24/50 pages  0.09 p/s
  [docs] 32/50 pages  0.10 p/s
  [docs] 34/50 pages  0.10 p/s
  [docs] 35/50 pages  0.10 p/s
  [docs] 36/50 pages  0.11 p/s
  [docs] 37/50 pages  0.11 p/s
  [docs] 38/50 pages  0.11 p/s
  [docs] 39/50 pages  0.11 p/s
[doctr] track handwriting
  [handwriting] latency page 1/8: 0.3s
  [handwriting] latency page 2/8: 0.4s
  [handwriting] latency page 3/8: 0.4s
  [handwriting] latency page 4/8: 0.4s
  [handwriting] latency page 5/8: 0.3s
  [handwriting] latency page 6/8: 0.3s
  [handwriting] latency page 7/8: 0.4s
  [handwriting] latency page 8/8: 0.3s
  [handwriting] batch of 60 pages...
  [handwriting] 8/60 pages  3.25 p/s
  [handwriting] 16/60 pages  3.27 p/s
  [handwriting] 24/60 pages  3.26 p/s
  [handwriting] 32/60 pages  3.16 p/s
  [handwriting] 40/60 pages  3.15 p/s
  [handwriting] 48/60 pages  3.07 p/s
  [handwriting] 56/60 pages  3.03 p/s
  [handwriting] 60/60 pages  3.04 p/s
[doctr] track stress
  [stress] latency page 1/8: 5.5s
  [stress] latency page 2/8: 5.2s
  [stress] latency page 3/8: 5.6s
  [stress] latency page 4/8: 5.3s
  [stress] latency page 5/8: 5.7s
  [stress] latency page 6/8: 5.5s
  [stress] latency page 7/8: 5.7s
  [stress] latency page 8/8: 5.4s
  [stress] batch of 55 pages...
  [stress] 8/55 pages  0.18 p/s
  [stress] 16/55 pages  0.18 p/s
  [stress] 24/55 pages  0.20 p/s
  [stress] 32/55 pages  0.24 p/s
  [stress] 40/55 pages  0.28 p/s
  [stress] 48/55 pages  0.28 p/s
  [stress] 55/55 pages  0.27 p/s
[doctr] track docs: resuming at page 40
  [docs] 47/50 pages  0.12 p/s
  [docs] 50/50 pages  0.12 p/s
