... [983 earlier lines trimmed]
Recognizing Text:  80%|████████  | 212/264 [00:19<00:00, 62.13it/s]
Recognizing Text:  83%|████████▎ | 219/264 [00:20<00:02, 15.94it/s]
Recognizing Text:  85%|████████▍ | 224/264 [00:23<00:05,  6.76it/s]
Recognizing Text:  86%|████████▋ | 228/264 [00:24<00:05,  6.59it/s]
Recognizing Text:  88%|████████▊ | 231/264 [00:24<00:04,  7.42it/s]
Recognizing Text:  89%|████████▊ | 234/264 [00:24<00:04,  7.36it/s]
Recognizing Text:  89%|████████▉ | 236/264 [00:24<00:03,  7.93it/s]
Recognizing Text:  92%|█████████▏| 243/264 [00:24<00:01, 12.43it/s]
Recognizing Text:  93%|█████████▎| 246/264 [00:25<00:01, 13.66it/s]
Recognizing Text:  94%|█████████▍| 249/264 [00:25<00:01, 14.99it/s]
Recognizing Text:  97%|█████████▋| 255/264 [00:25<00:00, 20.30it/s]
Recognizing Text:  98%|█████████▊| 260/264 [00:25<00:00, 23.68it/s]
Recognizing Text: 100%|██████████| 264/264 [00:26<00:00, 11.72it/s]
Recognizing Text: 100%|██████████| 264/264 [00:26<00:00, 10.06it/s]
  [books] 32/50 pages  0.21 p/s

Detecting bboxes:   0%|          | 0/1 [00:00<?, ?it/s]
Detecting bboxes: 100%|██████████| 1/1 [00:05<00:00,  5.03s/it]
Detecting bboxes: 100%|██████████| 1/1 [00:05<00:00,  5.03s/it]

Recognizing Text:   0%|          | 0/276 [00:00<?, ?it/s]
Recognizing Text:   0%|          | 1/276 [00:17<1:20:35, 17.58s/it]
Recognizing Text:   1%|          | 2/276 [00:17<33:59,  7.44s/it]  
Recognizing Text:   1%|          | 3/276 [00:19<22:00,  4.84s/it]
Recognizing Text:   2%|▏         | 5/276 [00:20<09:55,  2.20s/it]
Recognizing Text:   2%|▏         | 6/276 [00:20<08:10,  1.81s/it]
Recognizing Text:   3%|▎         | 7/276 [00:21<06:26,  1.44s/it]
Recognizing Text:   3%|▎         | 9/276 [00:22<04:33,  1.02s/it]
Recognizing Text:   4%|▍         | 11/276 [00:23<03:20,  1.32it/s]
Recognizing Text:   4%|▍         | 12/276 [00:23<02:46,  1.59it/s]
Recognizing Text:   5%|▍         | 13/276 [00:23<02:16,  1.92it/s]
Recognizing Text:   6%|▌         | 17/276 [00:23<01:03,  4.07it/s]
Recognizing Text:   7%|▋         | 19/276 [00:23<00:51,  4.99it/s]
Recognizing Text:   8%|▊         | 21/276 [00:24<00:42,  6.02it/s]
Recognizing Text:   9%|▉         | 25/276 [00:24<00:27,  9.06it/s]
Recognizing Text:  10%|█         | 28/276 [00:24<00:23, 10.70it/s]
Recognizing Text:  12%|█▏        | 33/276 [00:24<00:16, 14.84it/s]
Recognizing Text:  18%|█▊        | 50/276 [00:24<00:06, 35.07it/s]
Recognizing Text:  24%|██▍       | 67/276 [00:25<00:05, 35.55it/s]
Recognizing Text:  32%|███▏      | 89/276 [00:25<00:03, 54.04it/s]
Recognizing Text:  39%|███▉      | 108/276 [00:25<00:02, 66.68it/s]
Recognizing Text:  46%|████▌     | 127/276 [00:25<00:01, 77.12it/s]
Recognizing Text:  57%|█████▋    | 156/276 [00:25<00:01, 100.41it/s]
Recognizing Text:  68%|██████▊   | 187/276 [00:26<00:00, 121.82it/s]
Recognizing Text:  76%|███████▌  | 210/276 [00:26<00:00, 125.16it/s]
Recognizing Text:  82%|████████▏ | 225/276 [00:26<00:00, 114.74it/s]
Recognizing Text:  86%|████████▌ | 237/276 [00:26<00:00, 101.91it/s]
Recognizing Text:  90%|████████▉ | 248/276 [00:26<00:00, 90.98it/s] 
Recognizing Text:  93%|█████████▎| 258/276 [00:27<00:00, 63.25it/s]
Recognizing Text:  96%|█████████▋| 266/276 [00:27<00:00, 54.08it/s]
Recognizing Text:  99%|█████████▉| 273/276 [00:28<00:00, 18.98it/s]
Recognizing Text: 100%|██████████| 276/276 [00:36<00:00,  7.65it/s]
  [books] 40/50 pages  0.21 p/s

Detecting bboxes:   0%|          | 0/1 [00:00<?, ?it/s]
Detecting bboxes: 100%|██████████| 1/1 [00:05<00:00,  5.02s/it]
Detecting bboxes: 100%|██████████| 1/1 [00:05<00:00,  5.03s/it]

Recognizing Text:   0%|          | 0/250 [00:00<?, ?it/s]
Recognizing Text:   0%|          | 1/250 [00:17<1:13:22, 17.68s/it]
Recognizing Text:   1%|          | 2/250 [00:17<30:34,  7.40s/it]  
Recognizing Text:   1%|          | 3/250 [00:18<17:17,  4.20s/it]
Recognizing Text:   2%|▏         | 4/250 [00:18<10:44,  2.62s/it]
Recognizing Text:   2%|▏         | 5/250 [00:18<07:07,  1.75s/it]
Recognizing Text:   3%|▎         | 8/250 [00:18<02:55,  1.38it/s]
Recognizing Text:   4%|▎         | 9/250 [00:19<02:26,  1.65it/s]
Recognizing Text:   4%|▍         | 10/250 [00:19<02:01,  1.97it/s]
Recognizing Text:   7%|▋         | 17/250 [00:19<00:43,  5.31it/s]
Recognizing Text:   8%|▊         | 19/250 [00:20<00:49,  4.70it/s]
Recognizing Text:   8%|▊         | 20/250 [00:20<00:54,  4.20it/s]
Recognizing Text:   8%|▊         | 21/250 [00:21<01:15,  3.04it/s]
Recognizing Text:   9%|▉         | 22/250 [00:21<01:09,  3.29it/s]
Recognizing Text:   9%|▉         | 23/250 [00:22<01:32,  2.44it/s]
Recognizing Text:  10%|▉         | 24/250 [00:22<01:21,  2.78it/s]
Recognizing Text:  10%|█         | 25/250 [00:22<01:11,  3.13it/s]
Recognizing Text:  10%|█         | 26/250 [00:23<01:39,  2.25it/s]
Recognizing Text:  11%|█         | 28/250 [00:23<01:05,  3.37it/s]
Recognizing Text:  12%|█▏        | 30/250 [00:24<00:48,  4.51it/s]
Recognizing Text:  13%|█▎        | 33/250 [00:24<00:39,  5.52it/s]
Recognizing Text:  14%|█▍        | 36/250 [00:24<00:29,  7.33it/s]
Recognizing Text:  15%|█▍        | 37/250 [00:25<00:37,  5.63it/s]
Recognizing Text:  15%|█▌        | 38/250 [00:25<00:38,  5.55it/s]
Recognizing Text:  16%|█▋        | 41/250 [00:25<00:27,  7.62it/s]
Recognizing Text:  17%|█▋        | 43/250 [00:25<00:25,  8.23it/s]
Recognizing Text:  18%|█▊        | 44/250 [00:25<00:27,  7.41it/s]
Recognizing Text:  18%|█▊        | 46/250 [00:26<00:24,  8.18it/s]
Recognizing Text:  20%|██        | 50/250 [00:26<00:17, 11.48it/s]
Recognizing Text:  21%|██        | 52/250 [00:26<00:17, 11.01it/s]
Recognizing Text:  22%|██▏       | 54/250 [00:26<00:23,  8.40it/s]
Recognizing Text:  22%|██▏       | 56/250 [00:26<00:21,  8.82it/s]
Recognizing Text:  24%|██▍       | 60/250 [00:27<00:16, 11.74it/s]
Recognizing Text:  26%|██▋       | 66/250 [00:27<00:11, 16.71it/s]
Recognizing Text:  27%|██▋       | 68/250 [00:27<00:12, 14.87it/s]
Recognizing Text:  29%|██▉       | 73/250 [00:27<00:09, 17.87it/s]
Recognizing Text:  32%|███▏      | 81/250 [00:27<00:06, 24.40it/s]
Recognizing Text:  34%|███▍      | 85/250 [00:28<00:07, 23.19it/s]
Recognizing Text:  37%|███▋      | 92/250 [00:28<00:05, 26.74it/s]
Recognizing Text:  42%|████▏     | 106/250 [00:28<00:03, 39.78it/s]
Recognizing Text:  47%|████▋     | 118/250 [00:28<00:02, 46.13it/s]
Recognizing Text:  54%|█████▍    | 135/250 [00:28<00:01, 58.27it/s]
Recognizing Text:  63%|██████▎   | 158/250 [00:29<00:01, 75.75it/s]
Recognizing Text:  74%|███████▍  | 186/250 [00:29<00:00, 86.54it/s]
Recognizing Text:  82%|████████▏ | 206/250 [00:29<00:00, 90.60it/s]
Recognizing Text:  88%|████████▊ | 219/250 [00:29<00:00, 83.78it/s]
Recognizing Text:  91%|█████████ | 228/250 [00:30<00:00, 73.25it/s]
Recognizing Text:  94%|█████████▍| 236/250 [00:30<00:00, 63.93it/s]
Recognizing Text:  97%|█████████▋| 243/250 [00:31<00:00, 22.65it/s]
Recognizing Text:  99%|█████████▉| 248/250 [00:37<00:00,  4.00it/s]
Recognizing Text: 100%|█████████▉| 249/250 [00:49<00:00,  4.00it/s]
Recognizing Text: 100%|██████████| 250/250 [01:00<00:00,  1.20s/it]
Recognizing Text: 100%|██████████| 250/250 [01:00<00:00,  4.12it/s]
  [books] 48/50 pages  0.18 p/s

Detecting bboxes:   0%|          | 0/1 [00:00<?, ?it/s]
Detecting bboxes: 100%|██████████| 1/1 [00:01<00:00,  1.40s/it]
Detecting bboxes: 100%|██████████| 1/1 [00:01<00:00,  1.40s/it]

Recognizing Text:   0%|          | 0/60 [00:00<?, ?it/s]
Recognizing Text:   2%|▏         | 1/60 [00:02<02:41,  2.74s/it]
Recognizing Text:   3%|▎         | 2/60 [00:02<01:09,  1.20s/it]
Recognizing Text:   7%|▋         | 4/60 [00:02<00:27,  2.07it/s]
Recognizing Text:  10%|█         | 6/60 [00:03<00:16,  3.23it/s]
Recognizing Text:  15%|█▌        | 9/60 [00:03<00:08,  5.76it/s]
Recognizing Text:  18%|█▊        | 11/60 [00:03<00:06,  7.34it/s]
Recognizing Text:  22%|██▏       | 13/60 [00:03<00:05,  8.99it/s]
Recognizing Text:  25%|██▌       | 15/60 [00:04<00:06,  6.74it/s]
Recognizing Text:  28%|██▊       | 17/60 [00:04<00:07,  5.95it/s]
Recognizing Text:  32%|███▏      | 19/60 [00:04<00:06,  6.82it/s]
Recognizing Text:  40%|████      | 24/60 [00:04<00:02, 12.20it/s]
Recognizing Text:  53%|█████▎    | 32/60 [00:04<00:01, 22.14it/s]
Recognizing Text:  82%|████████▏ | 49/60 [00:04<00:00, 45.73it/s]
Recognizing Text: 100%|██████████| 60/60 [00:05<00:00, 53.01it/s]
Recognizing Text: 100%|██████████| 60/60 [00:05<00:00, 11.66it/s]
  [books] 50/50 pages  0.19 p/s
[surya] track docs

Detecting bboxes:   0%|          | 0/1 [00:00<?, ?it/s]
Detecting bboxes: 100%|██████████| 1/1 [00:00<00:00,  2.34it/s]
Detecting bboxes: 100%|██████████| 1/1 [00:00<00:00,  2.33it/s]

Recognizing Text:   0%|          | 0/26 [00:00<?, ?it/s]
Recognizing Text:   4%|▍         | 1/26 [00:00<00:15,  1.65it/s]
Recognizing Text:  12%|█▏        | 3/26 [00:00<00:05,  4.59it/s]
Recognizing Text:  15%|█▌        | 4/26 [00:00<00:04,  5.46it/s]
Recognizing Text:  23%|██▎       | 6/26 [00:01<00:02,  6.97it/s]
Recognizing Text:  27%|██▋       | 7/26 [00:02<00:06,  2.75it/s]
Recognizing Text:  35%|███▍      | 9/26 [00:02<00:04,  3.96it/s]
Recognizing Text:  54%|█████▍    | 14/26 [00:02<00:01,  8.78it/s]
Recognizing Text:  69%|██████▉   | 18/26 [00:02<00:00, 12.28it/s]
Recognizing Text:  85%|████████▍ | 22/26 [00:02<00:00, 15.13it/s]
Recognizing Text:  96%|█████████▌| 25/26 [00:02<00:00, 13.32it/s]
Recognizing Text: 100%|██████████| 26/26 [00:03<00:00,  8.62it/s]
  [docs] latency page 1/8: 3.6s

Detecting bboxes:   0%|          | 0/1 [00:00<?, ?it/s]
Detecting bboxes: 100%|██████████| 1/1 [00:00<00:00,  2.28it/s]
Detecting bboxes: 100%|██████████| 1/1 [00:00<00:00,  2.28it/s]

Recognizing Text:   0%|          | 0/39 [00:00<?, ?it/s]
Recognizing Text:   3%|▎         | 1/39 [00:00<00:37,  1.01it/s]
Recognizing Text:   8%|▊         | 3/39 [00:01<00:10,  3.35it/s]
Recognizing Text:  13%|█▎        | 5/39 [00:01<00:06,  5.15it/s]
Recognizing Text:  18%|█▊        | 7/39 [00:01<00:06,  4.90it/s]
Recognizing Text:  23%|██▎       | 9/39 [00:02<00:05,  5.60it/s]
Recognizing Text:  26%|██▌       | 10/39 [00:02<00:05,  4.90it/s]
Recognizing Text:  31%|███       | 12/39 [00:02<00:03,  6.77it/s]
Recognizing Text:  36%|███▌      | 14/39 [00:03<00:05,  4.51it/s]
Recognizing Text:  46%|████▌     | 18/39 [00:03<00:02,  7.83it/s]
Recognizing Text:  64%|██████▍   | 25/39 [00:03<00:00, 15.33it/s]
Recognizing Text:  79%|███████▉  | 31/39 [00:03<00:00, 21.71it/s]
Recognizing Text: 100%|██████████| 39/39 [00:03<00:00, 10.96it/s]
  [docs] latency page 2/8: 4.1s

Detecting bboxes:   0%|          | 0/1 [00:00<?, ?it/s]
Detecting bboxes: 100%|██████████| 1/1 [00:00<00:00,  2.56it/s]
Detecting bboxes: 100%|██████████| 1/1 [00:00<00:00,  2.56it/s]

Recognizing Text:   0%|          | 0/35 [00:00<?, ?it/s]
Recognizing Text:   3%|▎         | 1/35 [00:00<00:19,  1.78it/s]
Recognizing Text:  26%|██▌       | 9/35 [00:00<00:01, 17.56it/s]
Recognizing Text:  40%|████      | 14/35 [00:00<00:00, 24.69it/s]
Recognizing Text:  80%|████████  | 28/35 [00:00<00:00, 46.68it/s]
Recognizing Text: 100%|██████████| 35/35 [00:03<00:00,  6.70it/s]
Recognizing Text: 100%|██████████| 35/35 [00:03<00:00,  8.95it/s]
  [docs] latency page 3/8: 4.4s

Detecting bboxes:   0%|          | 0/1 [00:00<?, ?it/s]
Detecting bboxes: 100%|██████████| 1/1 [00:00<00:00,  2.15it/s]
Detecting bboxes: 100%|██████████| 1/1 [00:00<00:00,  2.15it/s]

Recognizing Text:   0%|          | 0/99 [00:00<?, ?it/s]
Recognizing Text:   1%|          | 1/99 [00:01<03:14,  1.98s/it]
Recognizing Text:   2%|▏         | 2/99 [00:02<01:44,  1.07s/it]
Recognizing Text:   9%|▉         | 9/99 [00:02<00:16,  5.56it/s]
Recognizing Text:  11%|█         | 11/99 [00:02<00:14,  6.07it/s]
Recognizing Text:  14%|█▍        | 14/99 [00:02<00:10,  8.48it/s]
Recognizing Text:  16%|█▌        | 16/99 [00:03<00:10,  7.62it/s]
Recognizing Text:  25%|██▌       | 25/99 [00:03<00:04, 15.78it/s]
Recognizing Text:  28%|██▊       | 28/99 [00:03<00:05, 14.07it/s]
Recognizing Text:  34%|███▍      | 34/99 [00:03<00:03, 19.05it/s]
Recognizing Text:  37%|███▋      | 37/99 [00:04<00:03, 16.07it/s]
Recognizing Text:  40%|████      | 40/99 [00:04<00:03, 15.93it/s]
Recognizing Text:  43%|████▎     | 43/99 [00:04<00:05, 10.60it/s]
Recognizing Text:  54%|█████▎    | 53/99 [00:05<00:02, 19.77it/s]
Recognizing Text:  67%|██████▋   | 66/99 [00:05<00:01, 32.63it/s]
Recognizing Text:  83%|████████▎ | 82/99 [00:05<00:00, 49.03it/s]
Recognizing Text:  95%|█████████▍| 94/99 [00:05<00:00, 56.94it/s]
Recognizing Text: 100%|██████████| 99/99 [00:05<00:00, 17.69it/s]
  [docs] latency page 4/8: 6.3s

Detecting bboxes:   0%|          | 0/1 [00:00<?, ?it/s]
Detecting bboxes: 100%|██████████| 1/1 [00:00<00:00,  2.32it/s]
Detecting bboxes: 100%|██████████| 1/1 [00:00<00:00,  2.32it/s]

Recognizing Text:   0%|          | 0/82 [00:00<?, ?it/s]
Recognizing Text:   1%|          | 1/82 [00:01<01:58,  1.46s/it]
Recognizing Text:   7%|▋         | 6/82 [00:01<00:15,  4.79it/s]
Recognizing Text:  22%|██▏       | 18/82 [00:01<00:03, 16.63it/s]
Recognizing Text:  32%|███▏      | 26/82 [00:01<00:02, 24.07it/s]
Recognizing Text:  44%|████▍     | 36/82 [00:02<00:01, 34.42it/s]
Recognizing Text:  52%|█████▏    | 43/82 [00:02<00:01, 36.61it/s]
Recognizing Text:  60%|█████▉    | 49/82 [00:02<00:01, 27.55it/s]
Recognizing Text:  66%|██████▌   | 54/82 [00:03<00:02, 11.57it/s]
Recognizing Text:  72%|███████▏  | 59/82 [00:03<00:01, 14.19it/s]
Recognizing Text:  77%|███████▋  | 63/82 [00:03<00:01, 16.58it/s]
Recognizing Text:  89%|████████▉ | 73/82 [00:04<00:00, 25.78it/s]
Recognizing Text:  96%|█████████▋| 79/82 [00:04<00:00, 29.71it/s]
Recognizing Text: 100%|██████████| 82/82 [00:04<00:00, 17.42it/s]
  [docs] latency page 5/8: 5.3s

Detecting bboxes:   0%|          | 0/1 [00:00<?, ?it/s]
Detecting bboxes: 100%|██████████| 1/1 [00:00<00:00,  2.20it/s]
Detecting bboxes: 100%|██████████| 1/1 [00:00<00:00,  2.20it/s]

Recognizing Text:   0%|          | 0/53 [00:00<?, ?it/s]
Recognizing Text:   2%|▏         | 1/53 [00:00<00:50,  1.02it/s]
Recognizing Text:  13%|█▎        | 7/53 [00:01<00:08,  5.57it/s]
Recognizing Text:  17%|█▋        | 9/53 [00:01<00:06,  6.66it/s]
Recognizing Text:  19%|█▉        | 10/53 [00:02<00:08,  5.22it/s]
Recognizing Text:  21%|██        | 11/53 [00:02<00:07,  5.58it/s]
Recognizing Text:  26%|██▋       | 14/53 [00:02<00:05,  6.84it/s]
Recognizing Text:  28%|██▊       | 15/53 [00:02<00:07,  5.05it/s]
Recognizing Text:  30%|███       | 16/53 [00:03<00:06,  5.44it/s]
Recognizing Text:  36%|███▌      | 19/53 [00:03<00:06,  4.91it/s]
Recognizing Text:  43%|████▎     | 23/53 [00:03<00:03,  8.15it/s]
Recognizing Text:  57%|█████▋    | 30/53 [00:03<00:01, 15.08it/s]
Recognizing Text:  75%|███████▌  | 40/53 [00:04<00:00, 26.16it/s]
Recognizing Text:  85%|████████▍ | 45/53 [00:04<00:00, 23.10it/s]
Recognizing Text:  96%|█████████▌| 51/53 [00:04<00:00, 27.62it/s]
Recognizing Text: 100%|██████████| 53/53 [00:04<00:00, 11.37it/s]
  [docs] latency page 6/8: 5.3s

Detecting bboxes:   0%|          | 0/1 [00:00<?, ?it/s]
Detecting bboxes: 100%|██████████| 1/1 [00:00<00:00,  2.25it/s]
Detecting bboxes: 100%|██████████| 1/1 [00:00<00:00,  2.25it/s]

Recognizing Text:   0%|          | 0/35 [00:00<?, ?it/s]
Recognizing Text:   3%|▎         | 1/35 [00:00<00:29,  1.16it/s]
Recognizing Text:   9%|▊         | 3/35 [00:01<00:09,  3.43it/s]
Recognizing Text:  14%|█▍        | 5/35 [00:01<00:05,  5.69it/s]
Recognizing Text:  20%|██        | 7/35 [00:01<00:04,  5.81it/s]
Recognizing Text:  23%|██▎       | 8/35 [00:01<00:05,  5.21it/s]
Recognizing Text:  26%|██▌       | 9/35 [00:01<00:04,  5.46it/s]
Recognizing Text:  29%|██▊       | 10/35 [00:02<00:04,  5.89it/s]
Recognizing Text:  34%|███▍      | 12/35 [00:02<00:03,  5.79it/s]
Recognizing Text:  46%|████▌     | 16/35 [00:02<00:01, 10.89it/s]
Recognizing Text:  63%|██████▎   | 22/35 [00:02<00:00, 19.44it/s]
Recognizing Text:  91%|█████████▏| 32/35 [00:02<00:00, 35.48it/s]
Recognizing Text: 100%|██████████| 35/35 [00:02<00:00, 12.09it/s]
  [docs] latency page 7/8: 3.5s

Detecting bboxes:   0%|          | 0/1 [00:00<?, ?it/s]
Detecting bboxes: 100%|██████████| 1/1 [00:00<00:00,  2.32it/s]
Detecting bboxes: 100%|██████████| 1/1 [00:00<00:00,  2.32it/s]

Recognizing Text:   0%|          | 0/40 [00:00<?, ?it/s]
Recognizing Text:   2%|▎         | 1/40 [00:00<00:33,  1.18it/s]
Recognizing Text:   8%|▊         | 3/40 [00:01<00:10,  3.43it/s]
Recognizing Text:  12%|█▎        | 5/40 [00:01<00:06,  5.64it/s]
Recognizing Text:  25%|██▌       | 10/40 [00:01<00:02, 13.02it/s]
Recognizing Text:  38%|███▊      | 15/40 [00:01<00:02,  9.48it/s]
Recognizing Text:  42%|████▎     | 17/40 [00:02<00:02,  9.40it/s]
Recognizing Text:  52%|█████▎    | 21/40 [00:02<00:01, 12.26it/s]
Recognizing Text:  85%|████████▌ | 34/40 [00:02<00:00, 28.27it/s]
Recognizing Text:  98%|█████████▊| 39/40 [00:02<00:00, 20.00it/s]
Recognizing Text: 100%|██████████| 40/40 [00:02<00:00, 13.37it/s]
  [docs] latency page 8/8: 3.6s
  [docs] batch of 50 pages...

Detecting bboxes:   0%|          | 0/1 [00:00<?, ?it/s]
Detecting bboxes: 100%|██████████| 1/1 [00:03<00:00,  3.07s/it]
Detecting bboxes: 100%|██████████| 1/1 [00:03<00:00,  3.07s/it]

Recognizing Text:   0%|          | 0/409 [00:00<?, ?it/s]
Recognizing Text:   0%|          | 1/409 [00:07<52:08,  7.67s/it]
Recognizing Text:   1%|          | 4/409 [00:07<10:13,  1.51s/it]
Recognizing Text:   1%|          | 5/409 [00:08<08:38,  1.28s/it]
Recognizing Text:   1%|▏         | 6/409 [00:08<06:23,  1.05it/s]
Recognizing Text:   2%|▏         | 7/409 [00:08<04:45,  1.41it/s]
Recognizing Text:   2%|▏         | 8/409 [00:09<04:02,  1.66it/s]
Recognizing Text:   2%|▏         | 9/409 [00:09<03:17,  2.03it/s]
Recognizing Text:   2%|▏         | 10/409 [00:09<02:31,  2.63it/s]
Recognizing Text:   3%|▎         | 11/409 [00:09<02:13,  2.97it/s]
Recognizing Text:   3%|▎         | 12/409 [00:09<01:47,  3.70it/s]
Recognizing Text:   3%|▎         | 13/409 [00:10<01:42,  3.87it/s]
Recognizing Text:   3%|▎         | 14/409 [00:10<01:25,  4.64it/s]
Recognizing Text:   4%|▎         | 15/409 [00:10<01:12,  5.41it/s]
Recognizing Text:   4%|▍         | 16/409 [00:10<01:05,  6.04it/s]
Recognizing Text:   4%|▍         | 17/409 [00:10<00:58,  6.69it/s]
Recognizing Text:   5%|▍         | 20/409 [00:10<00:42,  9.21it/s]
Recognizing Text:   5%|▌         | 22/409 [00:10<00:35, 10.94it/s]
Recognizing Text:   6%|▌         | 24/409 [00:11<00:37, 10.14it/s]
Recognizing Text:   6%|▋         | 26/409 [00:11<00:40,  9.54it/s]
Recognizing Text:   7%|▋         | 29/409 [00:11<00:29, 13.00it/s]
Recognizing Text:   8%|▊         | 31/409 [00:11<00:27, 13.81it/s]
Recognizing Text:   8%|▊         | 34/409 [00:11<00:22, 16.89it/s]
Recognizing Text:   9%|▉         | 36/409 [00:11<00:22, 16.94it/s]
Recognizing Text:   9%|▉         | 38/409 [00:12<00:27, 13.48it/s]
Recognizing Text:  10%|█         | 41/409 [00:12<00:22, 16.40it/s]
Recognizing Text:  11%|█         | 44/409 [00:12<00:19, 18.87it/s]
Recognizing Text:  12%|█▏        | 51/409 [00:12<00:11, 29.84it/s]
Recognizing Text:  13%|█▎        | 55/409 [00:13<00:35, 10.08it/s]
Recognizing Text:  15%|█▌        | 63/409 [00:13<00:20, 16.63it/s]
Recognizing Text:  18%|█▊        | 73/409 [00:13<00:12, 26.18it/s]
Recognizing Text:  20%|█▉        | 81/409 [00:13<00:09, 33.20it/s]
Recognizing Text:  22%|██▏       | 91/409 [00:13<00:07, 43.47it/s]
Recognizing Text:  26%|██▌       | 106/409 [00:13<00:04, 61.93it/s]
Recognizing Text:  28%|██▊       | 115/409 [00:14<00:11, 25.26it/s]
Recognizing Text:  30%|██▉       | 122/409 [00:14<00:09, 29.31it/s]
Recognizing Text:  32%|███▏      | 129/409 [00:15<00:08, 33.70it/s]
Recognizing Text:  33%|███▎      | 136/409 [00:15<00:07, 38.18it/s]
Recognizing Text:  35%|███▍      | 143/409 [00:15<00:06, 42.70it/s]
Recognizing Text:  38%|███▊      | 155/409 [00:15<00:04, 55.35it/s]
Recognizing Text:  40%|███▉      | 163/409 [00:15<00:04, 59.27it/s]
Recognizing Text:  43%|████▎     | 175/409 [00:16<00:07, 31.60it/s]
Recognizing Text:  44%|████▍     | 181/409 [00:16<00:06, 34.32it/s]
Recognizing Text:  49%|████▉     | 200/409 [00:16<00:03, 55.76it/s]
Recognizing Text:  53%|█████▎    | 218/409 [00:16<00:02, 74.96it/s]
Recognizing Text:  58%|█████▊    | 239/409 [00:16<00:01, 97.90it/s]
Recognizing Text:  63%|██████▎   | 257/409 [00:16<00:01, 112.21it/s]
Recognizing Text:  66%|██████▋   | 271/409 [00:16<00:01, 113.80it/s]
Recognizing Text:  70%|██████▉   | 285/409 [00:17<00:01, 93.05it/s] 
Recognizing Text:  73%|███████▎  | 297/409 [00:17<00:01, 95.42it/s]
Recognizing Text:  75%|███████▌  | 308/409 [00:17<00:01, 77.27it/s]
Recognizing Text:  78%|███████▊  | 318/409 [00:17<00:01, 65.46it/s]
Recognizing Text:  80%|███████▉  | 326/409 [00:17<00:01, 66.36it/s]
Recognizing Text:  82%|████████▏ | 334/409 [00:18<00:01, 55.18it/s]
Recognizing Text:  84%|████████▍ | 344/409 [00:18<00:01, 62.44it/s]
Recognizing Text:  86%|████████▌ | 352/409 [00:18<00:01, 52.37it/s]
Recognizing Text:  88%|████████▊ | 359/409 [00:18<00:00, 54.42it/s]
Recognizing Text:  89%|████████▉ | 366/409 [00:18<00:00, 45.89it/s]
Recognizing Text:  91%|█████████▏| 374/409 [00:18<00:00, 51.36it/s]
Recognizing Text:  93%|█████████▎| 380/409 [00:18<00:00, 51.82it/s]
Recognizing Text:  94%|█████████▍| 386/409 [00:19<00:00, 42.02it/s]
Recognizing Text:  96%|█████████▌| 391/409 [00:19<00:00, 42.58it/s]
Recognizing Text:  97%|█████████▋| 396/409 [00:19<00:00, 29.24it/s]
Recognizing Text:  98%|█████████▊| 400/409 [00:20<00:00, 19.51it/s]
Recognizing Text:  99%|█████████▊| 403/409 [00:20<00:00, 18.03it/s]
Recognizing Text:  99%|█████████▉| 406/409 [00:20<00:00, 19.44it/s]
Recognizing Text: 100%|██████████| 409/409 [00:23<00:00,  3.63it/s]
Recognizing Text: 100%|██████████| 409/409 [00:23<00:00, 17.46it/s]
  [docs] 8/50 pages  0.29 p/s

Detecting bboxes:   0%|          | 0/1 [00:00<?, ?it/s]
Detecting bboxes: 100%|██████████| 1/1 [00:03<00:00,  3.12s/it]
Detecting bboxes: 100%|██████████| 1/1 [00:03<00:00,  3.12s/it]

Recognizing Text:   0%|          | 0/1172 [00:00<?, ?it/s]
Recognizing Text:   0%|          | 1/1172 [00:08<2:55:32,  8.99s/it]
Recognizing Text:   0%|          | 2/1172 [00:09<1:19:57,  4.10s/it]
Recognizing Text:   0%|          | 3/1172 [00:09<44:26,  2.28s/it]  
Recognizing Text:   0%|          | 4/1172 [00:09<27:43,  1.42s/it]
Recognizing Text:   0%|          | 5/1172 [00:10<18:30,  1.05it/s]
Recognizing Text:   1%|          | 6/1172 [00:10<12:57,  1.50it/s]
Recognizing Text:   1%|          | 7/1172 [00:10<10:08,  1.91it/s]
Recognizing Text:   1%|          | 9/1172 [00:10<05:45,  3.36it/s]
Recognizing Text:   1%|          | 14/1172 [00:10<02:22,  8.14it/s]
Recognizing Text:   2%|▏         | 21/1172 [00:10<01:13, 15.74it/s]
Recognizing Text:   2%|▏         | 25/1172 [00:11<01:20, 14.28it/s]
Recognizing Text:   2%|▏         | 28/1172 [00:11<01:21, 14.03it/s]
Recognizing Text:   3%|▎         | 31/1172 [00:11<01:45, 10.86it/s]
Recognizing Text:   3%|▎         | 33/1172 [00:11<01:49, 10.41it/s]
Recognizing Text:   3%|▎         | 35/1172 [00:12<01:39, 11.47it/s]
Recognizing Text:   3%|▎         | 39/1172 [00:12<01:12, 15.60it/s]
Recognizing Text:   5%|▍         | 54/1172 [00:13<01:22, 13.55it/s]
Recognizing Text:   5%|▌         | 61/1172 [00:13<01:02, 17.88it/s]
Recognizing Text:   7%|▋         | 78/1172 [00:13<00:35, 30.99it/s]
Recognizing Text:   9%|▉         | 103/1172 [00:13<00:19, 55.70it/s]
Recognizing Text:  11%|█         | 125/1172 [00:15<00:42, 24.73it/s]
Recognizing Text:  12%|█▏        | 139/1172 [00:15<00:32, 31.39it/s]
Recognizing Text:  14%|█▎        | 160/1172 [00:15<00:22, 44.88it/s]
Recognizing Text:  15%|█▌        | 181/1172 [00:16<00:36, 27.22it/s]
Recognizing Text:  17%|█▋        | 198/1172 [00:17<00:27, 35.34it/s]
Recognizing Text:  18%|█▊        | 209/1172 [00:17<00:23, 40.62it/s]
Recognizing Text:  19%|█▉        | 220/1172 [00:17<00:26, 35.32it/s]
Recognizing Text:  19%|█▉        | 228/1172 [00:18<00:31, 29.71it/s]
Recognizing Text:  20%|██        | 235/1172 [00:19<01:01, 15.19it/s]
Recognizing Text:  20%|██        | 240/1172 [00:19<01:01, 15.10it/s]
Recognizing Text:  21%|██        | 244/1172 [00:20<01:12, 12.79it/s]
Recognizing Text:  21%|██        | 247/1172 [00:20<01:27, 10.61it/s]
Recognizing Text:  21%|██▏       | 250/1172 [00:21<01:23, 10.98it/s]
Recognizing Text:  22%|██▏       | 252/1172 [00:21<01:26, 10.61it/s]
Recognizing Text:  22%|██▏       | 255/1172 [00:21<01:14, 12.34it/s]
Recognizing Text:  22%|██▏       | 257/1172 [00:21<01:10, 12.98it/s]
Recognizing Text:  22%|██▏       | 259/1172 [00:21<01:27, 10.41it/s]
Recognizing Text:  22%|██▏       | 261/1172 [00:22<01:19, 11.49it/s]
Recognizing Text:  23%|██▎       | 264/1172 [00:22<01:04, 14.06it/s]
Recognizing Text:  23%|██▎       | 266/1172 [00:22<01:01, 14.80it/s]
Recognizing Text:  23%|██▎       | 273/1172 [00:22<00:35, 25.34it/s]
Recognizing Text:  24%|██▍       | 280/1172 [00:22<00:26, 33.99it/s]
Recognizing Text:  24%|██▍       | 285/1172 [00:22<00:30, 29.18it/s]
Recognizing Text:  25%|██▍       | 289/1172 [00:24<01:33,  9.42it/s]
Recognizing Text:  25%|██▍       | 292/1172 [00:24<01:20, 10.98it/s]
Recognizing Text:  25%|██▌       | 295/1172 [00:24<01:16, 11.48it/s]
Recognizing Text:  25%|██▌       | 298/1172 [00:24<01:13, 11.86it/s]
Recognizing Text:  26%|██▌       | 302/1172 [00:24<00:57, 15.15it/s]
Recognizing Text:  26%|██▌       | 306/1172 [00:24<00:47, 18.37it/s]
Recognizing Text:  26%|██▋       | 310/1172 [00:24<00:41, 20.97it/s]
Recognizing Text:  27%|██▋       | 319/1172 [00:25<00:25, 33.00it/s]
Recognizing Text:  28%|██▊       | 329/1172 [00:25<00:18, 45.71it/s]
Recognizing Text:  29%|██▉       | 342/1172 [00:26<00:38, 21.56it/s]
Recognizing Text:  30%|███       | 355/1172 [00:26<00:26, 30.82it/s]
Recognizing Text:  32%|███▏      | 374/1172 [00:26<00:16, 47.63it/s]
Recognizing Text:  33%|███▎      | 390/1172 [00:26<00:12, 61.36it/s]
Recognizing Text:  34%|███▍      | 403/1172 [00:27<00:28, 26.98it/s]
Recognizing Text:  35%|███▌      | 416/1172 [00:27<00:21, 34.58it/s]
Recognizing Text:  37%|███▋      | 429/1172 [00:27<00:17, 43.47it/s]
Recognizing Text:  37%|███▋      | 439/1172 [00:28<00:14, 49.49it/s]
Recognizing Text:  38%|███▊      | 449/1172 [00:28<00:14, 48.21it/s]
Recognizing Text:  39%|███▉      | 457/1172 [00:29<00:35, 20.08it/s]
Recognizing Text:  40%|███▉      | 463/1172 [00:29<00:33, 21.10it/s]
Recognizing Text:  40%|███▉      | 468/1172 [00:29<00:30, 23.42it/s]
Recognizing Text:  40%|████      | 473/1172 [00:29<00:26, 25.91it/s]
Recognizing Text:  41%|████      | 478/1172 [00:30<00:28, 24.45it/s]
Recognizing Text:  41%|████      | 482/1172 [00:30<00:26, 26.04it/s]
Recognizing Text:  42%|████▏     | 488/1172 [00:30<00:26, 26.26it/s]
Recognizing Text:  42%|████▏     | 492/1172 [00:30<00:37, 18.13it/s]
Recognizing Text:  42%|████▏     | 495/1172 [00:31<00:39, 16.95it/s]
Recognizing Text:  42%|████▏     | 498/1172 [00:31<00:42, 16.00it/s]
Recognizing Text:  43%|████▎     | 500/1172 [00:31<00:41, 16.25it/s]
Recognizing Text:  43%|████▎     | 505/1172 [00:31<00:31, 21.45it/s]
Recognizing Text:  43%|████▎     | 508/1172 [00:31<00:29, 22.23it/s]
Recognizing Text:  44%|████▎     | 511/1172 [00:32<01:20,  8.22it/s]
Recognizing Text:  44%|████▍     | 513/1172 [00:32<01:11,  9.26it/s]
Recognizing Text:  44%|████▍     | 517/1172 [00:32<00:51, 12.66it/s]
Recognizing Text:  44%|████▍     | 521/1172 [00:33<00:40, 16.18it/s]
Recognizing Text:  45%|████▍     | 524/1172 [00:33<00:42, 15.27it/s]
Recognizing Text:  45%|████▍     | 527/1172 [00:33<00:37, 17.30it/s]
Recognizing Text:  46%|████▌     | 534/1172 [00:33<00:24, 26.38it/s]
Recognizing Text:  46%|████▌     | 538/1172 [00:33<00:22, 28.28it/s]
Recognizing Text:  46%|████▌     | 542/1172 [00:33<00:20, 30.35it/s]
Recognizing Text:  47%|████▋     | 546/1172 [00:34<00:25, 24.97it/s]
Recognizing Text:  47%|████▋     | 550/1172 [00:34<00:22, 27.63it/s]
Recognizing Text:  47%|████▋     | 554/1172 [00:34<00:21, 29.27it/s]
Recognizing Text:  48%|████▊     | 558/1172 [00:34<00:19, 31.16it/s]
Recognizing Text:  48%|████▊     | 562/1172 [00:35<01:04,  9.53it/s]
Recognizing Text:  48%|████▊     | 566/1172 [00:35<00:49, 12.13it/s]
Recognizing Text:  49%|████▉     | 573/1172 [00:35<00:32, 18.47it/s]
Recognizing Text:  50%|████▉     | 584/1172 [00:35<00:19, 30.47it/s]
Recognizing Text:  50%|█████     | 590/1172 [00:36<00:19, 29.39it/s]
Recognizing Text:  51%|█████     | 598/1172 [00:36<00:15, 36.86it/s]
Recognizing Text:  52%|█████▏    | 605/1172 [00:36<00:13, 42.04it/s]
Recognizing Text:  52%|█████▏    | 611/1172 [00:36<00:12, 44.71it/s]
Recognizing Text:  53%|█████▎    | 620/1172 [00:37<00:34, 15.90it/s]
Recognizing Text:  53%|█████▎    | 625/1172 [00:37<00:29, 18.62it/s]
Recognizing Text:  54%|█████▍    | 634/1172 [00:37<00:20, 25.88it/s]
Recognizing Text:  55%|█████▍    | 640/1172 [00:37<00:17, 29.89it/s]
Recognizing Text:  55%|█████▌    | 647/1172 [00:37<00:14, 35.61it/s]
Recognizing Text:  56%|█████▌    | 654/1172 [00:38<00:13, 39.02it/s]
Recognizing Text:  56%|█████▋    | 660/1172 [00:38<00:12, 41.46it/s]
Recognizing Text:  57%|█████▋    | 666/1172 [00:38<00:11, 44.58it/s]
Recognizing Text:  58%|█████▊    | 674/1172 [00:39<00:30, 16.26it/s]
Recognizing Text:  58%|█████▊    | 678/1172 [00:39<00:27, 17.86it/s]
Recognizing Text:  58%|█████▊    | 684/1172 [00:39<00:22, 22.13it/s]
Recognizing Text:  59%|█████▉    | 689/1172 [00:39<00:18, 25.50it/s]
Recognizing Text:  59%|█████▉    | 694/1172 [00:39<00:16, 28.80it/s]
Recognizing Text:  60%|█████▉    | 700/1172 [00:40<00:13, 33.85it/s]
Recognizing Text:  61%|██████    | 712/1172 [00:40<00:09, 49.75it/s]
Recognizing Text:  61%|██████▏   | 719/1172 [00:40<00:08, 52.98it/s]
Recognizing Text:  62%|██████▏   | 726/1172 [00:40<00:08, 53.57it/s]
Recognizing Text:  63%|██████▎   | 733/1172 [00:41<00:25, 17.03it/s]
Recognizing Text:  63%|██████▎   | 738/1172 [00:41<00:24, 18.06it/s]
Recognizing Text:  63%|██████▎   | 744/1172 [00:41<00:19, 22.19it/s]
Recognizing Text:  64%|██████▍   | 750/1172 [00:41<00:15, 26.55it/s]
Recognizing Text:  64%|██████▍   | 755/1172 [00:42<00:14, 29.32it/s]
Recognizing Text:  65%|██████▍   | 760/1172 [00:42<00:12, 32.56it/s]
Recognizing Text:  65%|██████▌   | 765/1172 [00:42<00:14, 28.94it/s]
Recognizing Text:  66%|██████▌   | 769/1172 [00:42<00:13, 30.13it/s]
Recognizing Text:  66%|██████▌   | 773/1172 [00:42<00:21, 18.74it/s]
Recognizing Text:  66%|██████▌   | 776/1172 [00:43<00:19, 19.99it/s]
Recognizing Text:  66%|██████▋   | 779/1172 [00:43<00:18, 21.29it/s]
Recognizing Text:  67%|██████▋   | 782/1172 [00:43<00:17, 22.56it/s]
Recognizing Text:  67%|██████▋   | 787/1172 [00:44<00:37, 10.16it/s]
Recognizing Text:  68%|██████▊   | 797/1172 [00:44<00:20, 18.74it/s]
Recognizing Text:  69%|██████▊   | 805/1172 [00:44<00:14, 25.79it/s]
Recognizing Text:  70%|██████▉   | 820/1172 [00:44<00:08, 43.11it/s]
Recognizing Text:  71%|███████   | 828/1172 [00:44<00:07, 48.16it/s]
Recognizing Text:  71%|███████▏  | 836/1172 [00:44<00:06, 53.25it/s]
Recognizing Text:  72%|███████▏  | 844/1172 [00:45<00:14, 22.11it/s]
Recognizing Text:  73%|███████▎  | 850/1172 [00:45<00:12, 25.72it/s]
Recognizing Text:  73%|███████▎  | 856/1172 [00:45<00:10, 29.55it/s]
Recognizing Text:  74%|███████▎  | 863/1172 [00:46<00:08, 34.97it/s]
Recognizing Text:  75%|███████▌  | 879/1172 [00:46<00:05, 55.45it/s]
Recognizing Text:  76%|███████▌  | 888/1172 [00:46<00:04, 60.65it/s]
Recognizing Text:  77%|███████▋  | 903/1172 [00:47<00:09, 28.33it/s]
Recognizing Text:  78%|███████▊  | 919/1172 [00:47<00:06, 40.67it/s]
Recognizing Text:  80%|███████▉  | 936/1172 [00:47<00:04, 55.64it/s]
Recognizing Text:  83%|████████▎ | 971/1172 [00:47<00:02, 75.54it/s]
Recognizing Text:  85%|████████▌ | 1000/1172 [00:47<00:01, 103.69it/s]
Recognizing Text:  87%|████████▋ | 1016/1172 [00:47<00:01, 110.99it/s]
Recognizing Text:  89%|████████▉ | 1045/1172 [00:48<00:00, 141.43it/s]
Recognizing Text:  91%|█████████ | 1065/1172 [00:48<00:00, 150.49it/s]
Recognizing Text:  92%|█████████▏| 1084/1172 [00:48<00:00, 155.09it/s]
Recognizing Text:  94%|█████████▍| 1102/1172 [00:48<00:00, 125.98it/s]
Recognizing Text:  95%|█████████▌| 1118/1172 [00:48<00:00, 130.53it/s]
Recognizing Text:  97%|█████████▋| 1133/1172 [00:48<00:00, 89.36it/s] 
Recognizing Text:  98%|█████████▊| 1145/1172 [00:49<00:00, 58.03it/s]
Recognizing Text:  99%|█████████▊| 1155/1172 [00:50<00:00, 28.92it/s]
Recognizing Text:  99%|█████████▉| 1162/1172 [00:50<00:00, 25.47it/s]
Recognizing Text: 100%|█████████▉| 1168/1172 [00:51<00:00, 25.35it/s]
Recognizing Text: 100%|██████████| 1172/1172 [00:52<00:00, 22.44it/s]
  [docs] 16/50 pages  0.18 p/s

Detecting bboxes:   0%|          | 0/1 [00:00<?, ?it/s]
Detecting bboxes: 100%|██████████| 1/1 [00:02<00:00,  2.92s/it]
Detecting bboxes: 100%|██████████| 1/1 [00:02<00:00,  2.92s/it]

Recognizing Text:   0%|          | 0/1195 [00:00<?, ?it/s]
Recognizing Text:   0%|          | 1/1195 [00:07<2:25:24,  7.31s/it]
Recognizing Text:   0%|          | 2/1195 [00:08<1:14:35,  3.75s/it]
Recognizing Text:   0%|          | 3/1195 [00:08<42:48,  2.15s/it]  
Recognizing Text:   0%|          | 4/1195 [00:09<27:54,  1.41s/it]
Recognizing Text:   0%|          | 5/1195 [00:09<23:15,  1.17s/it]
Recognizing Text:   1%|          | 6/1195 [00:10<20:29,  1.03s/it]
Recognizing Text:   1%|          | 7/1195 [00:10<15:25,  1.28it/s]
Recognizing Text:   1%|          | 8/1195 [00:11<13:43,  1.44it/s]
Recognizing Text:   1%|          | 9/1195 [00:11<10:15,  1.93it/s]
Recognizing Text:   1%|          | 10/1195 [00:11<07:52,  2.51it/s]
Recognizing Text:   1%|          | 11/1195 [00:11<06:13,  3.17it/s]
Recognizing Text:   1%|▏         | 15/1195 [00:11<02:40,  7.37it/s]
Recognizing Text:   1%|▏         | 17/1195 [00:12<02:13,  8.85it/s]
Recognizing Text:   2%|▏         | 24/1195 [00:12<01:04, 18.10it/s]
Recognizing Text:   3%|▎         | 30/1195 [00:12<00:47, 24.56it/s]
Recognizing Text:   3%|▎         | 36/1195 [00:12<00:38, 30.08it/s]
Recognizing Text:   4%|▍         | 47/1195 [00:12<00:25, 44.34it/s]
Recognizing Text:   5%|▌         | 62/1195 [00:13<01:02, 18.09it/s]
Recognizing Text:   7%|▋         | 79/1195 [00:13<00:38, 29.29it/s]
Recognizing Text:   8%|▊         | 92/1195 [00:14<00:28, 38.12it/s]
Recognizing Text:   8%|▊         | 100/1195 [00:14<00:26, 41.66it/s]
Recognizing Text:   9%|▉         | 108/1195 [00:14<00:24, 45.18it/s]
Recognizing Text:  10%|▉         | 115/1195 [00:15<01:04, 16.87it/s]
Recognizing Text:  10%|█         | 121/1195 [00:16<01:15, 14.27it/s]
Recognizing Text:  10%|█         | 125/1195 [00:16<01:16, 13.99it/s]
Recognizing Text:  11%|█         | 129/1195 [00:16<01:14, 14.25it/s]
Recognizing Text:  11%|█         | 134/1195 [00:17<01:02, 17.10it/s]
Recognizing Text:  12%|█▏        | 139/1195 [00:17<00:52, 20.13it/s]
Recognizing Text:  12%|█▏        | 143/1195 [00:17<00:47, 21.98it/s]
Recognizing Text:  12%|█▏        | 147/1195 [00:17<00:44, 23.77it/s]
Recognizing Text:  13%|█▎        | 155/1195 [00:17<00:32, 31.95it/s]
Recognizing Text:  14%|█▎        | 164/1195 [00:17<00:25, 40.53it/s]
Recognizing Text:  14%|█▍        | 173/1195 [00:18<01:09, 14.80it/s]
Recognizing Text:  16%|█▌        | 188/1195 [00:19<00:40, 24.87it/s]
Recognizing Text:  17%|█▋        | 198/1195 [00:19<00:31, 31.42it/s]
Recognizing Text:  18%|█▊        | 210/1195 [00:19<00:24, 40.63it/s]
Recognizing Text:  18%|█▊        | 220/1195 [00:19<00:20, 47.19it/s]
Recognizing Text:  19%|█▉        | 228/1195 [00:20<00:51, 18.71it/s]
Recognizing Text:  20%|█▉        | 234/1195 [00:20<00:45, 21.33it/s]
Recognizing Text:  20%|██        | 240/1195 [00:21<00:48, 19.54it/s]
Recognizing Text:  21%|██        | 245/1195 [00:22<01:48,  8.78it/s]
Recognizing Text:  21%|██        | 248/1195 [00:23<01:37,  9.75it/s]
Recognizing Text:  21%|██        | 251/1195 [00:23<01:34, 10.03it/s]
Recognizing Text:  21%|██▏       | 254/1195 [00:23<01:31, 10.28it/s]
Recognizing Text:  21%|██▏       | 256/1195 [00:23<01:26, 10.87it/s]
Recognizing Text:  22%|██▏       | 259/1195 [00:23<01:14, 12.61it/s]
Recognizing Text:  22%|██▏       | 265/1195 [00:23<00:51, 18.22it/s]
Recognizing Text:  22%|██▏       | 268/1195 [00:24<00:48, 19.16it/s]
Recognizing Text:  23%|██▎       | 278/1195 [00:25<01:21, 11.25it/s]
Recognizing Text:  24%|██▎       | 282/1195 [00:25<01:09, 13.15it/s]
Recognizing Text:  24%|██▍       | 285/1195 [00:25<01:03, 14.35it/s]
Recognizing Text:  24%|██▍       | 290/1195 [00:25<00:50, 17.90it/s]
Recognizing Text:  25%|██▍       | 293/1195 [00:25<00:47, 18.89it/s]
Recognizing Text:  25%|██▌       | 303/1195 [00:25<00:29, 30.62it/s]
Recognizing Text:  26%|██▌       | 308/1195 [00:26<00:27, 32.13it/s]
Recognizing Text:  26%|██▋       | 315/1195 [00:26<00:24, 35.60it/s]
Recognizing Text:  27%|██▋       | 325/1195 [00:26<00:19, 45.41it/s]
Recognizing Text:  28%|██▊       | 331/1195 [00:27<00:55, 15.68it/s]
Recognizing Text:  28%|██▊       | 335/1195 [00:27<00:49, 17.40it/s]
Recognizing Text:  28%|██▊       | 339/1195 [00:27<00:44, 19.26it/s]
Recognizing Text:  29%|██▊       | 343/1195 [00:27<00:40, 21.15it/s]
Recognizing Text:  29%|██▉       | 347/1195 [00:27<00:38, 22.28it/s]
Recognizing Text:  29%|██▉       | 351/1195 [00:28<00:35, 23.96it/s]
Recognizing Text:  30%|███       | 361/1195 [00:28<00:23, 35.83it/s]
Recognizing Text:  31%|███       | 368/1195 [00:28<00:20, 39.96it/s]
Recognizing Text:  31%|███       | 373/1195 [00:28<00:31, 26.37it/s]
Recognizing Text:  32%|███▏      | 378/1195 [00:28<00:28, 28.65it/s]
Recognizing Text:  32%|███▏      | 382/1195 [00:29<00:27, 29.07it/s]
Recognizing Text:  33%|███▎      | 389/1195 [00:29<00:56, 14.23it/s]
Recognizing Text:  33%|███▎      | 392/1195 [00:30<00:53, 15.03it/s]
Recognizing Text:  33%|███▎      | 396/1195 [00:30<00:46, 17.28it/s]
Recognizing Text:  34%|███▎      | 403/1195 [00:30<00:33, 23.45it/s]
Recognizing Text:  34%|███▍      | 408/1195 [00:30<00:29, 26.44it/s]
Recognizing Text:  35%|███▍      | 417/1195 [00:30<00:21, 35.90it/s]
Recognizing Text:  36%|███▌      | 425/1195 [00:30<00:18, 41.94it/s]
Recognizing Text:  37%|███▋      | 439/1195 [00:30<00:12, 58.78it/s]
Recognizing Text:  38%|███▊      | 449/1195 [00:31<00:33, 22.01it/s]
Recognizing Text:  38%|███▊      | 459/1195 [00:32<00:26, 28.27it/s]
Recognizing Text:  39%|███▉      | 468/1195 [00:32<00:21, 34.12it/s]
Recognizing Text:  40%|███▉      | 475/1195 [00:32<00:19, 37.33it/s]
Recognizing Text:  40%|████      | 481/1195 [00:32<00:18, 38.91it/s]
Recognizing Text:  41%|████      | 487/1195 [00:32<00:21, 32.22it/s]
Recognizing Text:  41%|████      | 492/1195 [00:33<00:25, 27.99it/s]
Recognizing Text:  42%|████▏     | 496/1195 [00:33<00:29, 23.82it/s]
Recognizing Text:  42%|████▏     | 500/1195 [00:33<00:27, 25.17it/s]
Recognizing Text:  42%|████▏     | 504/1195 [00:34<01:00, 11.47it/s]
Recognizing Text:  42%|████▏     | 507/1195 [00:34<00:53, 12.83it/s]
Recognizing Text:  43%|████▎     | 511/1195 [00:34<00:44, 15.43it/s]
Recognizing Text:  43%|████▎     | 514/1195 [00:34<00:40, 16.78it/s]
Recognizing Text:  43%|████▎     | 517/1195 [00:34<00:37, 18.03it/s]
Recognizing Text:  44%|████▎     | 520/1195 [00:35<00:51, 13.23it/s]
Recognizing Text:  44%|████▎     | 522/1195 [00:35<00:49, 13.63it/s]
Recognizing Text:  44%|████▍     | 525/1195 [00:35<00:42, 15.72it/s]
Recognizing Text:  44%|████▍     | 528/1195 [00:35<00:38, 17.19it/s]
Recognizing Text:  44%|████▍     | 531/1195 [00:35<00:35, 18.70it/s]
Recognizing Text:  45%|████▍     | 534/1195 [00:35<00:32, 20.04it/s]
Recognizing Text:  46%|████▌     | 545/1195 [00:36<00:17, 37.48it/s]
Recognizing Text:  47%|████▋     | 560/1195 [00:37<00:30, 20.68it/s]
Recognizing Text:  48%|████▊     | 577/1195 [00:37<00:18, 34.13it/s]
Recognizing Text:  50%|████▉     | 594/1195 [00:37<00:12, 48.52it/s]
Recognizing Text:  51%|█████     | 606/1195 [00:37<00:10, 56.41it/s]
Recognizing Text:  52%|█████▏    | 619/1195 [00:38<00:20, 27.65it/s]
Recognizing Text:  52%|█████▏    | 627/1195 [00:38<00:18, 31.34it/s]
Recognizing Text:  54%|█████▎    | 640/1195 [00:38<00:13, 39.92it/s]
Recognizing Text:  54%|█████▍    | 648/1195 [00:38<00:12, 43.21it/s]
Recognizing Text:  56%|█████▌    | 665/1195 [00:38<00:08, 59.11it/s]
Recognizing Text:  57%|█████▋    | 678/1195 [00:39<00:18, 28.70it/s]
Recognizing Text:  58%|█████▊    | 688/1195 [00:40<00:14, 34.06it/s]
Recognizing Text:  58%|█████▊    | 695/1195 [00:40<00:15, 32.41it/s]
Recognizing Text:  59%|█████▊    | 701/1195 [00:40<00:21, 23.41it/s]
Recognizing Text:  59%|█████▉    | 709/1195 [00:41<00:17, 28.18it/s]
Recognizing Text:  60%|█████▉    | 716/1195 [00:41<00:14, 32.18it/s]
Recognizing Text:  61%|██████    | 725/1195 [00:41<00:12, 38.86it/s]
Recognizing Text:  62%|██████▏   | 735/1195 [00:42<00:22, 20.48it/s]
Recognizing Text:  62%|██████▏   | 745/1195 [00:42<00:16, 26.87it/s]
Recognizing Text:  63%|██████▎   | 751/1195 [00:42<00:15, 29.50it/s]
Recognizing Text:  63%|██████▎   | 757/1195 [00:42<00:13, 32.20it/s]
Recognizing Text:  64%|██████▍   | 762/1195 [00:43<00:20, 21.45it/s]
Recognizing Text:  64%|██████▍   | 767/1195 [00:43<00:18, 23.60it/s]
Recognizing Text:  65%|██████▍   | 771/1195 [00:43<00:20, 21.11it/s]
Recognizing Text:  65%|██████▌   | 778/1195 [00:43<00:15, 26.92it/s]
Recognizing Text:  67%|██████▋   | 796/1195 [00:44<00:18, 21.36it/s]
Recognizing Text:  68%|██████▊   | 807/1195 [00:44<00:13, 28.35it/s]
Recognizing Text:  70%|██████▉   | 832/1195 [00:44<00:07, 50.80it/s]
Recognizing Text:  71%|███████   | 851/1195 [00:45<00:10, 33.69it/s]
Recognizing Text:  73%|███████▎  | 876/1195 [00:45<00:06, 50.52it/s]
Recognizing Text:  74%|███████▍  | 890/1195 [00:46<00:05, 58.03it/s]
Recognizing Text:  76%|███████▌  | 903/1195 [00:46<00:08, 34.92it/s]
Recognizing Text:  77%|███████▋  | 918/1195 [00:46<00:06, 43.67it/s]
Recognizing Text:  78%|███████▊  | 930/1195 [00:47<00:05, 50.45it/s]
Recognizing Text:  79%|███████▉  | 944/1195 [00:47<00:04, 59.77it/s]
Recognizing Text:  81%|████████▏ | 973/1195 [00:47<00:04, 52.67it/s]
Recognizing Text:  84%|████████▍ | 1006/1195 [00:48<00:02, 80.13it/s]
Recognizing Text:  87%|████████▋ | 1034/1195 [00:48<00:01, 102.60it/s]
Recognizing Text:  90%|████████▉ | 1072/1195 [00:48<00:00, 138.71it/s]
Recognizing Text:  91%|█████████▏| 1093/1195 [00:48<00:00, 144.55it/s]
Recognizing Text:  93%|█████████▎| 1114/1195 [00:48<00:00, 149.74it/s]
Recognizing Text:  95%|█████████▍| 1133/1195 [00:48<00:00, 150.23it/s]
Recognizing Text:  96%|█████████▋| 1151/1195 [00:48<00:00, 118.67it/s]
Recognizing Text:  98%|█████████▊| 1166/1195 [00:49<00:00, 96.89it/s] 
Recognizing Text:  99%|█████████▊| 1178/1195 [00:49<00:00, 68.53it/s]
Recognizing Text:  99%|█████████▉| 1188/1195 [00:49<00:00, 60.36it/s]
Recognizing Text: 100%|██████████| 1195/1195 [00:53<00:00, 22.53it/s]
  [docs] 24/50 pages  0.16 p/s

Detecting bboxes:   0%|          | 0/1 [00:00<?, ?it/s]
Detecting bboxes: 100%|██████████| 1/1 [00:03<00:00,  3.15s/it]
Detecting bboxes: 100%|██████████| 1/1 [00:03<00:00,  3.15s/it]

Recognizing Text:   0%|          | 0/790 [00:00<?, ?it/s]
Recognizing Text:   0%|          | 1/790 [00:18<4:02:47, 18.46s/it]
Recognizing Text:   0%|          | 2/790 [00:19<1:47:05,  8.15s/it]
Recognizing Text:   0%|          | 3/790 [00:19<59:30,  4.54s/it]  
Recognizing Text:   1%|          | 4/790 [00:20<39:37,  3.02s/it]
Recognizing Text:   1%|          | 5/790 [00:20<26:25,  2.02s/it]
Recognizing Text:   1%|          | 6/790 [00:21<22:38,  1.73s/it]
Recognizing Text:   1%|          | 8/790 [00:21<12:12,  1.07it/s]
Recognizing Text:   1%|▏         | 10/790 [00:22<07:46,  1.67it/s]
Recognizing Text:   1%|▏         | 11/790 [00:22<07:23,  1.75it/s]
Recognizing Text:   2%|▏         | 12/790 [00:22<06:19,  2.05it/s]
Recognizing Text:   2%|▏         | 13/790 [00:23<05:29,  2.36it/s]
Recognizing Text:   2%|▏         | 14/790 [00:23<04:49,  2.68it/s]
Recognizing Text:   2%|▏         | 17/790 [00:23<02:45,  4.66it/s]
Recognizing Text:   3%|▎         | 20/790 [00:23<01:59,  6.43it/s]
Recognizing Text:   3%|▎         | 23/790 [00:24<01:37,  7.90it/s]
Recognizing Text:   4%|▎         | 29/790 [00:24<01:01, 12.35it/s]
Recognizing Text:   4%|▍         | 33/790 [00:24<00:55, 13.57it/s]
Recognizing Text:   4%|▍         | 35/790 [00:25<01:19,  9.51it/s]
Recognizing Text:   5%|▍         | 37/790 [00:25<01:21,  9.27it/s]
Recognizing Text:   5%|▍         | 39/790 [00:25<01:22,  9.07it/s]
Recognizing Text:   5%|▌         | 43/790 [00:26<01:25,  8.77it/s]
Recognizing Text:   6%|▌         | 49/790 [00:26<00:58, 12.59it/s]
Recognizing Text:   7%|▋         | 53/790 [00:27<01:54,  6.42it/s]
Recognizing Text:   8%|▊         | 62/790 [00:27<01:06, 10.93it/s]
Recognizing Text:   9%|▉         | 72/790 [00:28<00:44, 16.18it/s]
Recognizing Text:  10%|▉         | 78/790 [00:28<00:39, 17.92it/s]
Recognizing Text:  11%|█▏        | 90/790 [00:28<00:27, 25.03it/s]
Recognizing Text:  13%|█▎        | 102/790 [00:28<00:22, 31.14it/s]
Recognizing Text:  16%|█▌        | 123/790 [00:30<00:35, 18.93it/s]
Recognizing Text:  18%|█▊        | 144/790 [00:30<00:23, 28.06it/s]
Recognizing Text:  21%|██        | 164/790 [00:30<00:16, 36.90it/s]
Recognizing Text:  23%|██▎       | 178/790 [00:31<00:23, 25.50it/s]
Recognizing Text:  24%|██▎       | 187/790 [00:32<00:22, 27.26it/s]
Recognizing Text:  25%|██▍       | 194/790 [00:32<00:21, 27.60it/s]
Recognizing Text:  25%|██▌       | 199/790 [00:32<00:22, 26.44it/s]
Recognizing Text:  26%|██▌       | 203/790 [00:32<00:23, 24.47it/s]
Recognizing Text:  27%|██▋       | 214/790 [00:32<00:19, 29.64it/s]
Recognizing Text:  28%|██▊       | 222/790 [00:33<00:18, 30.82it/s]
Recognizing Text:  29%|██▊       | 227/790 [00:33<00:20, 28.13it/s]
Recognizing Text:  29%|██▉       | 231/790 [00:33<00:22, 25.12it/s]
Recognizing Text:  30%|██▉       | 234/790 [00:34<00:51, 10.77it/s]
Recognizing Text:  30%|██▉       | 236/790 [00:36<01:38,  5.64it/s]
Recognizing Text:  30%|███       | 238/790 [00:36<01:53,  4.85it/s]
Recognizing Text:  30%|███       | 240/790 [00:37<02:08,  4.29it/s]
Recognizing Text:  31%|███       | 241/790 [00:37<02:08,  4.29it/s]
Recognizing Text:  31%|███       | 242/790 [00:38<02:07,  4.29it/s]
Recognizing Text:  31%|███       | 244/790 [00:38<01:48,  5.04it/s]
Recognizing Text:  31%|███       | 245/790 [00:38<01:51,  4.87it/s]
Recognizing Text:  31%|███       | 246/790 [00:39<02:19,  3.90it/s]
Recognizing Text:  31%|███▏      | 248/790 [00:39<01:51,  4.86it/s]
Recognizing Text:  32%|███▏      | 251/790 [00:39<01:39,  5.44it/s]
Recognizing Text:  32%|███▏      | 253/790 [00:39<01:28,  6.09it/s]
Recognizing Text:  32%|███▏      | 254/790 [00:40<01:34,  5.66it/s]
Recognizing Text:  32%|███▏      | 256/790 [00:40<01:23,  6.40it/s]
Recognizing Text:  33%|███▎      | 259/790 [00:40<01:05,  8.08it/s]
Recognizing Text:  34%|███▎      | 265/790 [00:40<00:40, 12.89it/s]
Recognizing Text:  34%|███▍      | 270/790 [00:41<00:34, 15.27it/s]
Recognizing Text:  34%|███▍      | 272/790 [00:41<00:38, 13.40it/s]
Recognizing Text:  35%|███▍      | 274/790 [00:41<00:43, 11.99it/s]
Recognizing Text:  35%|███▌      | 277/790 [00:41<00:41, 12.26it/s]
Recognizing Text:  35%|███▌      | 279/790 [00:42<00:46, 11.09it/s]
Recognizing Text:  36%|███▌      | 281/790 [00:42<00:49, 10.35it/s]
Recognizing Text:  36%|███▌      | 283/790 [00:42<00:51,  9.92it/s]
Recognizing Text:  36%|███▌      | 284/790 [00:43<02:34,  3.27it/s]
Recognizing Text:  36%|███▌      | 285/790 [00:44<03:32,  2.38it/s]
Recognizing Text:  36%|███▌      | 286/790 [00:46<05:17,  1.59it/s]
Recognizing Text:  36%|███▋      | 287/790 [00:46<04:57,  1.69it/s]
Recognizing Text:  37%|███▋      | 292/790 [00:46<02:06,  3.93it/s]
Recognizing Text:  38%|███▊      | 300/790 [00:47<01:01,  7.99it/s]
Recognizing Text:  38%|███▊      | 302/790 [00:47<01:00,  8.06it/s]
Recognizing Text:  39%|███▊      | 306/790 [00:47<00:49,  9.82it/s]
Recognizing Text:  39%|███▉      | 311/790 [00:47<00:40, 11.95it/s]
Recognizing Text:  40%|███▉      | 315/790 [00:48<00:36, 13.01it/s]
Recognizing Text:  41%|████      | 324/790 [00:48<00:24, 19.23it/s]
Recognizing Text:  42%|████▏     | 331/790 [00:48<00:20, 22.06it/s]
Recognizing Text:  43%|████▎     | 336/790 [00:49<00:39, 11.56it/s]
Recognizing Text:  43%|████▎     | 340/790 [00:49<00:36, 12.49it/s]
Recognizing Text:  44%|████▍     | 348/790 [00:50<00:26, 16.71it/s]
Recognizing Text:  45%|████▍     | 353/790 [00:50<00:24, 17.76it/s]
Recognizing Text:  45%|████▌     | 357/790 [00:50<00:24, 17.59it/s]
Recognizing Text:  46%|████▌     | 360/790 [00:50<00:27, 15.87it/s]
Recognizing Text:  46%|████▌     | 362/790 [00:51<00:30, 13.94it/s]
Recognizing Text:  47%|████▋     | 368/790 [00:51<00:24, 17.09it/s]
Recognizing Text:  47%|████▋     | 373/790 [00:51<00:22, 18.26it/s]
Recognizing Text:  47%|████▋     | 375/790 [00:51<00:27, 15.22it/s]
Recognizing Text:  48%|████▊     | 383/790 [00:52<00:19, 20.58it/s]
Recognizing Text:  50%|████▉     | 392/790 [00:53<00:31, 12.68it/s]
Recognizing Text:  51%|█████     | 403/790 [00:53<00:20, 18.47it/s]
Recognizing Text:  52%|█████▏    | 412/790 [00:53<00:16, 22.42it/s]
Recognizing Text:  53%|█████▎    | 422/790 [00:53<00:13, 26.88it/s]
Recognizing Text:  54%|█████▍    | 429/790 [00:54<00:13, 27.58it/s]
Recognizing Text:  55%|█████▌    | 438/790 [00:54<00:11, 30.43it/s]
Recognizing Text:  57%|█████▋    | 450/790 [00:55<00:18, 18.60it/s]
Recognizing Text:  59%|█████▊    | 463/790 [00:55<00:13, 24.64it/s]
Recognizing Text:  60%|██████    | 474/790 [00:55<00:10, 29.05it/s]
Recognizing Text:  62%|██████▏   | 487/790 [00:56<00:08, 34.74it/s]
Recognizing Text:  64%|██████▍   | 504/790 [00:57<00:11, 24.96it/s]
Recognizing Text:  65%|██████▌   | 517/790 [00:57<00:09, 29.89it/s]
Recognizing Text:  67%|██████▋   | 531/790 [00:57<00:07, 35.60it/s]
Recognizing Text:  69%|██████▉   | 545/790 [00:57<00:06, 40.77it/s]
Recognizing Text:  71%|███████   | 559/790 [00:58<00:07, 31.78it/s]
Recognizing Text:  73%|███████▎  | 577/790 [00:58<00:05, 40.40it/s]
Recognizing Text:  80%|███████▉  | 630/790 [00:58<00:01, 80.24it/s]
Recognizing Text:  82%|████████▏ | 644/790 [00:59<00:01, 75.67it/s]
Recognizing Text:  84%|████████▍ | 663/790 [00:59<00:01, 77.46it/s]
Recognizing Text:  90%|█████████ | 711/790 [00:59<00:00, 111.56it/s]
Recognizing Text:  92%|█████████▏| 724/790 [00:59<00:00, 96.83it/s] 
Recognizing Text:  93%|█████████▎| 735/790 [01:00<00:00, 83.39it/s]
Recognizing Text:  95%|█████████▌| 751/790 [01:00<00:00, 79.60it/s]
Recognizing Text:  97%|█████████▋| 765/790 [01:00<00:00, 74.37it/s]
Recognizing Text:  98%|█████████▊| 773/790 [01:00<00:00, 48.83it/s]
Recognizing Text:  99%|█████████▊| 779/790 [01:02<00:00, 17.38it/s]
Recognizing Text:  99%|█████████▉| 784/790 [01:03<00:00, 14.42it/s]
Recognizing Text: 100%|█████████▉| 788/790 [01:03<00:00, 13.18it/s]
Recognizing Text: 100%|██████████| 790/790 [01:04<00:00, 12.19it/s]
  [docs] 32/50 pages  0.15 p/s

Detecting bboxes:   0%|          | 0/1 [00:00<?, ?it/s]
Detecting bboxes: 100%|██████████| 1/1 [00:02<00:00,  2.98s/it]
Detecting bboxes: 100%|██████████| 1/1 [00:02<00:00,  2.98s/it]

Recognizing Text:   0%|          | 0/237 [00:00<?, ?it/s]
Recognizing Text:   0%|          | 1/237 [00:16<1:05:21, 16.62s/it]
Recognizing Text:   1%|▏         | 3/237 [00:17<17:25,  4.47s/it]  
Recognizing Text:   2%|▏         | 4/237 [00:17<11:37,  2.99s/it]
Recognizing Text:   3%|▎         | 6/237 [00:17<05:59,  1.56s/it]
Recognizing Text:   3%|▎         | 7/237 [00:17<04:37,  1.21s/it]
Recognizing Text:   4%|▍         | 9/237 [00:17<02:47,  1.36it/s]
Recognizing Text:   5%|▍         | 11/237 [00:18<01:52,  2.01it/s]
Recognizing Text:   5%|▌         | 12/237 [00:18<01:38,  2.29it/s]
Recognizing Text:   5%|▌         | 13/237 [00:18<01:25,  2.61it/s]
Recognizing Text:   6%|▋         | 15/237 [00:18<01:10,  3.17it/s]
Recognizing Text:   7%|▋         | 16/237 [00:19<01:04,  3.43it/s]
Recognizing Text:   8%|▊         | 18/237 [00:19<00:48,  4.53it/s]
Recognizing Text:   8%|▊         | 20/237 [00:19<00:38,  5.58it/s]
Recognizing Text:  10%|█         | 24/237 [00:19<00:24,  8.60it/s]
Recognizing Text:  11%|█         | 26/237 [00:20<00:23,  8.81it/s]
Recognizing Text:  12%|█▏        | 28/237 [00:20<00:23,  9.00it/s]
Recognizing Text:  13%|█▎        | 30/237 [00:20<00:22,  9.09it/s]
Recognizing Text:  14%|█▎        | 32/237 [00:20<00:28,  7.17it/s]
Recognizing Text:  14%|█▍        | 34/237 [00:21<00:26,  7.71it/s]
Recognizing Text:  17%|█▋        | 41/237 [00:21<00:13, 14.11it/s]
Recognizing Text:  19%|█▊        | 44/237 [00:21<00:13, 14.05it/s]
Recognizing Text:  19%|█▉        | 46/237 [00:21<00:15, 12.72it/s]
Recognizing Text:  20%|██        | 48/237 [00:21<00:16, 11.80it/s]
Recognizing Text:  21%|██        | 50/237 [00:22<00:16, 11.18it/s]
Recognizing Text:  23%|██▎       | 55/237 [00:22<00:12, 14.77it/s]
Recognizing Text:  25%|██▍       | 59/237 [00:22<00:11, 15.81it/s]
Recognizing Text:  26%|██▌       | 61/237 [00:22<00:12, 14.04it/s]
Recognizing Text:  27%|██▋       | 65/237 [00:23<00:11, 15.45it/s]
Recognizing Text:  28%|██▊       | 67/237 [00:23<00:12, 13.65it/s]
Recognizing Text:  30%|██▉       | 70/237 [00:23<00:12, 13.80it/s]
Recognizing Text:  32%|███▏      | 75/237 [00:23<00:09, 16.74it/s]
Recognizing Text:  35%|███▌      | 84/237 [00:23<00:06, 24.42it/s]
Recognizing Text:  39%|███▉      | 92/237 [00:24<00:05, 28.38it/s]
Recognizing Text:  41%|████      | 96/237 [00:24<00:05, 25.53it/s]
Recognizing Text:  45%|████▌     | 107/237 [00:24<00:03, 33.34it/s]
Recognizing Text:  48%|████▊     | 114/237 [00:24<00:03, 33.23it/s]
Recognizing Text:  52%|█████▏    | 123/237 [00:24<00:03, 35.93it/s]
Recognizing Text:  54%|█████▍    | 129/237 [00:25<00:03, 33.67it/s]
Recognizing Text:  57%|█████▋    | 134/237 [00:25<00:03, 30.65it/s]
Recognizing Text:  59%|█████▊    | 139/237 [00:25<00:03, 28.54it/s]
Recognizing Text:  60%|█████▉    | 142/237 [00:25<00:03, 24.22it/s]
Recognizing Text:  62%|██████▏   | 146/237 [00:25<00:04, 22.67it/s]
Recognizing Text:  64%|██████▎   | 151/237 [00:26<00:03, 22.90it/s]
Recognizing Text:  65%|██████▍   | 154/237 [00:26<00:04, 20.33it/s]
Recognizing Text:  66%|██████▌   | 157/237 [00:26<00:05, 14.23it/s]
Recognizing Text:  67%|██████▋   | 159/237 [00:27<00:05, 13.01it/s]
Recognizing Text:  68%|██████▊   | 161/237 [00:27<00:06, 12.11it/s]
Recognizing Text:  69%|██████▉   | 163/237 [00:27<00:06, 11.39it/s]
Recognizing Text:  70%|██████▉   | 165/237 [00:27<00:06, 10.84it/s]
Recognizing Text:  71%|███████▏  | 169/237 [00:27<00:05, 13.15it/s]
Recognizing Text:  73%|███████▎  | 173/237 [00:28<00:04, 14.83it/s]
Recognizing Text:  74%|███████▍  | 176/237 [00:28<00:04, 14.66it/s]
Recognizing Text:  76%|███████▋  | 181/237 [00:28<00:03, 17.30it/s]
Recognizing Text:  78%|███████▊  | 185/237 [00:28<00:03, 16.29it/s]
Recognizing Text:  79%|███████▉  | 188/237 [00:29<00:03, 15.54it/s]
Recognizing Text:  80%|████████  | 190/237 [00:29<00:03, 13.82it/s]
Recognizing Text:  81%|████████  | 192/237 [00:29<00:03, 12.59it/s]
Recognizing Text:  82%|████████▏ | 195/237 [00:29<00:03, 13.09it/s]
Recognizing Text:  84%|████████▍ | 199/237 [00:29<00:02, 14.86it/s]
Recognizing Text:  85%|████████▍ | 201/237 [00:30<00:02, 13.27it/s]
Recognizing Text:  86%|████████▌ | 204/237 [00:30<00:02, 13.58it/s]
Recognizing Text:  87%|████████▋ | 207/237 [00:30<00:02, 13.79it/s]
Recognizing Text:  90%|████████▉ | 213/237 [00:30<00:01, 18.16it/s]
Recognizing Text:  92%|█████████▏| 218/237 [00:30<00:00, 19.87it/s]
Recognizing Text:  94%|█████████▎| 222/237 [00:31<00:00, 19.63it/s]
Recognizing Text:  95%|█████████▍| 224/237 [00:31<00:00, 16.60it/s]
Recognizing Text:  96%|█████████▌| 228/237 [00:31<00:00, 17.37it/s]
Recognizing Text:  97%|█████████▋| 231/237 [00:31<00:00, 16.43it/s]
Recognizing Text:  99%|█████████▊| 234/237 [00:31<00:00, 15.85it/s]
Recognizing Text: 100%|█████████▉| 236/237 [00:32<00:00, 13.96it/s]
Recognizing Text: 100%|██████████| 237/237 [00:34<00:00,  6.92it/s]
  [docs] 40/50 pages  0.16 p/s

Detecting bboxes:   0%|          | 0/1 [00:00<?, ?it/s]
Detecting bboxes: 100%|██████████| 1/1 [00:03<00:00,  3.15s/it]
Detecting bboxes: 100%|██████████| 1/1 [00:03<00:00,  3.15s/it]

Recognizing Text:   0%|          | 0/934 [00:00<?, ?it/s]
Recognizing Text:   0%|          | 1/934 [00:07<2:03:10,  7.92s/it]
Recognizing Text:   0%|          | 2/934 [00:08<53:54,  3.47s/it]  
Recognizing Text:   0%|          | 3/934 [00:08<34:17,  2.21s/it]
Recognizing Text:   0%|          | 4/934 [00:10<31:39,  2.04s/it]
Recognizing Text:   1%|          | 5/934 [00:10<20:50,  1.35s/it]
Recognizing Text:   1%|          | 7/934 [00:11<10:44,  1.44it/s]
Recognizing Text:   1%|          | 8/934 [00:11<08:20,  1.85it/s]
Recognizing Text:   1%|          | 10/934 [00:11<05:08,  3.00it/s]
Recognizing Text:   1%|▏         | 12/934 [00:11<03:30,  4.38it/s]
Recognizing Text:   1%|▏         | 14/934 [00:11<02:35,  5.92it/s]
Recognizing Text:   2%|▏         | 16/934 [00:11<02:19,  6.57it/s]
Recognizing Text:   2%|▏         | 21/934 [00:11<01:15, 12.17it/s]
Recognizing Text:   3%|▎         | 24/934 [00:11<01:02, 14.55it/s]
Recognizing Text:   3%|▎         | 32/934 [00:12<00:35, 25.43it/s]
Recognizing Text:   4%|▍         | 40/934 [00:12<00:25, 35.10it/s]
Recognizing Text:   5%|▌         | 48/934 [00:12<00:20, 43.28it/s]
Recognizing Text:   6%|▌         | 57/934 [00:13<00:58, 14.97it/s]
Recognizing Text:   7%|▋         | 69/934 [00:13<00:37, 23.36it/s]
Recognizing Text:   9%|▉         | 88/934 [00:13<00:21, 39.94it/s]
Recognizing Text:  10%|█         | 97/934 [00:13<00:18, 45.36it/s]
Recognizing Text:  12%|█▏        | 110/934 [00:14<00:34, 23.73it/s]
Recognizing Text:  13%|█▎        | 122/934 [00:15<00:26, 30.92it/s]
Recognizing Text:  14%|█▍        | 132/934 [00:15<00:21, 37.22it/s]
Recognizing Text:  15%|█▍        | 140/934 [00:15<00:19, 41.67it/s]
Recognizing Text:  16%|█▋        | 152/934 [00:15<00:15, 51.82it/s]
Recognizing Text:  18%|█▊        | 166/934 [00:16<00:29, 26.38it/s]
Recognizing Text:  19%|█▉        | 179/934 [00:16<00:21, 34.93it/s]
Recognizing Text:  20%|██        | 187/934 [00:16<00:19, 39.03it/s]
Recognizing Text:  21%|██        | 195/934 [00:16<00:17, 43.31it/s]
Recognizing Text:  22%|██▏       | 203/934 [00:16<00:15, 47.67it/s]
Recognizing Text:  23%|██▎       | 211/934 [00:17<00:16, 42.95it/s]
Recognizing Text:  23%|██▎       | 217/934 [00:17<00:16, 44.39it/s]
Recognizing Text:  24%|██▍       | 223/934 [00:18<00:47, 14.93it/s]
Recognizing Text:  24%|██▍       | 228/934 [00:18<00:40, 17.42it/s]
Recognizing Text:  25%|██▍       | 233/934 [00:18<00:34, 20.24it/s]
Recognizing Text:  26%|██▌       | 240/934 [00:18<00:26, 25.77it/s]
Recognizing Text:  26%|██▋       | 247/934 [00:18<00:21, 31.37it/s]
Recognizing Text:  27%|██▋       | 254/934 [00:19<00:18, 36.83it/s]
Recognizing Text:  28%|██▊       | 262/934 [00:19<00:15, 43.66it/s]
Recognizing Text:  29%|██▊       | 268/934 [00:19<00:14, 45.18it/s]
Recognizing Text:  31%|███       | 287/934 [00:20<00:27, 23.62it/s]
Recognizing Text:  32%|███▏      | 302/934 [00:20<00:18, 34.32it/s]
Recognizing Text:  34%|███▎      | 313/934 [00:20<00:14, 41.87it/s]
Recognizing Text:  34%|███▍      | 322/934 [00:20<00:13, 46.97it/s]
Recognizing Text:  36%|███▌      | 332/934 [00:20<00:11, 53.77it/s]
Recognizing Text:  36%|███▋      | 340/934 [00:21<00:23, 24.81it/s]
Recognizing Text:  37%|███▋      | 348/934 [00:21<00:19, 29.68it/s]
Recognizing Text:  39%|███▉      | 362/934 [00:22<00:13, 42.00it/s]
Recognizing Text:  40%|███▉      | 372/934 [00:22<00:11, 49.06it/s]
Recognizing Text:  41%|████      | 383/934 [00:22<00:09, 57.21it/s]
Recognizing Text:  42%|████▏     | 396/934 [00:23<00:16, 31.65it/s]
Recognizing Text:  43%|████▎     | 403/934 [00:23<00:15, 34.90it/s]
Recognizing Text:  46%|████▌     | 430/934 [00:23<00:07, 64.26it/s]
Recognizing Text:  48%|████▊     | 446/934 [00:23<00:06, 76.82it/s]
Recognizing Text:  49%|████▉     | 460/934 [00:24<00:13, 34.07it/s]
Recognizing Text:  51%|█████▏    | 481/934 [00:24<00:09, 48.90it/s]
Recognizing Text:  53%|█████▎    | 493/934 [00:24<00:07, 55.59it/s]
Recognizing Text:  56%|█████▌    | 523/934 [00:25<00:10, 40.39it/s]
Recognizing Text:  59%|█████▉    | 551/934 [00:25<00:06, 58.81it/s]
Recognizing Text:  62%|██████▏   | 577/934 [00:26<00:08, 44.61it/s]
Recognizing Text:  64%|██████▍   | 597/934 [00:26<00:06, 55.61it/s]
Recognizing Text:  69%|██████▉   | 643/934 [00:27<00:05, 50.36it/s]
Recognizing Text:  71%|███████▏  | 666/934 [00:27<00:04, 61.80it/s]
Recognizing Text:  74%|███████▍  | 694/934 [00:27<00:03, 79.65it/s]
Recognizing Text:  80%|████████  | 750/934 [00:28<00:02, 85.78it/s]
Recognizing Text:  82%|████████▏ | 768/934 [00:28<00:01, 93.02it/s]
Recognizing Text:  87%|████████▋ | 816/934 [00:28<00:00, 134.71it/s]
Recognizing Text:  90%|█████████ | 845/934 [00:28<00:00, 152.82it/s]
Recognizing Text:  94%|█████████▍| 877/934 [00:29<00:00, 175.21it/s]
Recognizing Text:  97%|█████████▋| 902/934 [00:29<00:00, 88.42it/s] 
Recognizing Text:  99%|█████████▊| 921/934 [00:30<00:00, 54.83it/s]
Recognizing Text: 100%|██████████| 934/934 [00:34<00:00, 27.13it/s]
  [docs] 48/50 pages  0.16 p/s

Detecting bboxes:   0%|          | 0/1 [00:00<?, ?it/s]
Detecting bboxes: 100%|██████████| 1/1 [00:00<00:00,  1.12it/s]
Detecting bboxes: 100%|██████████| 1/1 [00:00<00:00,  1.12it/s]

Recognizing Text:   0%|          | 0/229 [00:00<?, ?it/s]
Recognizing Text:   0%|          | 1/229 [00:03<14:31,  3.82s/it]
Recognizing Text:   8%|▊         | 19/229 [00:04<00:32,  6.52it/s]
Recognizing Text:  50%|████▉     | 114/229 [00:04<00:02, 49.10it/s]
Recognizing Text:  61%|██████    | 140/229 [00:05<00:02, 40.84it/s]
Recognizing Text:  69%|██████▊   | 157/229 [00:06<00:02, 34.01it/s]
Recognizing Text:  74%|███████▍  | 169/229 [00:06<00:02, 27.63it/s]
Recognizing Text:  77%|███████▋  | 177/229 [00:07<00:01, 26.52it/s]
Recognizing Text:  80%|███████▉  | 183/229 [00:07<00:01, 24.45it/s]
Recognizing Text:  82%|████████▏ | 188/229 [00:08<00:01, 20.86it/s]
Recognizing Text:  84%|████████▍ | 192/229 [00:08<00:01, 19.63it/s]
Recognizing Text:  85%|████████▌ | 195/229 [00:08<00:01, 17.77it/s]
Recognizing Text:  86%|████████▋ | 198/229 [00:08<00:01, 16.15it/s]
Recognizing Text:  89%|████████▊ | 203/229 [00:09<00:01, 17.96it/s]
Recognizing Text:  92%|█████████▏| 210/229 [00:09<00:00, 21.81it/s]
Recognizing Text:  94%|█████████▍| 215/229 [00:09<00:00, 21.25it/s]
Recognizing Text:  96%|█████████▌| 220/229 [00:09<00:00, 22.32it/s]
Recognizing Text:  97%|█████████▋| 223/229 [00:10<00:00, 13.91it/s]
Recognizing Text:  98%|█████████▊| 225/229 [00:11<00:00,  7.54it/s]
Recognizing Text:  99%|█████████▉| 227/229 [00:14<00:00,  2.69it/s]
Recognizing Text: 100%|█████████▉| 228/229 [00:16<00:00,  1.59it/s]
Recognizing Text: 100%|██████████| 229/229 [00:25<00:00,  1.70s/it]
Recognizing Text: 100%|██████████| 229/229 [00:25<00:00,  9.08it/s]
  [docs] 50/50 pages  0.16 p/s
[surya] track handwriting

Detecting bboxes:   0%|          | 0/1 [00:00<?, ?it/s]
Detecting bboxes: 100%|██████████| 1/1 [00:00<00:00,  3.10it/s]
Detecting bboxes: 100%|██████████| 1/1 [00:00<00:00,  3.09it/s]

Recognizing Text:   0%|          | 0/1 [00:00<?, ?it/s]
Recognizing Text: 100%|██████████| 1/1 [00:00<00:00,  1.01it/s]
Recognizing Text: 100%|██████████| 1/1 [00:00<00:00,  1.01it/s]
  [handwriting] latency page 1/8: 1.3s

Detecting bboxes:   0%|          | 0/1 [00:00<?, ?it/s]
Detecting bboxes: 100%|██████████| 1/1 [00:00<00:00,  3.56it/s]
Detecting bboxes: 100%|██████████| 1/1 [00:00<00:00,  3.56it/s]

Recognizing Text:   0%|          | 0/1 [00:00<?, ?it/s]
Recognizing Text: 100%|██████████| 1/1 [00:01<00:00,  1.21s/it]
Recognizing Text: 100%|██████████| 1/1 [00:01<00:00,  1.21s/it]
  [handwriting] latency page 2/8: 1.5s

Detecting bboxes:   0%|          | 0/1 [00:00<?, ?it/s]
Detecting bboxes: 100%|██████████| 1/1 [00:00<00:00,  3.17it/s]
Detecting bboxes: 100%|██████████| 1/1 [00:00<00:00,  3.17it/s]

Recognizing Text:   0%|          | 0/1 [00:00<?, ?it/s]
Recognizing Text: 100%|██████████| 1/1 [00:01<00:00,  1.01s/it]
Recognizing Text: 100%|██████████| 1/1 [00:01<00:00,  1.01s/it]
  [handwriting] latency page 3/8: 1.3s

Detecting bboxes:   0%|          | 0/1 [00:00<?, ?it/s]
Detecting bboxes: 100%|██████████| 1/1 [00:00<00:00,  3.48it/s]
Detecting bboxes: 100%|██████████| 1/1 [00:00<00:00,  3.47it/s]

Recognizing Text:   0%|          | 0/1 [00:00<?, ?it/s]
Recognizing Text: 100%|██████████| 1/1 [00:01<00:00,  1.62s/it]
Recognizing Text: 100%|██████████| 1/1 [00:01<00:00,  1.62s/it]
  [handwriting] latency page 4/8: 1.9s

Detecting bboxes:   0%|          | 0/1 [00:00<?, ?it/s]
Detecting bboxes: 100%|██████████| 1/1 [00:00<00:00,  3.25it/s]
Detecting bboxes: 100%|██████████| 1/1 [00:00<00:00,  3.25it/s]

Recognizing Text:   0%|          | 0/1 [00:00<?, ?it/s]
Recognizing Text: 100%|██████████| 1/1 [00:00<00:00,  1.05it/s]
Recognizing Text: 100%|██████████| 1/1 [00:00<00:00,  1.05it/s]
  [handwriting] latency page 5/8: 1.3s

Detecting bboxes:   0%|          | 0/1 [00:00<?, ?it/s]
Detecting bboxes: 100%|██████████| 1/1 [00:00<00:00,  3.11it/s]
Detecting bboxes: 100%|██████████| 1/1 [00:00<00:00,  3.10it/s]

Recognizing Text:   0%|          | 0/1 [00:00<?, ?it/s]
Recognizing Text: 100%|██████████| 1/1 [00:01<00:00,  1.00s/it]
Recognizing Text: 100%|██████████| 1/1 [00:01<00:00,  1.00s/it]
  [handwriting] latency page 6/8: 1.4s

Detecting bboxes:   0%|          | 0/1 [00:00<?, ?it/s]
Detecting bboxes: 100%|██████████| 1/1 [00:00<00:00,  3.30it/s]
Detecting bboxes: 100%|██████████| 1/1 [00:00<00:00,  3.30it/s]

Recognizing Text:   0%|          | 0/1 [00:00<?, ?it/s]
Recognizing Text: 100%|██████████| 1/1 [00:01<00:00,  1.11s/it]
Recognizing Text: 100%|██████████| 1/1 [00:01<00:00,  1.11s/it]
  [handwriting] latency page 7/8: 1.4s

Detecting bboxes:   0%|          | 0/1 [00:00<?, ?it/s]
Detecting bboxes: 100%|██████████| 1/1 [00:00<00:00,  3.54it/s]
Detecting bboxes: 100%|██████████| 1/1 [00:00<00:00,  3.54it/s]

Recognizing Text:   0%|          | 0/1 [00:00<?, ?it/s]
Recognizing Text: 100%|██████████| 1/1 [00:00<00:00,  1.16it/s]
Recognizing Text: 100%|██████████| 1/1 [00:00<00:00,  1.16it/s]
  [handwriting] latency page 8/8: 1.2s
  [handwriting] batch of 60 pages...

Detecting bboxes:   0%|          | 0/1 [00:00<?, ?it/s]
Detecting bboxes: 100%|██████████| 1/1 [00:01<00:00,  1.16s/it]
Detecting bboxes: 100%|██████████| 1/1 [00:01<00:00,  1.16s/it]

Recognizing Text:   0%|          | 0/8 [00:00<?, ?it/s]
Recognizing Text:  12%|█▎        | 1/8 [00:01<00:12,  1.81s/it]
Recognizing Text:  75%|███████▌  | 6/8 [00:02<00:00,  3.89it/s]
Recognizing Text: 100%|██████████| 8/8 [00:02<00:00,  4.00it/s]
Recognizing Text: 100%|██████████| 8/8 [00:02<00:00,  3.23it/s]
  [handwriting] 8/60 pages  1.97 p/s

Detecting bboxes:   0%|          | 0/1 [00:00<?, ?it/s]
Detecting bboxes: 100%|██████████| 1/1 [00:01<00:00,  1.18s/it]
Detecting bboxes: 100%|██████████| 1/1 [00:01<00:00,  1.19s/it]

Recognizing Text:   0%|          | 0/8 [00:00<?, ?it/s]
Recognizing Text:  12%|█▎        | 1/8 [00:01<00:13,  1.92s/it]
Recognizing Text:  38%|███▊      | 3/8 [00:02<00:02,  1.81it/s]
Recognizing Text:  62%|██████▎   | 5/8 [00:02<00:00,  3.28it/s]
Recognizing Text:  88%|████████▊ | 7/8 [00:02<00:00,  4.75it/s]
Recognizing Text: 100%|██████████| 8/8 [00:02<00:00,  3.31it/s]
  [handwriting] 16/60 pages  1.98 p/s

Detecting bboxes:   0%|          | 0/1 [00:00<?, ?it/s]
Detecting bboxes: 100%|██████████| 1/1 [00:01<00:00,  1.16s/it]
Detecting bboxes: 100%|██████████| 1/1 [00:01<00:00,  1.16s/it]

Recognizing Text:   0%|          | 0/8 [00:00<?, ?it/s]
Recognizing Text:  12%|█▎        | 1/8 [00:01<00:11,  1.59s/it]
Recognizing Text:  25%|██▌       | 2/8 [00:01<00:05,  1.16it/s]
Recognizing Text:  50%|█████     | 4/8 [00:02<00:01,  2.73it/s]
Recognizing Text:  75%|███████▌  | 6/8 [00:02<00:00,  4.40it/s]
Recognizing Text: 100%|██████████| 8/8 [00:02<00:00,  6.08it/s]
Recognizing Text: 100%|██████████| 8/8 [00:02<00:00,  3.37it/s]
  [handwriting] 24/60 pages  2.00 p/s

Detecting bboxes:   0%|          | 0/1 [00:00<?, ?it/s]
Detecting bboxes: 100%|██████████| 1/1 [00:01<00:00,  1.18s/it]
Detecting bboxes: 100%|██████████| 1/1 [00:01<00:00,  1.18s/it]

Recognizing Text:   0%|          | 0/8 [00:00<?, ?it/s]
Recognizing Text:  12%|█▎        | 1/8 [00:01<00:13,  1.87s/it]
Recognizing Text:  38%|███▊      | 3/8 [00:02<00:02,  1.84it/s]
Recognizing Text:  62%|██████▎   | 5/8 [00:02<00:00,  3.26it/s]
Recognizing Text: 100%|██████████| 8/8 [00:02<00:00,  5.98it/s]
Recognizing Text: 100%|██████████| 8/8 [00:02<00:00,  3.45it/s]
  [handwriting] 32/60 pages  2.01 p/s

Detecting bboxes:   0%|          | 0/1 [00:00<?, ?it/s]
Detecting bboxes: 100%|██████████| 1/1 [00:01<00:00,  1.18s/it]
Detecting bboxes: 100%|██████████| 1/1 [00:01<00:00,  1.18s/it]

Recognizing Text:   0%|          | 0/8 [00:00<?, ?it/s]
Recognizing Text:  12%|█▎        | 1/8 [00:01<00:07,  1.14s/it]
Recognizing Text:  25%|██▌       | 2/8 [00:01<00:05,  1.19it/s]
Recognizing Text:  62%|██████▎   | 5/8 [00:01<00:00,  3.52it/s]
Recognizing Text:  88%|████████▊ | 7/8 [00:02<00:00,  5.17it/s]
Recognizing Text: 100%|██████████| 8/8 [00:02<00:00,  3.77it/s]
  [handwriting] 40/60 pages  2.03 p/s

Detecting bboxes:   0%|          | 0/1 [00:00<?, ?it/s]
Detecting bboxes: 100%|██████████| 1/1 [00:01<00:00,  1.17s/it]
Detecting bboxes: 100%|██████████| 1/1 [00:01<00:00,  1.17s/it]

Recognizing Text:   0%|          | 0/8 [00:00<?, ?it/s]
Recognizing Text:  12%|█▎        | 1/8 [00:01<00:08,  1.26s/it]
Recognizing Text:  25%|██▌       | 2/8 [00:01<00:04,  1.36it/s]
Recognizing Text:  88%|████████▊ | 7/8 [00:01<00:00,  5.96it/s]
Recognizing Text: 100%|██████████| 8/8 [00:01<00:00,  4.47it/s]
  [handwriting] 48/60 pages  2.08 p/s

Detecting bboxes:   0%|          | 0/1 [00:00<?, ?it/s]
Detecting bboxes: 100%|██████████| 1/1 [00:01<00:00,  1.17s/it]
Detecting bboxes: 100%|██████████| 1/1 [00:01<00:00,  1.17s/it]

Recognizing Text:   0%|          | 0/8 [00:00<?, ?it/s]
Recognizing Text:  12%|█▎        | 1/8 [00:01<00:11,  1.70s/it]
Recognizing Text:  50%|█████     | 4/8 [00:01<00:01,  2.62it/s]
Recognizing Text:  88%|████████▊ | 7/8 [00:02<00:00,  4.87it/s]
Recognizing Text: 100%|██████████| 8/8 [00:02<00:00,  3.84it/s]
  [handwriting] 56/60 pages  2.10 p/s

Detecting bboxes:   0%|          | 0/1 [00:00<?, ?it/s]
Detecting bboxes: 100%|██████████| 1/1 [00:00<00:00,  1.84it/s]
Detecting bboxes: 100%|██████████| 1/1 [00:00<00:00,  1.84it/s]

Recognizing Text:   0%|          | 0/4 [00:00<?, ?it/s]
Recognizing Text:  25%|██▌       | 1/4 [00:00<00:02,  1.08it/s]
Recognizing Text:  50%|█████     | 2/4 [00:01<00:01,  1.98it/s]
Recognizing Text: 100%|██████████| 4/4 [00:01<00:00,  3.33it/s]
  [handwriting] 60/60 pages  2.09 p/s
[surya] track stress

Detecting bboxes:   0%|          | 0/1 [00:00<?, ?it/s]
Detecting bboxes: 100%|██████████| 1/1 [00:00<00:00,  1.50it/s]
Detecting bboxes: 100%|██████████| 1/1 [00:00<00:00,  1.50it/s]

Recognizing Text:   0%|          | 0/24 [00:00<?, ?it/s]
Recognizing Text:   4%|▍         | 1/24 [00:01<00:33,  1.45s/it]
Recognizing Text:   8%|▊         | 2/24 [00:01<00:19,  1.11it/s]
Recognizing Text:  12%|█▎        | 3/24 [00:02<00:12,  1.73it/s]
Recognizing Text:  17%|█▋        | 4/24 [00:02<00:12,  1.63it/s]
Recognizing Text:  25%|██▌       | 6/24 [00:02<00:05,  3.12it/s]
Recognizing Text:  29%|██▉       | 7/24 [00:03<00:05,  3.30it/s]
Recognizing Text:  42%|████▏     | 10/24 [00:03<00:02,  5.93it/s]
Recognizing Text:  71%|███████   | 17/24 [00:03<00:00, 14.11it/s]
Recognizing Text: 100%|██████████| 24/24 [00:03<00:00, 22.25it/s]
Recognizing Text: 100%|██████████| 24/24 [00:03<00:00,  6.66it/s]
  [stress] latency page 1/8: 4.4s

Detecting bboxes:   0%|          | 0/1 [00:00<?, ?it/s]
Detecting bboxes: 100%|██████████| 1/1 [00:00<00:00,  2.53it/s]
Detecting bboxes: 100%|██████████| 1/1 [00:00<00:00,  2.53it/s]

Recognizing Text:   0%|          | 0/24 [00:00<?, ?it/s]
Recognizing Text:   4%|▍         | 1/24 [00:00<00:18,  1.23it/s]
Recognizing Text:   8%|▊         | 2/24 [00:01<00:13,  1.62it/s]
Recognizing Text:  12%|█▎        | 3/24 [00:01<00:08,  2.41it/s]
Recognizing Text:  17%|█▋        | 4/24 [00:02<00:09,  2.01it/s]
Recognizing Text:  25%|██▌       | 6/24 [00:02<00:04,  3.81it/s]
Recognizing Text:  29%|██▉       | 7/24 [00:02<00:04,  3.90it/s]
Recognizing Text:  42%|████▏     | 10/24 [00:02<00:02,  6.89it/s]
Recognizing Text:  71%|███████   | 17/24 [00:02<00:00, 16.19it/s]
Recognizing Text: 100%|██████████| 24/24 [00:02<00:00, 25.07it/s]
Recognizing Text: 100%|██████████| 24/24 [00:02<00:00,  8.53it/s]
  [stress] latency page 2/8: 3.3s

Detecting bboxes:   0%|          | 0/1 [00:00<?, ?it/s]
Detecting bboxes: 100%|██████████| 1/1 [00:00<00:00,  5.50it/s]
Detecting bboxes: 100%|██████████| 1/1 [00:00<00:00,  5.49it/s]

Recognizing Text:   0%|          | 0/24 [00:00<?, ?it/s]
Recognizing Text:   4%|▍         | 1/24 [00:00<00:18,  1.25it/s]
Recognizing Text:   8%|▊         | 2/24 [00:01<00:13,  1.63it/s]
Recognizing Text:  12%|█▎        | 3/24 [00:01<00:08,  2.43it/s]
Recognizing Text:  17%|█▋        | 4/24 [00:02<00:09,  2.01it/s]
Recognizing Text:  25%|██▌       | 6/24 [00:02<00:04,  3.81it/s]
Recognizing Text:  29%|██▉       | 7/24 [00:02<00:04,  3.90it/s]
Recognizing Text:  42%|████▏     | 10/24 [00:02<00:02,  6.86it/s]
Recognizing Text:  71%|███████   | 17/24 [00:02<00:00, 15.95it/s]
Recognizing Text: 100%|██████████| 24/24 [00:02<00:00, 24.87it/s]
Recognizing Text: 100%|██████████| 24/24 [00:02<00:00,  8.53it/s]
  [stress] latency page 3/8: 3.1s

Detecting bboxes:   0%|          | 0/1 [00:00<?, ?it/s]
Detecting bboxes: 100%|██████████| 1/1 [00:00<00:00,  1.49it/s]
Detecting bboxes: 100%|██████████| 1/1 [00:00<00:00,  1.49it/s]

Recognizing Text:   0%|          | 0/24 [00:00<?, ?it/s]
Recognizing Text:   4%|▍         | 1/24 [00:01<00:33,  1.47s/it]
Recognizing Text:   8%|▊         | 2/24 [00:01<00:20,  1.10it/s]
Recognizing Text:  12%|█▎        | 3/24 [00:02<00:12,  1.72it/s]
Recognizing Text:  17%|█▋        | 4/24 [00:02<00:12,  1.62it/s]
Recognizing Text:  25%|██▌       | 6/24 [00:02<00:05,  3.11it/s]
Recognizing Text:  29%|██▉       | 7/24 [00:03<00:05,  3.28it/s]
Recognizing Text:  42%|████▏     | 10/24 [00:03<00:02,  5.88it/s]
Recognizing Text:  71%|███████   | 17/24 [00:03<00:00, 14.00it/s]
Recognizing Text: 100%|██████████| 24/24 [00:03<00:00, 22.14it/s]
Recognizing Text: 100%|██████████| 24/24 [00:03<00:00,  6.61it/s]
  [stress] latency page 4/8: 4.5s

Detecting bboxes:   0%|          | 0/1 [00:00<?, ?it/s]
Detecting bboxes: 100%|██████████| 1/1 [00:00<00:00,  1.47it/s]
Detecting bboxes: 100%|██████████| 1/1 [00:00<00:00,  1.47it/s]

Recognizing Text:   0%|          | 0/24 [00:00<?, ?it/s]
Recognizing Text:   4%|▍         | 1/24 [00:01<00:33,  1.46s/it]
Recognizing Text:   8%|▊         | 2/24 [00:01<00:20,  1.09it/s]
Recognizing Text:  12%|█▎        | 3/24 [00:02<00:12,  1.71it/s]
Recognizing Text:  17%|█▋        | 4/24 [00:02<00:12,  1.61it/s]
Recognizing Text:  25%|██▌       | 6/24 [00:02<00:05,  3.09it/s]
Recognizing Text:  29%|██▉       | 7/24 [00:03<00:05,  3.27it/s]
Recognizing Text:  42%|████▏     | 10/24 [00:03<00:02,  5.89it/s]
Recognizing Text:  71%|███████   | 17/24 [00:03<00:00, 14.00it/s]
Recognizing Text: 100%|██████████| 24/24 [00:03<00:00, 22.10it/s]
Recognizing Text: 100%|██████████| 24/24 [00:03<00:00,  6.60it/s]
  [stress] latency page 5/8: 4.5s

Detecting bboxes:   0%|          | 0/1 [00:00<?, ?it/s]
Detecting bboxes: 100%|██████████| 1/1 [00:00<00:00,  1.44it/s]
Detecting bboxes: 100%|██████████| 1/1 [00:00<00:00,  1.44it/s]

Recognizing Text:   0%|          | 0/24 [00:00<?, ?it/s]
Recognizing Text:   4%|▍         | 1/24 [00:04<01:47,  4.66s/it]
Recognizing Text:   8%|▊         | 2/24 [00:05<00:50,  2.32s/it]
Recognizing Text:  12%|█▎        | 3/24 [00:05<00:28,  1.37s/it]
Recognizing Text:  17%|█▋        | 4/24 [00:06<00:23,  1.17s/it]
Recognizing Text:  21%|██        | 5/24 [00:06<00:15,  1.26it/s]
Recognizing Text:  29%|██▉       | 7/24 [00:06<00:08,  2.07it/s]
Recognizing Text:  38%|███▊      | 9/24 [00:07<00:04,  3.27it/s]
Recognizing Text:  46%|████▌     | 11/24 [00:07<00:02,  4.54it/s]
Recognizing Text:  83%|████████▎ | 20/24 [00:07<00:00, 13.48it/s]
Recognizing Text: 100%|██████████| 24/24 [00:07<00:00, 16.53it/s]
Recognizing Text: 100%|██████████| 24/24 [00:07<00:00,  3.22it/s]
  [stress] latency page 6/8: 8.4s

Detecting bboxes:   0%|          | 0/1 [00:00<?, ?it/s]
Detecting bboxes: 100%|██████████| 1/1 [00:00<00:00,  1.09it/s]
Detecting bboxes: 100%|██████████| 1/1 [00:00<00:00,  1.09it/s]

Recognizing Text:   0%|          | 0/23 [00:00<?, ?it/s]
Recognizing Text:   4%|▍         | 1/23 [00:06<02:32,  6.91s/it]
Recognizing Text:   9%|▊         | 2/23 [00:07<01:08,  3.28s/it]
Recognizing Text:  13%|█▎        | 3/23 [00:08<00:46,  2.34s/it]
Recognizing Text:  17%|█▋        | 4/23 [00:09<00:27,  1.47s/it]
Recognizing Text:  26%|██▌       | 6/23 [00:09<00:13,  1.25it/s]
Recognizing Text:  30%|███       | 7/23 [00:09<00:09,  1.65it/s]
Recognizing Text:  39%|███▉      | 9/23 [00:09<00:05,  2.71it/s]
Recognizing Text:  52%|█████▏    | 12/23 [00:09<00:02,  4.72it/s]
Recognizing Text:  91%|█████████▏| 21/23 [00:09<00:00, 12.68it/s]
Recognizing Text: 100%|██████████| 23/23 [00:09<00:00,  2.30it/s]
  [stress] latency page 7/8: 11.3s

Detecting bboxes:   0%|          | 0/1 [00:00<?, ?it/s]
Detecting bboxes: 100%|██████████| 1/1 [00:00<00:00,  2.51it/s]
Detecting bboxes: 100%|██████████| 1/1 [00:00<00:00,  2.51it/s]

Recognizing Text:   0%|          | 0/24 [00:00<?, ?it/s]
Recognizing Text:   4%|▍         | 1/24 [00:00<00:19,  1.21it/s]
Recognizing Text:   8%|▊         | 2/24 [00:01<00:13,  1.58it/s]
Recognizing Text:  12%|█▎        | 3/24 [00:01<00:08,  2.35it/s]
Recognizing Text:  17%|█▋        | 4/24 [00:02<00:10,  1.97it/s]
Recognizing Text:  25%|██▌       | 6/24 [00:02<00:04,  3.72it/s]
Recognizing Text:  29%|██▉       | 7/24 [00:02<00:04,  3.81it/s]
Recognizing Text:  42%|████▏     | 10/24 [00:02<00:02,  6.74it/s]
Recognizing Text:  71%|███████   | 17/24 [00:02<00:00, 15.80it/s]
Recognizing Text: 100%|██████████| 24/24 [00:02<00:00, 24.75it/s]
Recognizing Text: 100%|██████████| 24/24 [00:02<00:00,  8.35it/s]
  [stress] latency page 8/8: 3.7s
  [stress] batch of 55 pages...

Detecting bboxes:   0%|          | 0/1 [00:00<?, ?it/s]
Detecting bboxes: 100%|██████████| 1/1 [00:04<00:00,  4.40s/it]
Detecting bboxes: 100%|██████████| 1/1 [00:04<00:00,  4.40s/it]

Recognizing Text:   0%|          | 0/191 [00:00<?, ?it/s]
Recognizing Text:   1%|          | 1/191 [00:24<1:16:25, 24.13s/it]
Recognizing Text:   5%|▍         | 9/191 [00:28<07:24,  2.44s/it]  
Recognizing Text:   9%|▉         | 17/191 [00:30<03:22,  1.17s/it]
Recognizing Text:  13%|█▎        | 24/191 [00:35<02:49,  1.01s/it]
Recognizing Text:  17%|█▋        | 32/191 [00:36<01:42,  1.55it/s]
Recognizing Text:  21%|██        | 40/191 [00:36<01:02,  2.40it/s]
Recognizing Text:  25%|██▌       | 48/191 [00:38<00:52,  2.73it/s]
Recognizing Text:  29%|██▉       | 56/191 [00:39<00:36,  3.70it/s]
Recognizing Text:  34%|███▎      | 64/191 [00:39<00:24,  5.22it/s]
Recognizing Text:  38%|███▊      | 72/191 [00:40<00:18,  6.47it/s]
Recognizing Text:  42%|████▏     | 80/191 [00:40<00:13,  8.20it/s]
Recognizing Text:  46%|████▌     | 88/191 [00:40<00:09, 10.86it/s]
Recognizing Text:  50%|█████     | 96/191 [00:40<00:06, 13.99it/s]
Recognizing Text:  67%|██████▋   | 128/191 [00:41<00:01, 33.36it/s]
Recognizing Text:  80%|███████▉  | 152/191 [00:41<00:00, 47.37it/s]
Recognizing Text:  88%|████████▊ | 168/191 [00:41<00:00, 45.54it/s]
Recognizing Text:  92%|█████████▏| 176/191 [00:41<00:00, 44.74it/s]
Recognizing Text:  96%|█████████▋| 184/191 [00:42<00:00, 44.08it/s]
Recognizing Text: 100%|██████████| 191/191 [00:42<00:00,  4.54it/s]
  [stress] 8/55 pages  0.17 p/s

Detecting bboxes:   0%|          | 0/1 [00:00<?, ?it/s]
Detecting bboxes: 100%|██████████| 1/1 [00:04<00:00,  4.05s/it]
Detecting bboxes: 100%|██████████| 1/1 [00:04<00:00,  4.05s/it]

Recognizing Text:   0%|          | 0/282 [00:00<?, ?it/s]
Recognizing Text:   0%|          | 1/282 [00:08<40:22,  8.62s/it]
Recognizing Text:   1%|▏         | 4/282 [00:09<08:12,  1.77s/it]
Recognizing Text:   2%|▏         | 5/282 [00:09<06:14,  1.35s/it]
Recognizing Text:   3%|▎         | 8/282 [00:09<02:55,  1.57it/s]
Recognizing Text:   4%|▍         | 11/282 [00:10<02:23,  1.88it/s]
Recognizing Text:   5%|▌         | 15/282 [00:12<01:57,  2.28it/s]
Recognizing Text:   7%|▋         | 19/282 [00:12<01:16,  3.43it/s]
Recognizing Text:   8%|▊         | 23/282 [00:12<00:51,  5.04it/s]
Recognizing Text:   9%|▉         | 26/282 [00:13<00:52,  4.91it/s]
Recognizing Text:  12%|█▏        | 34/282 [00:13<00:26,  9.32it/s]
Recognizing Text:  14%|█▍        | 39/282 [00:13<00:21, 11.13it/s]
Recognizing Text:  22%|██▏       | 62/282 [00:14<00:10, 21.45it/s]
Recognizing Text:  25%|██▍       | 70/282 [00:14<00:08, 25.66it/s]
Recognizing Text:  28%|██▊       | 78/282 [00:14<00:06, 30.31it/s]
Recognizing Text:  31%|███       | 87/282 [00:14<00:05, 36.35it/s]
Recognizing Text:  37%|███▋      | 104/282 [00:14<00:03, 53.58it/s]
Recognizing Text:  42%|████▏     | 119/282 [00:14<00:02, 66.34it/s]
Recognizing Text:  50%|█████     | 142/282 [00:14<00:01, 91.54it/s]
Recognizing Text:  59%|█████▉    | 166/282 [00:14<00:01, 114.65it/s]
Recognizing Text:  64%|██████▍   | 180/282 [00:15<00:00, 112.88it/s]
Recognizing Text:  68%|██████▊   | 193/282 [00:15<00:00, 109.64it/s]
Recognizing Text:  73%|███████▎  | 205/282 [00:18<00:05, 14.47it/s] 
Recognizing Text:  76%|███████▌  | 214/282 [00:20<00:06, 10.35it/s]
Recognizing Text:  78%|███████▊  | 221/282 [00:20<00:05, 11.70it/s]
Recognizing Text:  80%|████████  | 227/282 [00:20<00:04, 12.91it/s]
Recognizing Text:  82%|████████▏ | 232/282 [00:20<00:03, 14.68it/s]
Recognizing Text:  84%|████████▍ | 237/282 [00:20<00:02, 16.83it/s]
Recognizing Text:  86%|████████▌ | 242/282 [00:21<00:02, 17.38it/s]
Recognizing Text:  91%|█████████ | 256/282 [00:21<00:00, 29.02it/s]
Recognizing Text:  94%|█████████▍| 266/282 [00:21<00:00, 36.46it/s]
Recognizing Text:  97%|█████████▋| 273/282 [00:21<00:00, 39.59it/s]
Recognizing Text:  99%|█████████▉| 280/282 [00:21<00:00, 30.25it/s]
Recognizing Text: 100%|██████████| 282/282 [00:21<00:00, 12.90it/s]
  [stress] 16/55 pages  0.21 p/s

Detecting bboxes:   0%|          | 0/1 [00:00<?, ?it/s]
Detecting bboxes: 100%|██████████| 1/1 [00:04<00:00,  4.40s/it]
Detecting bboxes: 100%|██████████| 1/1 [00:04<00:00,  4.40s/it]

Recognizing Text:   0%|          | 0/328 [00:00<?, ?it/s]
Recognizing Text:   0%|          | 1/328 [00:13<1:12:25, 13.29s/it]
Recognizing Text:   2%|▏         | 6/328 [00:13<08:55,  1.66s/it]  
Recognizing Text:   3%|▎         | 9/328 [00:13<05:10,  1.03it/s]
Recognizing Text:   4%|▎         | 12/328 [00:14<03:52,  1.36it/s]
Recognizing Text:   5%|▍         | 15/328 [00:15<02:54,  1.80it/s]
Recognizing Text:   5%|▍         | 16/328 [00:15<02:44,  1.90it/s]
Recognizing Text:   5%|▌         | 17/328 [00:15<02:25,  2.14it/s]
Recognizing Text:   6%|▌         | 19/328 [00:16<01:54,  2.70it/s]
Recognizing Text:   6%|▋         | 21/328 [00:16<01:25,  3.58it/s]
Recognizing Text:   8%|▊         | 25/328 [00:16<01:03,  4.81it/s]
Recognizing Text:   8%|▊         | 26/328 [00:18<01:46,  2.83it/s]
Recognizing Text:   9%|▉         | 31/328 [00:18<01:01,  4.80it/s]
Recognizing Text:  11%|█         | 36/328 [00:18<00:48,  6.08it/s]
Recognizing Text:  12%|█▏        | 38/328 [00:19<00:53,  5.47it/s]
Recognizing Text:  15%|█▌        | 50/328 [00:19<00:21, 12.86it/s]
Recognizing Text:  17%|█▋        | 56/328 [00:20<00:31,  8.75it/s]
Recognizing Text:  25%|██▌       | 83/328 [00:21<00:10, 23.52it/s]
Recognizing Text:  31%|███       | 101/328 [00:21<00:06, 33.59it/s]
Recognizing Text:  35%|███▍      | 114/328 [00:21<00:06, 33.02it/s]
Recognizing Text:  39%|███▊      | 127/328 [00:21<00:05, 39.41it/s]
Recognizing Text:  48%|████▊     | 156/328 [00:21<00:02, 62.36it/s]
Recognizing Text:  56%|█████▋    | 185/328 [00:22<00:01, 83.80it/s]
Recognizing Text:  70%|███████   | 231/328 [00:22<00:00, 125.25it/s]
Recognizing Text:  80%|███████▉  | 262/328 [00:22<00:00, 138.74it/s]
Recognizing Text:  87%|████████▋ | 286/328 [00:22<00:00, 139.44it/s]
Recognizing Text:  92%|█████████▏| 303/328 [00:22<00:00, 128.95it/s]
Recognizing Text:  97%|█████████▋| 318/328 [00:25<00:00, 23.91it/s] 
Recognizing Text: 100%|██████████| 328/328 [00:29<00:00, 11.28it/s]
  [stress] 24/55 pages  0.22 p/s

Detecting bboxes:   0%|          | 0/1 [00:00<?, ?it/s]
Detecting bboxes: 100%|██████████| 1/1 [00:04<00:00,  4.45s/it]
Detecting bboxes: 100%|██████████| 1/1 [00:04<00:00,  4.45s/it]

Recognizing Text:   0%|          | 0/311 [00:00<?, ?it/s]
Recognizing Text:   0%|          | 1/311 [00:14<1:16:05, 14.73s/it]
Recognizing Text:   2%|▏         | 6/311 [00:14<09:22,  1.84s/it]  
Recognizing Text:  14%|█▎        | 42/311 [00:15<00:50,  5.29it/s]
Recognizing Text:  17%|█▋        | 54/311 [00:16<00:41,  6.20it/s]
Recognizing Text:  20%|█▉        | 61/311 [00:16<00:33,  7.43it/s]
Recognizing Text:  31%|███       | 96/311 [00:16<00:12, 17.01it/s]
Recognizing Text:  52%|█████▏    | 163/311 [00:16<00:03, 40.13it/s]
Recognizing Text:  58%|█████▊    | 179/311 [00:17<00:03, 43.95it/s]
Recognizing Text:  66%|██████▌   | 204/311 [00:17<00:01, 53.74it/s]
Recognizing Text:  70%|██████▉   | 217/311 [00:17<00:01, 55.51it/s]
Recognizing Text:  73%|███████▎  | 228/311 [00:17<00:01, 55.52it/s]
Recognizing Text:  77%|███████▋  | 238/311 [00:18<00:01, 39.14it/s]
Recognizing Text:  79%|███████▉  | 245/311 [00:19<00:03, 20.99it/s]
Recognizing Text:  80%|████████  | 250/311 [00:19<00:03, 19.26it/s]
Recognizing Text:  82%|████████▏ | 254/311 [00:20<00:02, 19.41it/s]
Recognizing Text:  86%|████████▌ | 268/311 [00:20<00:01, 23.79it/s]
Recognizing Text:  91%|█████████ | 282/311 [00:20<00:00, 31.41it/s]
Recognizing Text:  93%|█████████▎| 290/311 [00:20<00:00, 33.23it/s]
Recognizing Text:  95%|█████████▍| 295/311 [00:21<00:00, 26.04it/s]
Recognizing Text:  97%|█████████▋| 301/311 [00:21<00:00, 26.93it/s]
Recognizing Text:  98%|█████████▊| 305/311 [00:23<00:00,  7.95it/s]
Recognizing Text: 100%|██████████| 311/311 [00:23<00:00, 13.16it/s]
  [stress] 32/55 pages  0.23 p/s

Detecting bboxes:   0%|          | 0/1 [00:00<?, ?it/s]
Detecting bboxes: 100%|██████████| 1/1 [00:04<00:00,  4.29s/it]
Detecting bboxes: 100%|██████████| 1/1 [00:04<00:00,  4.29s/it]

Recognizing Text:   0%|          | 0/270 [00:00<?, ?it/s]
Recognizing Text:   0%|          | 1/270 [00:13<1:02:08, 13.86s/it]
Recognizing Text:  14%|█▎        | 37/270 [00:14<01:02,  3.71it/s] 
Recognizing Text:  21%|██        | 56/270 [00:14<00:35,  5.95it/s]
Recognizing Text:  24%|██▍       | 66/270 [00:15<00:27,  7.30it/s]
Recognizing Text:  35%|███▍      | 94/270 [00:15<00:12, 13.70it/s]
Recognizing Text:  39%|███▊      | 104/270 [00:15<00:10, 16.06it/s]
Recognizing Text:  50%|████▉     | 134/270 [00:15<00:04, 27.43it/s]
Recognizing Text:  54%|█████▎    | 145/270 [00:15<00:04, 30.48it/s]
Recognizing Text:  59%|█████▊    | 158/270 [00:16<00:03, 31.15it/s]
Recognizing Text:  61%|██████▏   | 166/270 [00:17<00:05, 17.64it/s]
Recognizing Text:  66%|██████▌   | 178/270 [00:17<00:04, 22.01it/s]
Recognizing Text:  69%|██████▉   | 186/270 [00:17<00:03, 24.38it/s]
Recognizing Text:  77%|███████▋  | 207/270 [00:18<00:01, 36.91it/s]
Recognizing Text:  79%|███████▉  | 214/270 [00:18<00:01, 36.84it/s]
Recognizing Text:  83%|████████▎ | 224/270 [00:18<00:01, 33.16it/s]
Recognizing Text:  89%|████████▉ | 240/270 [00:18<00:00, 42.75it/s]
Recognizing Text:  97%|█████████▋| 261/270 [00:19<00:00, 46.92it/s]
Recognizing Text:  99%|█████████▉| 267/270 [00:19<00:00, 43.73it/s]
Recognizing Text: 100%|██████████| 270/270 [00:21<00:00, 12.38it/s]
  [stress] 40/55 pages  0.24 p/s

Detecting bboxes:   0%|          | 0/1 [00:00<?, ?it/s]
Detecting bboxes: 100%|██████████| 1/1 [00:03<00:00,  3.67s/it]
Detecting bboxes: 100%|██████████| 1/1 [00:03<00:00,  3.67s/it]

Recognizing Text:   0%|          | 0/232 [00:00<?, ?it/s]
Recognizing Text:   0%|          | 1/232 [00:06<23:43,  6.16s/it]
Recognizing Text:   9%|▉         | 21/232 [00:06<00:45,  4.67it/s]
Recognizing Text:  13%|█▎        | 31/232 [00:06<00:28,  7.08it/s]
Recognizing Text:  16%|█▋        | 38/232 [00:06<00:20,  9.51it/s]
Recognizing Text:  24%|██▎       | 55/232 [00:06<00:10, 16.86it/s]
Recognizing Text:  31%|███       | 71/232 [00:07<00:06, 26.05it/s]
Recognizing Text:  35%|███▍      | 81/232 [00:07<00:04, 31.89it/s]
Recognizing Text:  39%|███▉      | 90/232 [00:08<00:07, 18.77it/s]
Recognizing Text:  42%|████▏     | 97/232 [00:08<00:06, 20.43it/s]
Recognizing Text:  47%|████▋     | 109/232 [00:08<00:04, 25.84it/s]
Recognizing Text:  50%|█████     | 117/232 [00:08<00:04, 27.52it/s]
Recognizing Text:  54%|█████▍    | 125/232 [00:09<00:03, 32.66it/s]
Recognizing Text:  59%|█████▉    | 137/232 [00:09<00:02, 33.23it/s]
Recognizing Text:  61%|██████    | 142/232 [00:13<00:14,  6.09it/s]
Recognizing Text:  63%|██████▎   | 146/232 [00:14<00:17,  4.97it/s]
Recognizing Text:  64%|██████▍   | 149/232 [00:15<00:16,  5.14it/s]
Recognizing Text:  66%|██████▌   | 153/232 [00:15<00:12,  6.35it/s]
Recognizing Text:  68%|██████▊   | 157/232 [00:17<00:15,  4.70it/s]
Recognizing Text:  69%|██████▉   | 161/232 [00:17<00:11,  6.04it/s]
Recognizing Text:  71%|███████   | 165/232 [00:17<00:08,  7.76it/s]
Recognizing Text:  75%|███████▍  | 173/232 [00:17<00:05, 10.84it/s]
Recognizing Text:  78%|███████▊  | 181/232 [00:17<00:03, 14.66it/s]
Recognizing Text:  80%|███████▉  | 185/232 [00:18<00:02, 16.72it/s]
Recognizing Text:  83%|████████▎ | 193/232 [00:18<00:01, 23.44it/s]
Recognizing Text:  88%|████████▊ | 205/232 [00:18<00:00, 35.76it/s]
Recognizing Text:  95%|█████████▌| 221/232 [00:18<00:00, 54.10it/s]
Recognizing Text:  99%|█████████▉| 230/232 [00:18<00:00, 48.63it/s]
Recognizing Text: 100%|██████████| 232/232 [00:18<00:00, 12.47it/s]
  [stress] 48/55 pages  0.25 p/s

Detecting bboxes:   0%|          | 0/1 [00:00<?, ?it/s]
Detecting bboxes: 100%|██████████| 1/1 [00:04<00:00,  4.07s/it]
Detecting bboxes: 100%|██████████| 1/1 [00:04<00:00,  4.07s/it]

Recognizing Text:   0%|          | 0/171 [00:00<?, ?it/s]
Recognizing Text:   1%|          | 1/171 [00:20<59:09, 20.88s/it]
Recognizing Text:   6%|▌         | 10/171 [00:21<04:11,  1.56s/it]
Recognizing Text:   7%|▋         | 12/171 [00:30<06:03,  2.28s/it]
Recognizing Text:  11%|█         | 19/171 [00:33<03:09,  1.24s/it]
Recognizing Text:  15%|█▌        | 26/171 [00:33<01:48,  1.33it/s]
Recognizing Text:  19%|█▊        | 32/171 [00:34<01:09,  2.00it/s]
Recognizing Text:  23%|██▎       | 39/171 [00:36<00:57,  2.28it/s]
Recognizing Text:  27%|██▋       | 46/171 [00:36<00:37,  3.37it/s]
Recognizing Text:  31%|███       | 53/171 [00:36<00:24,  4.82it/s]
Recognizing Text:  39%|███▉      | 67/171 [00:37<00:13,  7.99it/s]
Recognizing Text:  47%|████▋     | 81/171 [00:37<00:07, 11.87it/s]
Recognizing Text:  51%|█████▏    | 88/171 [00:37<00:05, 14.10it/s]
Recognizing Text:  60%|█████▉    | 102/171 [00:37<00:03, 20.84it/s]
Recognizing Text:  72%|███████▏  | 123/171 [00:38<00:01, 33.45it/s]
Recognizing Text:  88%|████████▊ | 151/171 [00:38<00:00, 52.93it/s]
Recognizing Text:  94%|█████████▍| 161/171 [00:38<00:00, 45.51it/s]
Recognizing Text: 100%|██████████| 171/171 [00:38<00:00,  4.42it/s]
  [stress] 55/55 pages  0.23 p/s
