[32m[INFO] 2026-10-04 16:44:31,167 [RapidOCR] base.py:23: Using engine_name: onnxruntime[0m
[32m[INFO] 2026-10-04 16:44:31,208 [RapidOCR] download_file.py:60: File exists and is valid: /content/ocrbench_envs/classic/lib/python3.13/site-packages/rapidocr/models/PP-OCRv6_det_small.onnx[0m
[32m[INFO] 2026-10-04 16:44:31,209 [RapidOCR] main.py:63: Using /content/ocrbench_envs/classic/lib/python3.13/site-packages/rapidocr/models/PP-OCRv6_det_small.onnx[0m
[32m[INFO] 2026-10-04 16:44:31,235 [RapidOCR] base.py:23: Using engine_name: onnxruntime[0m
[32m[INFO] 2026-10-04 16:44:31,236 [RapidOCR] download_file.py:60: File exists and is valid: /content/ocrbench_envs/classic/lib/python3.13/site-packages/rapidocr/models/ch_ppocr_mobile_v2.0_cls_mobile.onnx[0m
[32m[INFO] 2026-10-04 16:44:31,236 [RapidOCR] main.py:63: Using /content/ocrbench_envs/classic/lib/python3.13/site-packages/rapidocr/models/ch_ppocr_mobile_v2.0_cls_mobile.onnx[0m
[32m[INFO] 2026-10-04 16:44:31,255 [RapidOCR] base.py:23: Using engine_name: onnxruntime[0m
[32m[INFO] 2026-10-04 16:44:31,267 [RapidOCR] download_file.py:60: File exists and is valid: /content/ocrbench_envs/classic/lib/python3.13/site-packages/rapidocr/models/PP-OCRv6_rec_small.onnx[0m
[32m[INFO] 2026-10-04 16:44:31,267 [RapidOCR] main.py:63: Using /content/ocrbench_envs/classic/lib/python3.13/site-packages/rapidocr/models/PP-OCRv6_rec_small.onnx[0m
[rapidocr] track books
  [books] latency page 1/8: 0.8s
  [books] latency page 2/8: 1.0s
  [books] latency page 3/8: 0.8s
  [books] latency page 4/8: 1.0s
  [books] latency page 5/8: 1.1s
  [books] latency page 6/8: 0.8s
  [books] latency page 7/8: 0.6s
  [books] latency page 8/8: 0.9s
  [books] batch of 50 pages...
  [books] 8/50 pages  2.55 p/s
  [books] 16/50 pages  2.29 p/s
  [books] 24/50 pages  2.10 p/s
  [books] 32/50 pages  2.32 p/s
  [books] 40/50 pages  2.48 p/s
  [books] 48/50 pages  2.57 p/s
  [books] 50/50 pages  2.56 p/s
[rapidocr] track docs
  [docs] latency page 1/8: 0.7s
  [docs] latency page 2/8: 0.8s
  [docs] latency page 3/8: 0.5s
  [docs] latency page 4/8: 1.1s
  [docs] latency page 5/8: 0.8s
  [docs] latency page 6/8: 0.9s
  [docs] latency page 7/8: 0.6s
  [docs] latency page 8/8: 0.6s
  [docs] batch of 50 pages...
  [docs] 8/50 pages  2.53 p/s
  [docs] 16/50 pages  1.58 p/s
  [docs] 24/50 pages  1.47 p/s
  [docs] 32/50 pages  1.48 p/s
  [docs] 40/50 pages  1.67 p/s
  [docs] 48/50 pages  1.68 p/s
  [docs] 50/50 pages  1.67 p/s
[rapidocr] track handwriting
  [handwriting] latency page 1/8: 0.2s
  [handwriting] latency page 2/8: 0.2s
  [handwriting] latency page 3/8: 0.2s
  [handwriting] latency page 4/8: 0.2s
  [handwriting] latency page 5/8: 0.2s
  [handwriting] latency page 6/8: 0.2s
  [handwriting] latency page 7/8: 0.2s
  [handwriting] latency page 8/8: 0.2s
  [handwriting] batch of 60 pages...
  [handwriting] 8/60 pages  11.64 p/s
  [handwriting] 16/60 pages  11.55 p/s
  [handwriting] 24/60 pages  11.48 p/s
  [handwriting] 32/60 pages  11.42 p/s
[33m[WARNING] 2026-10-04 16:45:39,764 [RapidOCR] main.py:132: The text detection result is empty[0m
  [handwriting] 40/60 pages  11.51 p/s
  [handwriting] 48/60 pages  10.56 p/s
[33m[WARNING] 2026-10-04 16:45:41,162 [RapidOCR] main.py:132: The text detection result is empty[0m
  [handwriting] 56/60 pages  10.54 p/s
  [handwriting] 60/60 pages  10.57 p/s
[rapidocr] track stress
  [stress] latency page 1/8: 0.7s
  [stress] latency page 2/8: 0.6s
  [stress] latency page 3/8: 0.4s
  [stress] latency page 4/8: 0.6s
  [stress] latency page 5/8: 0.6s
  [stress] latency page 6/8: 0.6s
  [stress] latency page 7/8: 0.7s
  [stress] latency page 8/8: 0.5s
  [stress] batch of 55 pages...
  [stress] 8/55 pages  3.41 p/s
  [stress] 16/55 pages  3.38 p/s
  [stress] 24/55 pages  3.47 p/s
  [stress] 32/55 pages  3.79 p/s
  [stress] 40/55 pages  4.05 p/s
  [stress] 48/55 pages  4.07 p/s
  [stress] 55/55 pages  3.89 p/s
