[tesseract] track books
  [books] latency page 1/8: 2.2s
  [books] latency page 2/8: 2.7s
  [books] latency page 3/8: 1.8s
  [books] latency page 4/8: 2.7s
  [books] latency page 5/8: 3.1s
  [books] latency page 6/8: 1.5s
  [books] latency page 7/8: 1.2s
  [books] latency page 8/8: 1.9s
  [books] batch of 50 pages...
  [books] 50/50 pages  7.39 p/s
[tesseract] track docs
  [docs] latency page 1/8: 1.2s
  [docs] latency page 2/8: 4.9s
  [docs] latency page 3/8: 0.5s
  [docs] latency page 4/8: 2.0s
  [docs] latency page 5/8: 1.4s
  [docs] latency page 6/8: 2.0s
  [docs] latency page 7/8: 1.7s
  [docs] latency page 8/8: 1.3s
  [docs] batch of 50 pages...
  [docs] 50/50 pages  5.27 p/s
[tesseract] track handwriting
  [handwriting] latency page 1/8: 0.2s
  [handwriting] latency page 2/8: 0.3s
  [handwriting] latency page 3/8: 0.5s
  [handwriting] latency page 4/8: 0.4s
  [handwriting] latency page 5/8: 0.2s
  [handwriting] latency page 6/8: 0.2s
  [handwriting] latency page 7/8: 0.4s
  [handwriting] latency page 8/8: 0.3s
  [handwriting] batch of 60 pages...
  [handwriting] 60/60 pages  73.60 p/s
[tesseract] track stress
  [stress] latency page 1/8: 1.2s
  [stress] latency page 2/8: 1.1s
  [stress] latency page 3/8: 1.3s
  [stress] latency page 4/8: 1.3s
  [stress] latency page 5/8: 2.7s
  [stress] latency page 6/8: 1.2s
  [stress] latency page 7/8: 0.5s
  [stress] latency page 8/8: 1.0s
  [stress] batch of 55 pages...
  [stress] 55/55 pages  1.22 p/s
