2026-10-04 17:02:26.455329: I tensorflow/core/util/port.cc:153] oneDNN custom operations are on. You may see slightly different numerical results due to floating-point round-off errors from different computation orders. To turn them off, set the environment variable `TF_ENABLE_ONEDNN_OPTS=0`.
2026-10-04 17:02:26.487333: I tensorflow/core/platform/cpu_feature_guard.cc:210] This TensorFlow binary is optimized to use available CPU instructions in performance-critical operations.
To enable the following instructions: AVX2 AVX512F AVX512_VNNI AVX512_BF16 AVX_VNNI FMA, in other operations, rebuild TensorFlow with the appropriate compiler flags.

Downloading manifest.json:   0%|          | 0.00/127 [00:00<?, ?B/s]
Downloading manifest.json: 100%|██████████| 127/127 [00:00<00:00, 757kB/s]

Downloading text_detection model to /root/.cache/datalab/models/text_detection/2025_05_07:   0%|          | 0/6 [00:00<?, ?it/s]

Downloading model.safetensors:   0%|          | 0.00/73.4M [00:00<?, ?B/s][A


Downloading preprocessor_config.json:   0%|          | 0.00/373 [00:00<?, ?B/s][A[A
Downloading preprocessor_config.json: 100%|██████████| 373/373 [00:00<00:00, 2.37MB/s]



Downloading README.md:   0%|          | 0.00/393 [00:00<?, ?B/s][A[A
Downloading README.md: 100%|██████████| 393/393 [00:00<00:00, 3.52MB/s]



Downloading .gitattributes:   0%|          | 0.00/1.48k [00:00<?, ?B/s][A[A
Downloading .gitattributes: 100%|██████████| 1.48k/1.48k [00:00<00:00, 14.8MB/s]



Downloading config.json:   0%|          | 0.00/858 [00:00<?, ?B/s][A[A
Downloading config.json: 100%|██████████| 858/858 [00:00<00:00, 6.58MB/s]



Downloading training_args.bin:   0%|          | 0.00/5.49k [00:00<?, ?B/s][A[A
Downloading training_args.bin: 100%|██████████| 5.49k/5.49k [00:00<00:00, 40.0MB/s]


Downloading model.safetensors:   3%|▎         | 2.00M/73.4M [00:00<00:07, 10.4MB/s][A

Downloading model.safetensors:  33%|███▎      | 24.0M/73.4M [00:00<00:00, 100MB/s] [A

Downloading model.safetensors:  68%|██████▊   | 50.0M/73.4M [00:00<00:00, 163MB/s][A
Downloading model.safetensors: 100%|██████████| 73.4M/73.4M [00:00<00:00, 153MB/s]

Downloading text_detection model to /root/.cache/datalab/models/text_detection/2025_05_07:  17%|█▋        | 1/6 [00:00<00:02,  1.81it/s]
Downloading text_detection model to /root/.cache/datalab/models/text_detection/2025_05_07: 100%|██████████| 6/6 [00:00<00:00, 10.86it/s]

Downloading manifest.json:   0%|          | 0.00/262 [00:00<?, ?B/s]
Downloading manifest.json: 100%|██████████| 262/262 [00:00<00:00, 1.90MB/s]

Downloading text_recognition model to /root/.cache/datalab/models/text_recognition/2025_09_23:   0%|          | 0/12 [00:00<?, ?it/s]

Downloading README.md:   0%|          | 0.00/5.05k [00:00<?, ?B/s][A
Downloading README.md: 100%|██████████| 5.05k/5.05k [00:00<00:00, 38.5MB/s]


Downloading special_tokens_map.json:   0%|          | 0.00/278 [00:00<?, ?B/s][A
Downloading special_tokens_map.json: 100%|██████████| 278/278 [00:00<00:00, 2.45MB/s]


Downloading preprocessor_config.json:   0%|          | 0.00/419 [00:00<?, ?B/s][A
Downloading preprocessor_config.json: 100%|██████████| 419/419 [00:00<00:00, 3.80MB/s]


Downloading specials.json:   0%|          | 0.00/19.6k [00:00<?, ?B/s][A
Downloading specials.json: 100%|██████████| 19.6k/19.6k [00:00<00:00, 109MB/s]


Downloading tokenizer_config.json:   0%|          | 0.00/694 [00:00<?, ?B/s][A
Downloading tokenizer_config.json: 100%|██████████| 694/694 [00:00<00:00, 7.28MB/s]


Downloading training_args.bin:   0%|          | 0.00/7.45k [00:00<?, ?B/s][A
Downloading training_args.bin: 100%|██████████| 7.45k/7.45k [00:00<00:00, 53.7MB/s]


Downloading .gitattributes:   0%|          | 0.00/1.48k [00:00<?, ?B/s][A
Downloading .gitattributes: 100%|██████████| 1.48k/1.48k [00:00<00:00, 11.9MB/s]


Downloading specials_dict.json:   0%|          | 0.00/43.5k [00:00<?, ?B/s][A


Downloading vocab_math.json:   0%|          | 0.00/20.1k [00:00<?, ?B/s][A[A
Downloading specials_dict.json: 100%|██████████| 43.5k/43.5k [00:00<00:00, 32.8MB/s]

Downloading vocab_math.json: 100%|██████████| 20.1k/20.1k [00:00<00:00, 5.40MB/s]


Downloading config.json:   0%|          | 0.00/50.2k [00:00<?, ?B/s][A
Downloading config.json: 100%|██████████| 50.2k/50.2k [00:00<00:00, 34.7MB/s]


Downloading processor_config.json:   0%|          | 0.00/411 [00:00<?, ?B/s][A
Downloading processor_config.json: 100%|██████████| 411/411 [00:00<00:00, 4.11MB/s]


Downloading model.safetensors:   0%|          | 0.00/1.34G [00:00<?, ?B/s][A

Downloading model.safetensors:   0%|          | 1.00M/1.34G [00:00<03:59, 6.00MB/s][A

Downloading model.safetensors:   1%|          | 12.0M/1.34G [00:00<00:26, 54.0MB/s][A

Downloading model.safetensors:   2%|▏         | 24.0M/1.34G [00:00<00:18, 75.8MB/s][A

Downloading model.safetensors:   3%|▎         | 37.0M/1.34G [00:00<00:14, 96.1MB/s][A

Downloading model.safetensors:   4%|▍         | 56.0M/1.34G [00:00<00:10, 128MB/s] [A

Downloading model.safetensors:   5%|▍         | 63.0M/1.34G [00:00<00:12, 110MB/s][A

Downloading model.safetensors:   5%|▌         | 72.0M/1.34G [00:00<00:13, 98.7MB/s][A

Downloading model.safetensors:   6%|▌         | 80.0M/1.34G [00:00<00:14, 90.9MB/s][A

Downloading model.safetensors:   6%|▌         | 84.0M/1.34G [00:01<00:18, 71.6MB/s][A

Downloading model.safetensors:   6%|▋         | 88.0M/1.34G [00:01<00:21, 62.5MB/s][A

Downloading model.safetensors:   7%|▋         | 100M/1.34G [00:01<00:16, 79.8MB/s] [A

Downloading model.safetensors:   8%|▊         | 108M/1.34G [00:01<00:16, 80.7MB/s][A

Downloading model.safetensors:   9%|▊         | 117M/1.34G [00:01<00:18, 72.6MB/s][A

Downloading model.safetensors:   9%|▉         | 130M/1.34G [00:01<00:14, 89.2MB/s][A

Downloading model.safetensors:  10%|█         | 140M/1.34G [00:01<00:13, 93.4MB/s][A

Downloading model.safetensors:  11%|█▏        | 156M/1.34G [00:01<00:12, 104MB/s] [A

Downloading model.safetensors:  12%|█▏        | 167M/1.34G [00:02<00:14, 84.4MB/s][A

Downloading model.safetensors:  13%|█▎        | 173M/1.34G [00:02<00:15, 78.8MB/s][A

Downloading model.safetensors:  13%|█▎        | 181M/1.34G [00:02<00:15, 79.6MB/s][A

Downloading model.safetensors:  14%|█▍        | 192M/1.34G [00:02<00:14, 82.5MB/s][A

Downloading model.safetensors:  15%|█▍        | 205M/1.34G [00:02<00:12, 94.8MB/s][A

Downloading model.safetensors:  16%|█▌        | 213M/1.34G [00:02<00:13, 91.5MB/s][A

Downloading model.safetensors:  16%|█▋        | 223M/1.34G [00:02<00:13, 88.4MB/s][A

Downloading model.safetensors:  17%|█▋        | 238M/1.34G [00:02<00:13, 87.5MB/s][A

Downloading model.safetensors:  19%|█▊        | 254M/1.34G [00:03<00:11, 98.5MB/s][A

Downloading model.safetensors:  20%|█▉        | 270M/1.34G [00:03<00:10, 108MB/s] [A

Downloading model.safetensors:  21%|██        | 286M/1.34G [00:03<00:10, 106MB/s][A

Downloading model.safetensors:  22%|██▏       | 299M/1.34G [00:03<00:10, 112MB/s][A

Downloading model.safetensors:  22%|██▏       | 308M/1.34G [00:03<00:10, 108MB/s][A

Downloading model.safetensors:  23%|██▎       | 317M/1.34G [00:03<00:11, 99.7MB/s][A

Downloading model.safetensors:  24%|██▍       | 332M/1.34G [00:03<00:11, 97.4MB/s][A

Downloading model.safetensors:  25%|██▌       | 346M/1.34G [00:03<00:09, 109MB/s] [A

Downloading model.safetensors:  26%|██▌       | 356M/1.34G [00:04<00:09, 108MB/s][A

Downloading model.safetensors:  27%|██▋       | 364M/1.34G [00:04<00:12, 81.8MB/s][A

Downloading model.safetensors:  27%|██▋       | 375M/1.34G [00:04<00:11, 88.3MB/s][A

Downloading model.safetensors:  28%|██▊       | 390M/1.34G [00:04<00:10, 99.2MB/s][A

Downloading model.safetensors:  30%|██▉       | 405M/1.34G [00:04<00:10, 101MB/s] [A

Downloading model.safetensors:  31%|███       | 420M/1.34G [00:04<00:09, 107MB/s][A

Downloading model.safetensors:  32%|███▏      | 436M/1.34G [00:04<00:10, 90.7MB/s][A

Downloading model.safetensors:  33%|███▎      | 450M/1.34G [00:05<00:09, 101MB/s] [A

Downloading model.safetensors:  34%|███▎      | 461M/1.34G [00:05<00:09, 104MB/s][A

Downloading model.safetensors:  35%|███▍      | 476M/1.34G [00:05<00:08, 111MB/s][A

Downloading model.safetensors:  36%|███▌      | 489M/1.34G [00:05<00:07, 118MB/s][A

Downloading model.safetensors:  36%|███▌      | 497M/1.34G [00:05<00:08, 107MB/s][A

Downloading model.safetensors:  37%|███▋      | 507M/1.34G [00:05<00:11, 79.9MB/s][A

Downloading model.safetensors:  38%|███▊      | 519M/1.34G [00:05<00:10, 83.3MB/s][A

Downloading model.safetensors:  39%|███▉      | 535M/1.34G [00:06<00:09, 93.8MB/s][A

Downloading model.safetensors:  40%|████      | 550M/1.34G [00:06<00:08, 104MB/s] [A

Downloading model.safetensors:  41%|████      | 559M/1.34G [00:06<00:09, 88.1MB/s][A

Downloading model.safetensors:  41%|████▏     | 569M/1.34G [00:06<00:09, 91.8MB/s][A

Downloading model.safetensors:  42%|████▏     | 582M/1.34G [00:06<00:08, 99.9MB/s][A

Downloading model.safetensors:  44%|████▎     | 598M/1.34G [00:06<00:06, 117MB/s] [A

Downloading model.safetensors:  45%|████▍     | 613M/1.34G [00:06<00:06, 116MB/s][A

Downloading model.safetensors:  46%|████▌     | 629M/1.34G [00:06<00:06, 118MB/s][A

Downloading model.safetensors:  47%|████▋     | 645M/1.34G [00:07<00:06, 120MB/s][A

Downloading model.safetensors:  48%|████▊     | 661M/1.34G [00:07<00:05, 129MB/s][A

Downloading model.safetensors:  49%|████▉     | 677M/1.34G [00:07<00:05, 133MB/s][A

Downloading model.safetensors:  50%|█████     | 690M/1.34G [00:07<00:05, 121MB/s][A

Downloading model.safetensors:  51%|█████     | 702M/1.34G [00:07<00:05, 122MB/s][A

Downloading model.safetensors:  51%|█████     | 703M/1.34G [00:07<00:08, 78.0MB/s][A

Downloading model.safetensors:  52%|█████▏    | 717M/1.34G [00:07<00:07, 94.6MB/s][A

Downloading model.safetensors:  53%|█████▎    | 727M/1.34G [00:07<00:07, 95.5MB/s][A

Downloading model.safetensors:  54%|█████▍    | 742M/1.34G [00:08<00:06, 103MB/s] [A

Downloading model.safetensors:  55%|█████▌    | 757M/1.34G [00:08<00:05, 117MB/s][A

Downloading model.safetensors:  56%|█████▌    | 766M/1.34G [00:08<00:05, 110MB/s][A

Downloading model.safetensors:  57%|█████▋    | 777M/1.34G [00:08<00:05, 110MB/s][A

Downloading model.safetensors:  57%|█████▋    | 786M/1.34G [00:08<00:06, 90.2MB/s][A

Downloading model.safetensors:  58%|█████▊    | 792M/1.34G [00:08<00:07, 80.8MB/s][A

Downloading model.safetensors:  58%|█████▊    | 798M/1.34G [00:08<00:07, 76.1MB/s][A

Downloading model.safetensors:  59%|█████▉    | 812M/1.34G [00:08<00:07, 83.3MB/s][A

Downloading model.safetensors:  60%|█████▉    | 820M/1.34G [00:08<00:07, 81.6MB/s][A

Downloading model.safetensors:  60%|██████    | 828M/1.34G [00:09<00:07, 81.4MB/s][A

Downloading model.safetensors:  61%|██████▏   | 842M/1.34G [00:09<00:05, 94.7MB/s][A

Downloading model.safetensors:  62%|██████▏   | 849M/1.34G [00:09<00:06, 87.3MB/s][A

Downloading model.safetensors:  62%|██████▏   | 853M/1.34G [00:09<00:07, 73.2MB/s][A

Downloading model.safetensors:  63%|██████▎   | 860M/1.34G [00:09<00:07, 72.2MB/s][A

Downloading model.safetensors:  63%|██████▎   | 866M/1.34G [00:09<00:07, 69.2MB/s][A

Downloading model.safetensors:  64%|██████▍   | 877M/1.34G [00:09<00:06, 80.0MB/s][A

Downloading model.safetensors:  65%|██████▍   | 889M/1.34G [00:09<00:05, 90.9MB/s][A

Downloading model.safetensors:  65%|██████▌   | 896M/1.34G [00:09<00:05, 83.7MB/s][A

Downloading model.safetensors:  66%|██████▌   | 908M/1.34G [00:10<00:05, 91.2MB/s][A

Downloading model.safetensors:  67%|██████▋   | 922M/1.34G [00:10<00:04, 106MB/s] [A

Downloading model.safetensors:  68%|██████▊   | 930M/1.34G [00:10<00:04, 98.6MB/s][A

Downloading model.safetensors:  68%|██████▊   | 939M/1.34G [00:10<00:05, 82.4MB/s][A

Downloading model.safetensors:  69%|██████▉   | 953M/1.34G [00:10<00:04, 98.5MB/s][A

Downloading model.safetensors:  70%|██████▉   | 960M/1.34G [00:10<00:04, 87.4MB/s][A

Downloading model.safetensors:  70%|███████   | 964M/1.34G [00:10<00:07, 54.1MB/s][A

Downloading model.safetensors:  72%|███████▏  | 982M/1.34G [00:10<00:05, 80.0MB/s][A

Downloading model.safetensors:  73%|███████▎  | 998M/1.34G [00:11<00:04, 91.9MB/s][A

Downloading model.safetensors:  74%|███████▍  | 0.99G/1.34G [00:11<00:04, 93.3MB/s][A

Downloading model.safetensors:  75%|███████▍  | 1.00G/1.34G [00:11<00:03, 102MB/s] [A

Downloading model.safetensors:  75%|███████▌  | 1.01G/1.34G [00:11<00:03, 95.1MB/s][A

Downloading model.safetensors:  76%|███████▌  | 1.02G/1.34G [00:11<00:03, 93.0MB/s][A

Downloading model.safetensors:  77%|███████▋  | 1.03G/1.34G [00:11<00:03, 101MB/s] [A

Downloading model.safetensors:  77%|███████▋  | 1.04G/1.34G [00:11<00:03, 93.1MB/s][A

Downloading model.safetensors:  78%|███████▊  | 1.05G/1.34G [00:11<00:03, 94.3MB/s][A

Downloading model.safetensors:  79%|███████▉  | 1.06G/1.34G [00:12<00:03, 85.4MB/s][A

Downloading model.safetensors:  79%|███████▉  | 1.06G/1.34G [00:12<00:03, 77.2MB/s][A

Downloading model.safetensors:  80%|████████  | 1.08G/1.34G [00:12<00:03, 90.4MB/s][A

Downloading model.safetensors:  81%|████████▏ | 1.09G/1.34G [00:12<00:02, 102MB/s] [A

Downloading model.safetensors:  82%|████████▏ | 1.09G/1.34G [00:12<00:03, 83.0MB/s][A

Downloading model.safetensors:  82%|████████▏ | 1.10G/1.34G [00:12<00:03, 81.2MB/s][A

Downloading model.safetensors:  83%|████████▎ | 1.11G/1.34G [00:12<00:02, 95.3MB/s][A

Downloading model.safetensors:  83%|████████▎ | 1.12G/1.34G [00:12<00:03, 79.4MB/s][A

Downloading model.safetensors:  84%|████████▍ | 1.13G/1.34G [00:12<00:02, 91.5MB/s][A

Downloading model.safetensors:  85%|████████▍ | 1.14G/1.34G [00:13<00:02, 85.9MB/s][A

Downloading model.safetensors:  86%|████████▌ | 1.15G/1.34G [00:13<00:02, 87.8MB/s][A

Downloading model.safetensors:  87%|████████▋ | 1.16G/1.34G [00:13<00:01, 103MB/s] [A

Downloading model.safetensors:  87%|████████▋ | 1.17G/1.34G [00:13<00:01, 96.5MB/s][A

Downloading model.safetensors:  88%|████████▊ | 1.18G/1.34G [00:13<00:01, 104MB/s] [A

Downloading model.safetensors:  89%|████████▉ | 1.19G/1.34G [00:13<00:01, 95.3MB/s][A

Downloading model.safetensors:  90%|████████▉ | 1.20G/1.34G [00:13<00:01, 93.2MB/s][A

Downloading model.safetensors:  91%|█████████ | 1.22G/1.34G [00:13<00:01, 101MB/s] [A

Downloading model.safetensors:  92%|█████████▏| 1.23G/1.34G [00:14<00:01, 111MB/s][A

Downloading model.safetensors:  92%|█████████▏| 1.24G/1.34G [00:14<00:01, 95.5MB/s][A

Downloading model.safetensors:  93%|█████████▎| 1.25G/1.34G [00:14<00:01, 92.5MB/s][A

Downloading model.safetensors:  94%|█████████▍| 1.26G/1.34G [00:14<00:00, 106MB/s] [A

Downloading model.safetensors:  95%|█████████▍| 1.27G/1.34G [00:14<00:00, 102MB/s][A

Downloading model.safetensors:  95%|█████████▌| 1.28G/1.34G [00:14<00:00, 93.1MB/s][A

Downloading model.safetensors:  96%|█████████▌| 1.29G/1.34G [00:14<00:00, 96.0MB/s][A

Downloading model.safetensors:  96%|█████████▋| 1.29G/1.34G [00:14<00:00, 80.3MB/s][A

Downloading model.safetensors:  97%|█████████▋| 1.30G/1.34G [00:14<00:00, 69.1MB/s][A

Downloading model.safetensors:  97%|█████████▋| 1.30G/1.34G [00:15<00:00, 56.3MB/s][A

Downloading model.safetensors:  98%|█████████▊| 1.31G/1.34G [00:15<00:00, 63.1MB/s][A

Downloading model.safetensors:  98%|█████████▊| 1.32G/1.34G [00:15<00:00, 65.8MB/s][A

Downloading model.safetensors:  99%|█████████▉| 1.33G/1.34G [00:15<00:00, 84.4MB/s][A

Downloading model.safetensors: 100%|█████████▉| 1.34G/1.34G [00:15<00:00, 83.6MB/s][A
Downloading model.safetensors: 100%|██████████| 1.34G/1.34G [00:15<00:00, 93.0MB/s]

Downloading text_recognition model to /root/.cache/datalab/models/text_recognition/2025_09_23: 100%|██████████| 12/12 [00:15<00:00,  1.30s/it]
Downloading text_recognition model to /root/.cache/datalab/models/text_recognition/2025_09_23: 100%|██████████| 12/12 [00:15<00:00,  1.30s/it]

Detecting bboxes:   0%|          | 0/1 [00:00<?, ?it/s]
Detecting bboxes: 100%|██████████| 1/1 [00:02<00:00,  2.22s/it]
Detecting bboxes: 100%|██████████| 1/1 [00:02<00:00,  2.22s/it]

Recognizing Text:   0%|          | 0/35 [00:00<?, ?it/s]
Recognizing Text:   3%|▎         | 1/35 [00:00<00:19,  1.75it/s]
Recognizing Text:   6%|▌         | 2/35 [00:00<00:09,  3.37it/s]
Recognizing Text:  20%|██        | 7/35 [00:00<00:02, 12.93it/s]
Recognizing Text:  29%|██▊       | 10/35 [00:01<00:02, 11.22it/s]
Recognizing Text: 100%|██████████| 35/35 [00:01<00:00, 29.00it/s]
[surya] track books

Detecting bboxes:   0%|          | 0/1 [00:00<?, ?it/s]
Detecting bboxes: 100%|██████████| 1/1 [00:00<00:00,  3.64it/s]
Detecting bboxes: 100%|██████████| 1/1 [00:00<00:00,  3.64it/s]

Recognizing Text:   0%|          | 0/35 [00:00<?, ?it/s]
Recognizing Text:   3%|▎         | 1/35 [00:00<00:07,  4.63it/s]
Recognizing Text:   6%|▌         | 2/35 [00:00<00:04,  6.69it/s]
Recognizing Text:  20%|██        | 7/35 [00:00<00:01, 20.34it/s]
Recognizing Text:  29%|██▊       | 10/35 [00:00<00:01, 13.77it/s]
Recognizing Text: 100%|██████████| 35/35 [00:00<00:00, 41.19it/s]
  [books] latency page 1/8: 1.3s

Detecting bboxes:   0%|          | 0/1 [00:00<?, ?it/s]
Detecting bboxes: 100%|██████████| 1/1 [00:00<00:00,  3.56it/s]
Detecting bboxes: 100%|██████████| 1/1 [00:00<00:00,  3.56it/s]

Recognizing Text:   0%|          | 0/40 [00:00<?, ?it/s]
Recognizing Text:   2%|▎         | 1/40 [00:00<00:09,  4.27it/s]
Recognizing Text:   8%|▊         | 3/40 [00:00<00:03, 10.22it/s]
Recognizing Text:  12%|█▎        | 5/40 [00:00<00:04,  8.74it/s]
Recognizing Text:  18%|█▊        | 7/40 [00:00<00:03,  9.26it/s]
Recognizing Text:  57%|█████▊    | 23/40 [00:00<00:00, 42.20it/s]
Recognizing Text: 100%|██████████| 40/40 [00:01<00:00, 69.47it/s]
Recognizing Text: 100%|██████████| 40/40 [00:01<00:00, 39.50it/s]
  [books] latency page 2/8: 1.4s

Detecting bboxes:   0%|          | 0/1 [00:00<?, ?it/s]
Detecting bboxes: 100%|██████████| 1/1 [00:00<00:00,  3.85it/s]
Detecting bboxes: 100%|██████████| 1/1 [00:00<00:00,  3.85it/s]

Recognizing Text:   0%|          | 0/32 [00:00<?, ?it/s]
Recognizing Text:   3%|▎         | 1/32 [00:00<00:05,  5.60it/s]
Recognizing Text:  16%|█▌        | 5/32 [00:00<00:01, 18.22it/s]
Recognizing Text:  31%|███▏      | 10/32 [00:00<00:01, 21.68it/s]
Recognizing Text:  41%|████      | 13/32 [00:00<00:01, 18.29it/s]
Recognizing Text: 100%|██████████| 32/32 [00:00<00:00, 56.82it/s]
Recognizing Text: 100%|██████████| 32/32 [00:00<00:00, 38.42it/s]
  [books] latency page 3/8: 1.2s

Detecting bboxes:   0%|          | 0/1 [00:00<?, ?it/s]
Detecting bboxes: 100%|██████████| 1/1 [00:00<00:00,  3.48it/s]
Detecting bboxes: 100%|██████████| 1/1 [00:00<00:00,  3.48it/s]

Recognizing Text:   0%|          | 0/40 [00:00<?, ?it/s]
Recognizing Text:   2%|▎         | 1/40 [00:00<00:09,  4.16it/s]
Recognizing Text:   5%|▌         | 2/40 [00:00<00:06,  5.61it/s]
Recognizing Text:  10%|█         | 4/40 [00:00<00:04,  8.03it/s]
Recognizing Text:  12%|█▎        | 5/40 [00:00<00:04,  7.52it/s]
Recognizing Text:  15%|█▌        | 6/40 [00:00<00:04,  7.69it/s]
Recognizing Text: 100%|██████████| 40/40 [00:00<00:00, 88.17it/s]
Recognizing Text: 100%|██████████| 40/40 [00:00<00:00, 42.11it/s]
  [books] latency page 4/8: 1.4s

Detecting bboxes:   0%|          | 0/1 [00:00<?, ?it/s]
Detecting bboxes: 100%|██████████| 1/1 [00:00<00:00,  3.51it/s]
Detecting bboxes: 100%|██████████| 1/1 [00:00<00:00,  3.51it/s]

Recognizing Text:   0%|          | 0/44 [00:00<?, ?it/s]
Recognizing Text:   2%|▏         | 1/44 [00:00<00:12,  3.46it/s]
Recognizing Text:  11%|█▏        | 5/44 [00:00<00:02, 13.73it/s]
Recognizing Text:  18%|█▊        | 8/44 [00:00<00:02, 15.90it/s]
Recognizing Text:  23%|██▎       | 10/44 [00:00<00:03, 10.73it/s]
Recognizing Text:  84%|████████▍ | 37/44 [00:01<00:00, 60.55it/s]
Recognizing Text: 100%|██████████| 44/44 [00:01<00:00, 34.90it/s]
  [books] latency page 5/8: 1.7s

Detecting bboxes:   0%|          | 0/1 [00:00<?, ?it/s]
Detecting bboxes: 100%|██████████| 1/1 [00:00<00:00,  3.94it/s]
Detecting bboxes: 100%|██████████| 1/1 [00:00<00:00,  3.93it/s]

Recognizing Text:   0%|          | 0/28 [00:00<?, ?it/s]
Recognizing Text:   4%|▎         | 1/28 [00:00<00:04,  5.69it/s]
Recognizing Text:   7%|▋         | 2/28 [00:00<00:03,  7.41it/s]
Recognizing Text:  21%|██▏       | 6/28 [00:00<00:01, 13.65it/s]
Recognizing Text:  32%|███▏      | 9/28 [00:00<00:01, 15.73it/s]
Recognizing Text:  79%|███████▊  | 22/28 [00:00<00:00, 44.11it/s]
Recognizing Text: 100%|██████████| 28/28 [00:01<00:00, 34.73it/s]
Recognizing Text: 100%|██████████| 28/28 [00:01<00:00, 27.71it/s]
  [books] latency page 6/8: 1.4s

Detecting bboxes:   0%|          | 0/1 [00:00<?, ?it/s]
Detecting bboxes: 100%|██████████| 1/1 [00:00<00:00,  4.18it/s]
Detecting bboxes: 100%|██████████| 1/1 [00:00<00:00,  4.18it/s]

Recognizing Text:   0%|          | 0/23 [00:00<?, ?it/s]
Recognizing Text:   4%|▍         | 1/23 [00:00<00:02,  7.85it/s]
Recognizing Text:  26%|██▌       | 6/23 [00:00<00:00, 30.10it/s]
Recognizing Text:  43%|████▎     | 10/23 [00:00<00:00, 29.07it/s]
Recognizing Text:  61%|██████    | 14/23 [00:00<00:00, 20.26it/s]
Recognizing Text: 100%|██████████| 23/23 [00:00<00:00, 32.54it/s]
  [books] latency page 7/8: 1.1s

Detecting bboxes:   0%|          | 0/1 [00:00<?, ?it/s]
Detecting bboxes: 100%|██████████| 1/1 [00:00<00:00,  3.73it/s]
Detecting bboxes: 100%|██████████| 1/1 [00:00<00:00,  3.73it/s]

Recognizing Text:   0%|          | 0/34 [00:00<?, ?it/s]
Recognizing Text:   3%|▎         | 1/34 [00:00<00:06,  4.99it/s]
Recognizing Text:  12%|█▏        | 4/34 [00:00<00:01, 15.31it/s]
Recognizing Text:  24%|██▎       | 8/34 [00:00<00:02, 12.12it/s]
Recognizing Text:  50%|█████     | 17/34 [00:00<00:00, 28.28it/s]
Recognizing Text: 100%|██████████| 34/34 [00:00<00:00, 40.64it/s]
  [books] latency page 8/8: 1.2s
  [books] batch of 50 pages...

Detecting bboxes:   0%|          | 0/1 [00:00<?, ?it/s]
Detecting bboxes: 100%|██████████| 1/1 [00:01<00:00,  1.67s/it]
Detecting bboxes: 100%|██████████| 1/1 [00:01<00:00,  1.67s/it]

Recognizing Text:   0%|          | 0/276 [00:00<?, ?it/s]
Recognizing Text:   0%|          | 1/276 [00:01<08:21,  1.82s/it]
Recognizing Text:   5%|▍         | 13/276 [00:01<00:28,  9.10it/s]
Recognizing Text:   9%|▊         | 24/276 [00:02<00:13, 18.15it/s]
Recognizing Text:  12%|█▏        | 32/276 [00:02<00:11, 21.35it/s]
Recognizing Text:  14%|█▍        | 38/276 [00:02<00:10, 21.79it/s]
Recognizing Text:  16%|█▌        | 43/276 [00:03<00:13, 17.43it/s]
Recognizing Text:  18%|█▊        | 50/276 [00:03<00:09, 22.88it/s]
Recognizing Text:  22%|██▏       | 61/276 [00:03<00:06, 34.63it/s]
Recognizing Text:  36%|███▌      | 100/276 [00:03<00:01, 89.92it/s]
Recognizing Text:  76%|███████▌  | 209/276 [00:03<00:00, 267.89it/s]
Recognizing Text:  96%|█████████▌| 265/276 [00:03<00:00, 324.53it/s]
Recognizing Text: 100%|██████████| 276/276 [00:04<00:00, 65.73it/s] 
  [books] 8/50 pages  1.12 p/s

Detecting bboxes:   0%|          | 0/1 [00:00<?, ?it/s]
Detecting bboxes: 100%|██████████| 1/1 [00:01<00:00,  1.60s/it]
Detecting bboxes: 100%|██████████| 1/1 [00:01<00:00,  1.60s/it]

Recognizing Text:   0%|          | 0/604 [00:00<?, ?it/s]
Recognizing Text:   0%|          | 1/604 [00:01<14:18,  1.42s/it]
Recognizing Text:   1%|          | 4/604 [00:01<03:01,  3.31it/s]
Recognizing Text:   1%|          | 6/604 [00:01<02:41,  3.71it/s]
Recognizing Text:   3%|▎         | 17/604 [00:02<00:40, 14.43it/s]
Recognizing Text:  10%|█         | 61/604 [00:02<00:09, 58.73it/s]
Recognizing Text:  22%|██▏       | 135/604 [00:02<00:03, 122.37it/s]
Recognizing Text:  31%|███▏      | 190/604 [00:02<00:02, 159.87it/s]
Recognizing Text:  40%|████      | 242/604 [00:03<00:01, 185.54it/s]
Recognizing Text:  44%|████▎     | 264/604 [00:03<00:02, 119.52it/s]
Recognizing Text:  47%|████▋     | 281/604 [00:03<00:02, 113.54it/s]
Recognizing Text:  49%|████▉     | 298/604 [00:03<00:03, 101.31it/s]
Recognizing Text:  52%|█████▏    | 317/604 [00:04<00:02, 110.71it/s]
Recognizing Text:  58%|█████▊    | 351/604 [00:04<00:02, 121.36it/s]
Recognizing Text:  71%|███████   | 429/604 [00:04<00:00, 220.21it/s]
Recognizing Text:  86%|████████▌ | 517/604 [00:04<00:00, 325.92it/s]
Recognizing Text:  93%|█████████▎| 561/604 [00:04<00:00, 347.81it/s]
Recognizing Text: 100%|██████████| 604/604 [00:04<00:00, 314.67it/s]
Recognizing Text: 100%|██████████| 604/604 [00:04<00:00, 125.79it/s]
  [books] 16/50 pages  1.09 p/s

Detecting bboxes:   0%|          | 0/1 [00:00<?, ?it/s]
Detecting bboxes: 100%|██████████| 1/1 [00:01<00:00,  1.64s/it]
Detecting bboxes: 100%|██████████| 1/1 [00:01<00:00,  1.65s/it]

Recognizing Text:   0%|          | 0/417 [00:00<?, ?it/s]
Recognizing Text:   0%|          | 1/417 [00:01<10:37,  1.53s/it]
Recognizing Text:   1%|          | 3/417 [00:02<05:36,  1.23it/s]
Recognizing Text:   2%|▏         | 9/417 [00:02<01:25,  4.76it/s]
Recognizing Text:   5%|▍         | 20/417 [00:02<00:30, 12.89it/s]
Recognizing Text:   8%|▊         | 32/417 [00:03<00:17, 21.43it/s]
Recognizing Text:   9%|▉         | 38/417 [00:03<00:19, 19.51it/s]
Recognizing Text:  11%|█         | 44/417 [00:03<00:15, 23.46it/s]
Recognizing Text:  13%|█▎        | 54/417 [00:03<00:12, 29.30it/s]
Recognizing Text:  21%|██        | 86/417 [00:03<00:04, 68.62it/s]
Recognizing Text:  26%|██▌       | 109/417 [00:04<00:03, 84.69it/s]
Recognizing Text:  42%|████▏     | 174/417 [00:04<00:01, 146.82it/s]
Recognizing Text:  59%|█████▊    | 244/417 [00:04<00:00, 231.44it/s]
Recognizing Text:  66%|██████▌   | 274/417 [00:04<00:00, 219.24it/s]
Recognizing Text:  72%|███████▏  | 301/417 [00:04<00:00, 157.15it/s]
Recognizing Text:  77%|███████▋  | 322/417 [00:05<00:00, 143.50it/s]
Recognizing Text:  82%|████████▏ | 340/417 [00:05<00:00, 142.05it/s]
Recognizing Text:  90%|█████████ | 377/417 [00:05<00:00, 181.30it/s]
Recognizing Text:  96%|█████████▌| 399/417 [00:05<00:00, 182.23it/s]
Recognizing Text: 100%|██████████| 417/417 [00:05<00:00, 74.40it/s] 
  [books] 24/50 pages  1.02 p/s

Detecting bboxes:   0%|          | 0/1 [00:00<?, ?it/s]
Detecting bboxes: 100%|██████████| 1/1 [00:01<00:00,  1.55s/it]
Detecting bboxes: 100%|██████████| 1/1 [00:01<00:00,  1.55s/it]

Recognizing Text:   0%|          | 0/264 [00:00<?, ?it/s]
Recognizing Text:   0%|          | 1/264 [00:01<06:46,  1.54s/it]
Recognizing Text:  12%|█▏        | 32/264 [00:01<00:09, 23.26it/s]
Recognizing Text:  15%|█▍        | 39/264 [00:02<00:08, 25.60it/s]
Recognizing Text:  18%|█▊        | 47/264 [00:02<00:06, 31.10it/s]
Recognizing Text:  20%|██        | 53/264 [00:02<00:07, 29.94it/s]
Recognizing Text:  25%|██▌       | 66/264 [00:02<00:04, 41.94it/s]
Recognizing Text:  33%|███▎      | 88/264 [00:02<00:02, 69.06it/s]
Recognizing Text:  59%|█████▉    | 157/264 [00:02<00:00, 179.21it/s]
Recognizing Text:  77%|███████▋  | 202/264 [00:02<00:00, 231.13it/s]
Recognizing Text:  89%|████████▊ | 234/264 [00:03<00:00, 92.27it/s] 
Recognizing Text:  97%|█████████▋| 257/264 [00:03<00:00, 106.30it/s]
Recognizing Text: 100%|██████████| 264/264 [00:03<00:00, 67.03it/s] 
  [books] 32/50 pages  1.05 p/s

Detecting bboxes:   0%|          | 0/1 [00:00<?, ?it/s]
Detecting bboxes: 100%|██████████| 1/1 [00:01<00:00,  1.56s/it]
Detecting bboxes: 100%|██████████| 1/1 [00:01<00:00,  1.56s/it]

Recognizing Text:   0%|          | 0/276 [00:00<?, ?it/s]
Recognizing Text:   0%|          | 1/276 [00:02<10:08,  2.21s/it]
Recognizing Text:   1%|          | 3/276 [00:02<03:10,  1.43it/s]
Recognizing Text:   2%|▏         | 6/276 [00:02<01:23,  3.24it/s]
Recognizing Text:   3%|▎         | 9/276 [00:02<00:54,  4.91it/s]
Recognizing Text:   4%|▍         | 11/276 [00:03<00:41,  6.35it/s]
Recognizing Text:   7%|▋         | 19/276 [00:03<00:16, 15.12it/s]
Recognizing Text:  12%|█▏        | 33/276 [00:03<00:07, 33.09it/s]
Recognizing Text:  24%|██▍       | 66/276 [00:03<00:02, 83.28it/s]
Recognizing Text:  57%|█████▋    | 156/276 [00:03<00:00, 239.38it/s]
Recognizing Text:  85%|████████▍ | 234/276 [00:03<00:00, 354.94it/s]
Recognizing Text: 100%|██████████| 276/276 [00:05<00:00, 54.95it/s] 
  [books] 40/50 pages  1.05 p/s

Detecting bboxes:   0%|          | 0/1 [00:00<?, ?it/s]
Detecting bboxes: 100%|██████████| 1/1 [00:01<00:00,  1.57s/it]
Detecting bboxes: 100%|██████████| 1/1 [00:01<00:00,  1.57s/it]

Recognizing Text:   0%|          | 0/250 [00:00<?, ?it/s]
Recognizing Text:   0%|          | 1/250 [00:02<08:56,  2.16s/it]
Recognizing Text:   2%|▏         | 4/250 [00:02<01:48,  2.26it/s]
Recognizing Text:   4%|▍         | 10/250 [00:02<00:35,  6.73it/s]
Recognizing Text:   8%|▊         | 19/250 [00:02<00:16, 14.22it/s]
Recognizing Text:   9%|▉         | 23/250 [00:02<00:17, 13.28it/s]
Recognizing Text:  10%|█         | 26/250 [00:03<00:16, 13.74it/s]
Recognizing Text:  13%|█▎        | 33/250 [00:03<00:10, 20.30it/s]
Recognizing Text:  15%|█▌        | 38/250 [00:03<00:08, 23.89it/s]
Recognizing Text:  18%|█▊        | 46/250 [00:03<00:06, 31.99it/s]
Recognizing Text:  22%|██▏       | 54/250 [00:03<00:05, 39.04it/s]
Recognizing Text:  27%|██▋       | 67/250 [00:03<00:03, 54.69it/s]
Recognizing Text:  37%|███▋      | 92/250 [00:03<00:01, 91.89it/s]
Recognizing Text:  63%|██████▎   | 158/250 [00:04<00:00, 209.57it/s]
Recognizing Text:  88%|████████▊ | 219/250 [00:04<00:00, 288.64it/s]
Recognizing Text: 100%|██████████| 250/250 [00:08<00:00, 28.47it/s] 
  [books] 48/50 pages  0.96 p/s

Detecting bboxes:   0%|          | 0/1 [00:00<?, ?it/s]
Detecting bboxes: 100%|██████████| 1/1 [00:00<00:00,  1.98it/s]
Detecting bboxes: 100%|██████████| 1/1 [00:00<00:00,  1.98it/s]

Recognizing Text:   0%|          | 0/60 [00:00<?, ?it/s]
Recognizing Text:   2%|▏         | 1/60 [00:00<00:22,  2.61it/s]
Recognizing Text:  10%|█         | 6/60 [00:00<00:03, 14.75it/s]
Recognizing Text:  23%|██▎       | 14/60 [00:00<00:01, 28.08it/s]
Recognizing Text:  30%|███       | 18/60 [00:00<00:01, 25.62it/s]
Recognizing Text:  72%|███████▏  | 43/60 [00:00<00:00, 76.11it/s]
Recognizing Text: 100%|██████████| 60/60 [00:00<00:00, 60.45it/s]
  [books] 50/50 pages  0.96 p/s
[surya] track docs

Detecting bboxes:   0%|          | 0/1 [00:00<?, ?it/s]
Detecting bboxes: 100%|██████████| 1/1 [00:00<00:00,  4.84it/s]
Detecting bboxes: 100%|██████████| 1/1 [00:00<00:00,  4.83it/s]

Recognizing Text:   0%|          | 0/26 [00:00<?, ?it/s]
Recognizing Text:   8%|▊         | 2/26 [00:00<00:01, 18.22it/s]
Recognizing Text:  23%|██▎       | 6/26 [00:00<00:00, 25.36it/s]
Recognizing Text:  35%|███▍      | 9/26 [00:00<00:01, 13.11it/s]
Recognizing Text:  81%|████████  | 21/26 [00:00<00:00, 35.85it/s]
Recognizing Text: 100%|██████████| 26/26 [00:00<00:00, 31.10it/s]
  [docs] latency page 1/8: 1.1s

Detecting bboxes:   0%|          | 0/1 [00:00<?, ?it/s]
Detecting bboxes: 100%|██████████| 1/1 [00:00<00:00,  6.22it/s]
Detecting bboxes: 100%|██████████| 1/1 [00:00<00:00,  6.22it/s]

Recognizing Text:   0%|          | 0/39 [00:00<?, ?it/s]
Recognizing Text:   3%|▎         | 1/39 [00:00<00:06,  6.11it/s]
Recognizing Text:  15%|█▌        | 6/39 [00:00<00:01, 19.00it/s]
Recognizing Text:  23%|██▎       | 9/39 [00:00<00:01, 22.55it/s]
Recognizing Text:  31%|███       | 12/39 [00:00<00:01, 23.71it/s]
Recognizing Text:  38%|███▊      | 15/39 [00:00<00:01, 19.21it/s]
Recognizing Text:  97%|█████████▋| 38/39 [00:00<00:00, 68.64it/s]
Recognizing Text: 100%|██████████| 39/39 [00:00<00:00, 43.96it/s]
  [docs] latency page 2/8: 1.1s

Detecting bboxes:   0%|          | 0/1 [00:00<?, ?it/s]
Detecting bboxes: 100%|██████████| 1/1 [00:00<00:00,  7.73it/s]
Detecting bboxes: 100%|██████████| 1/1 [00:00<00:00,  7.72it/s]

Recognizing Text:   0%|          | 0/35 [00:00<?, ?it/s]
Recognizing Text:   9%|▊         | 3/35 [00:00<00:01, 29.11it/s]
Recognizing Text:  86%|████████▌ | 30/35 [00:00<00:00, 152.36it/s]
Recognizing Text: 100%|██████████| 35/35 [00:01<00:00, 33.90it/s] 
  [docs] latency page 3/8: 1.2s

Detecting bboxes:   0%|          | 0/1 [00:00<?, ?it/s]
Detecting bboxes: 100%|██████████| 1/1 [00:00<00:00,  5.96it/s]
Detecting bboxes: 100%|██████████| 1/1 [00:00<00:00,  5.95it/s]

Recognizing Text:   0%|          | 0/99 [00:00<?, ?it/s]
Recognizing Text:   1%|          | 1/99 [00:00<00:30,  3.22it/s]
Recognizing Text:   2%|▏         | 2/99 [00:00<00:18,  5.29it/s]
Recognizing Text:  11%|█         | 11/99 [00:00<00:02, 31.16it/s]
Recognizing Text:  16%|█▌        | 16/99 [00:00<00:02, 36.50it/s]
Recognizing Text:  28%|██▊       | 28/99 [00:00<00:01, 59.42it/s]
Recognizing Text:  37%|███▋      | 37/99 [00:00<00:00, 68.25it/s]
Recognizing Text:  45%|████▌     | 45/99 [00:01<00:00, 58.25it/s]
Recognizing Text:  88%|████████▊ | 87/99 [00:01<00:00, 147.87it/s]
Recognizing Text: 100%|██████████| 99/99 [00:01<00:00, 86.15it/s] 
  [docs] latency page 4/8: 1.4s

Detecting bboxes:   0%|          | 0/1 [00:00<?, ?it/s]
Detecting bboxes: 100%|██████████| 1/1 [00:00<00:00,  6.83it/s]
Detecting bboxes: 100%|██████████| 1/1 [00:00<00:00,  6.83it/s]

Recognizing Text:   0%|          | 0/82 [00:00<?, ?it/s]
Recognizing Text:   1%|          | 1/82 [00:00<00:18,  4.40it/s]
Recognizing Text:  32%|███▏      | 26/82 [00:00<00:00, 98.51it/s]
Recognizing Text:  57%|█████▋    | 47/82 [00:00<00:00, 125.51it/s]
Recognizing Text:  77%|███████▋  | 63/82 [00:00<00:00, 72.81it/s] 
Recognizing Text: 100%|██████████| 82/82 [00:01<00:00, 84.56it/s]
Recognizing Text: 100%|██████████| 82/82 [00:01<00:00, 81.91it/s]
  [docs] latency page 5/8: 1.2s

Detecting bboxes:   0%|          | 0/1 [00:00<?, ?it/s]
Detecting bboxes: 100%|██████████| 1/1 [00:00<00:00,  6.11it/s]
Detecting bboxes: 100%|██████████| 1/1 [00:00<00:00,  6.10it/s]

Recognizing Text:   0%|          | 0/53 [00:00<?, ?it/s]
Recognizing Text:   2%|▏         | 1/53 [00:00<00:07,  6.78it/s]
Recognizing Text:  13%|█▎        | 7/53 [00:00<00:01, 27.83it/s]
Recognizing Text:  19%|█▉        | 10/53 [00:00<00:01, 24.56it/s]
Recognizing Text:  26%|██▋       | 14/53 [00:00<00:01, 27.75it/s]
Recognizing Text:  32%|███▏      | 17/53 [00:00<00:01, 24.14it/s]
Recognizing Text:  38%|███▊      | 20/53 [00:00<00:01, 21.36it/s]
Recognizing Text:  81%|████████  | 43/53 [00:01<00:00, 68.78it/s]
Recognizing Text: 100%|██████████| 53/53 [00:01<00:00, 74.45it/s]
Recognizing Text: 100%|██████████| 53/53 [00:01<00:00, 47.69it/s]
  [docs] latency page 6/8: 1.3s

Detecting bboxes:   0%|          | 0/1 [00:00<?, ?it/s]
Detecting bboxes: 100%|██████████| 1/1 [00:00<00:00,  6.46it/s]
Detecting bboxes: 100%|██████████| 1/1 [00:00<00:00,  6.46it/s]

Recognizing Text:   0%|          | 0/35 [00:00<?, ?it/s]
Recognizing Text:   3%|▎         | 1/35 [00:00<00:04,  7.27it/s]
Recognizing Text:  17%|█▋        | 6/35 [00:00<00:01, 26.40it/s]
Recognizing Text:  26%|██▌       | 9/35 [00:00<00:01, 20.71it/s]
Recognizing Text:  34%|███▍      | 12/35 [00:00<00:01, 21.11it/s]
Recognizing Text:  97%|█████████▋| 34/35 [00:00<00:00, 73.04it/s]
Recognizing Text: 100%|██████████| 35/35 [00:00<00:00, 48.79it/s]
  [docs] latency page 7/8: 0.9s

Detecting bboxes:   0%|          | 0/1 [00:00<?, ?it/s]
Detecting bboxes: 100%|██████████| 1/1 [00:00<00:00,  6.87it/s]
Detecting bboxes: 100%|██████████| 1/1 [00:00<00:00,  6.86it/s]

Recognizing Text:   0%|          | 0/40 [00:00<?, ?it/s]
Recognizing Text:   2%|▎         | 1/40 [00:00<00:05,  6.82it/s]
Recognizing Text:  18%|█▊        | 7/40 [00:00<00:01, 31.73it/s]
Recognizing Text:  38%|███▊      | 15/40 [00:00<00:00, 36.02it/s]
Recognizing Text:  52%|█████▎    | 21/40 [00:00<00:00, 42.15it/s]
Recognizing Text:  98%|█████████▊| 39/40 [00:00<00:00, 70.15it/s]
Recognizing Text: 100%|██████████| 40/40 [00:00<00:00, 54.16it/s]
  [docs] latency page 8/8: 0.9s
  [docs] batch of 50 pages...

Detecting bboxes:   0%|          | 0/1 [00:00<?, ?it/s]
Detecting bboxes: 100%|██████████| 1/1 [00:00<00:00,  1.05it/s]
Detecting bboxes: 100%|██████████| 1/1 [00:00<00:00,  1.05it/s]

Recognizing Text:   0%|          | 0/409 [00:00<?, ?it/s]
Recognizing Text:   0%|          | 1/409 [00:01<08:19,  1.23s/it]
Recognizing Text:   1%|          | 5/409 [00:01<01:28,  4.55it/s]
Recognizing Text:   2%|▏         | 8/409 [00:01<00:53,  7.55it/s]
Recognizing Text:   3%|▎         | 11/409 [00:01<00:37, 10.68it/s]
Recognizing Text:   4%|▎         | 15/409 [00:01<00:25, 15.43it/s]
Recognizing Text:   5%|▌         | 22/409 [00:01<00:15, 25.49it/s]
Recognizing Text:   7%|▋         | 29/409 [00:01<00:11, 34.48it/s]
Recognizing Text:   9%|▉         | 38/409 [00:02<00:07, 46.40it/s]
Recognizing Text:  13%|█▎        | 55/409 [00:02<00:06, 57.04it/s]
Recognizing Text:  26%|██▌       | 106/409 [00:02<00:02, 147.82it/s]
Recognizing Text:  31%|███       | 125/409 [00:02<00:02, 134.69it/s]
Recognizing Text:  40%|███▉      | 162/409 [00:02<00:01, 183.23it/s]
Recognizing Text:  45%|████▌     | 185/409 [00:02<00:01, 178.42it/s]
Recognizing Text:  66%|██████▌   | 270/409 [00:02<00:00, 332.51it/s]
Recognizing Text:  76%|███████▌  | 311/409 [00:03<00:00, 351.66it/s]
Recognizing Text:  86%|████████▌ | 351/409 [00:03<00:00, 333.45it/s]
Recognizing Text:  95%|█████████▍| 388/409 [00:03<00:00, 303.75it/s]
Recognizing Text: 100%|██████████| 409/409 [00:04<00:00, 101.16it/s]
  [docs] 8/50 pages  1.37 p/s

Detecting bboxes:   0%|          | 0/1 [00:00<?, ?it/s]
Detecting bboxes: 100%|██████████| 1/1 [00:00<00:00,  1.06it/s]
Detecting bboxes: 100%|██████████| 1/1 [00:00<00:00,  1.06it/s]

Recognizing Text:   0%|          | 0/1172 [00:00<?, ?it/s]
Recognizing Text:   0%|          | 1/1172 [00:01<28:37,  1.47s/it]
Recognizing Text:   0%|          | 2/1172 [00:01<13:13,  1.48it/s]
Recognizing Text:   1%|          | 7/1172 [00:01<02:55,  6.64it/s]
Recognizing Text:   2%|▏         | 23/1172 [00:01<00:42, 26.88it/s]
Recognizing Text:   3%|▎         | 31/1172 [00:01<00:34, 33.04it/s]
Recognizing Text:   5%|▍         | 54/1172 [00:02<00:21, 53.05it/s]
Recognizing Text:  11%|█         | 124/1172 [00:02<00:09, 114.52it/s]
Recognizing Text:  15%|█▌        | 180/1172 [00:02<00:06, 148.36it/s]
Recognizing Text:  19%|█▊        | 219/1172 [00:02<00:05, 182.50it/s]
Recognizing Text:  21%|██        | 242/1172 [00:03<00:07, 120.50it/s]
Recognizing Text:  22%|██▏       | 260/1172 [00:03<00:09, 98.25it/s] 
Recognizing Text:  24%|██▍       | 280/1172 [00:03<00:08, 111.02it/s]
Recognizing Text:  25%|██▌       | 296/1172 [00:04<00:09, 89.42it/s] 
Recognizing Text:  27%|██▋       | 311/1172 [00:04<00:08, 96.34it/s]
Recognizing Text:  29%|██▉       | 344/1172 [00:04<00:07, 115.59it/s]
Recognizing Text:  35%|███▍      | 405/1172 [00:04<00:04, 155.35it/s]
Recognizing Text:  38%|███▊      | 446/1172 [00:04<00:03, 194.17it/s]
Recognizing Text:  40%|████      | 470/1172 [00:05<00:04, 160.62it/s]
Recognizing Text:  42%|████▏     | 490/1172 [00:05<00:04, 144.42it/s]
Recognizing Text:  43%|████▎     | 507/1172 [00:05<00:04, 134.05it/s]
Recognizing Text:  45%|████▍     | 522/1172 [00:05<00:05, 115.96it/s]
Recognizing Text:  46%|████▌     | 535/1172 [00:05<00:05, 114.19it/s]
Recognizing Text:  47%|████▋     | 553/1172 [00:05<00:04, 127.30it/s]
Recognizing Text:  48%|████▊     | 567/1172 [00:06<00:05, 102.10it/s]
Recognizing Text:  51%|█████▏    | 602/1172 [00:06<00:03, 150.38it/s]
Recognizing Text:  53%|█████▎    | 621/1172 [00:06<00:04, 125.37it/s]
Recognizing Text:  56%|█████▌    | 653/1172 [00:06<00:03, 159.74it/s]
Recognizing Text:  57%|█████▋    | 673/1172 [00:06<00:03, 137.03it/s]
Recognizing Text:  60%|█████▉    | 699/1172 [00:06<00:02, 158.30it/s]
Recognizing Text:  62%|██████▏   | 732/1172 [00:07<00:02, 149.52it/s]
Recognizing Text:  64%|██████▍   | 752/1172 [00:07<00:02, 158.34it/s]
Recognizing Text:  66%|██████▌   | 771/1172 [00:07<00:02, 151.05it/s]
Recognizing Text:  67%|██████▋   | 788/1172 [00:07<00:03, 120.93it/s]
Recognizing Text:  71%|███████▏  | 836/1172 [00:07<00:01, 190.78it/s]
Recognizing Text:  73%|███████▎  | 860/1172 [00:07<00:01, 168.27it/s]
Recognizing Text:  77%|███████▋  | 903/1172 [00:07<00:01, 180.14it/s]
Recognizing Text:  84%|████████▍ | 988/1172 [00:08<00:00, 309.41it/s]
Recognizing Text:  93%|█████████▎| 1090/1172 [00:08<00:00, 450.56it/s]
Recognizing Text:  98%|█████████▊| 1145/1172 [00:08<00:00, 407.35it/s]
Recognizing Text: 100%|██████████| 1172/1172 [00:08<00:00, 132.46it/s]
  [docs] 16/50 pages  0.92 p/s

Detecting bboxes:   0%|          | 0/1 [00:00<?, ?it/s]
Detecting bboxes: 100%|██████████| 1/1 [00:00<00:00,  1.12it/s]
Detecting bboxes: 100%|██████████| 1/1 [00:00<00:00,  1.12it/s]

Recognizing Text:   0%|          | 0/1195 [00:00<?, ?it/s]
Recognizing Text:   0%|          | 1/1195 [00:01<20:51,  1.05s/it]
Recognizing Text:   0%|          | 2/1195 [00:01<11:17,  1.76it/s]
Recognizing Text:   0%|          | 5/1195 [00:01<04:17,  4.61it/s]
Recognizing Text:   1%|          | 6/1195 [00:01<03:54,  5.07it/s]
Recognizing Text:   1%|          | 8/1195 [00:01<02:50,  6.97it/s]
Recognizing Text:   1%|▏         | 17/1195 [00:01<00:57, 20.64it/s]
Recognizing Text:   5%|▌         | 62/1195 [00:02<00:15, 75.02it/s]
Recognizing Text:   9%|▉         | 112/1195 [00:02<00:07, 142.12it/s]
Recognizing Text:  11%|█         | 131/1195 [00:02<00:11, 95.73it/s] 
Recognizing Text:  13%|█▎        | 155/1195 [00:02<00:09, 114.43it/s]
Recognizing Text:  14%|█▍        | 173/1195 [00:03<00:09, 105.17it/s]
Recognizing Text:  19%|█▉        | 226/1195 [00:03<00:07, 136.81it/s]
Recognizing Text:  20%|██        | 242/1195 [00:03<00:09, 98.43it/s] 
Recognizing Text:  21%|██▏       | 255/1195 [00:03<00:09, 94.87it/s]
Recognizing Text:  23%|██▎       | 278/1195 [00:04<00:09, 93.82it/s]
Recognizing Text:  25%|██▌       | 303/1195 [00:04<00:07, 114.40it/s]
Recognizing Text:  28%|██▊       | 330/1195 [00:04<00:07, 112.69it/s]
Recognizing Text:  29%|██▉       | 347/1195 [00:04<00:06, 121.60it/s]
Recognizing Text:  31%|███       | 373/1195 [00:04<00:05, 138.09it/s]
Recognizing Text:  33%|███▎      | 389/1195 [00:04<00:06, 121.06it/s]
Recognizing Text:  34%|███▍      | 410/1195 [00:05<00:05, 138.36it/s]
Recognizing Text:  38%|███▊      | 449/1195 [00:05<00:05, 147.95it/s]
Recognizing Text:  40%|████      | 482/1195 [00:05<00:04, 173.93it/s]
Recognizing Text:  42%|████▏     | 501/1195 [00:05<00:05, 127.25it/s]
Recognizing Text:  43%|████▎     | 518/1195 [00:05<00:05, 130.91it/s]
Recognizing Text:  45%|████▍     | 533/1195 [00:05<00:05, 120.71it/s]
Recognizing Text:  47%|████▋     | 559/1195 [00:06<00:05, 127.12it/s]
Recognizing Text:  52%|█████▏    | 619/1195 [00:06<00:03, 175.13it/s]
Recognizing Text:  56%|█████▌    | 665/1195 [00:06<00:02, 226.36it/s]
Recognizing Text:  58%|█████▊    | 691/1195 [00:06<00:02, 199.28it/s]
Recognizing Text:  60%|█████▉    | 714/1195 [00:06<00:02, 179.39it/s]
Recognizing Text:  62%|██████▏   | 735/1195 [00:07<00:02, 156.00it/s]
Recognizing Text:  64%|██████▎   | 761/1195 [00:07<00:02, 163.59it/s]
Recognizing Text:  65%|██████▌   | 779/1195 [00:07<00:02, 159.50it/s]
Recognizing Text:  67%|██████▋   | 796/1195 [00:07<00:02, 143.29it/s]
Recognizing Text:  71%|███████   | 851/1195 [00:07<00:01, 191.28it/s]
Recognizing Text:  76%|███████▌  | 903/1195 [00:07<00:01, 221.28it/s]
Recognizing Text:  81%|████████▏ | 972/1195 [00:07<00:00, 274.47it/s]
Recognizing Text:  93%|█████████▎| 1113/1195 [00:08<00:00, 491.11it/s]
Recognizing Text:  98%|█████████▊| 1171/1195 [00:08<00:00, 486.67it/s]
Recognizing Text: 100%|██████████| 1195/1195 [00:08<00:00, 135.16it/s]
  [docs] 24/50 pages  0.84 p/s

Detecting bboxes:   0%|          | 0/1 [00:00<?, ?it/s]
Detecting bboxes: 100%|██████████| 1/1 [00:00<00:00,  1.05it/s]
Detecting bboxes: 100%|██████████| 1/1 [00:00<00:00,  1.05it/s]

Recognizing Text:   0%|          | 0/790 [00:00<?, ?it/s]
Recognizing Text:   0%|          | 1/790 [00:02<28:42,  2.18s/it]
Recognizing Text:   0%|          | 2/790 [00:02<12:54,  1.02it/s]
Recognizing Text:   1%|          | 4/790 [00:02<05:23,  2.43it/s]
Recognizing Text:   1%|          | 6/790 [00:02<03:29,  3.74it/s]
Recognizing Text:   1%|▏         | 11/790 [00:02<01:31,  8.53it/s]
Recognizing Text:   2%|▏         | 14/790 [00:02<01:08, 11.29it/s]
Recognizing Text:   3%|▎         | 23/790 [00:03<00:32, 23.53it/s]
Recognizing Text:   4%|▍         | 34/790 [00:03<00:19, 38.70it/s]
Recognizing Text:   5%|▌         | 41/790 [00:03<00:16, 44.70it/s]
Recognizing Text:   6%|▌         | 49/790 [00:03<00:14, 52.19it/s]
Recognizing Text:   7%|▋         | 56/790 [00:03<00:15, 46.14it/s]
Recognizing Text:  10%|▉         | 78/790 [00:03<00:08, 83.18it/s]
Recognizing Text:  16%|█▌        | 123/790 [00:03<00:05, 115.03it/s]
Recognizing Text:  23%|██▎       | 178/790 [00:04<00:03, 157.69it/s]
Recognizing Text:  25%|██▌       | 199/790 [00:04<00:03, 164.93it/s]
Recognizing Text:  28%|██▊       | 222/790 [00:04<00:03, 175.92it/s]
Recognizing Text:  31%|███       | 241/790 [00:05<00:07, 76.59it/s] 
Recognizing Text:  32%|███▏      | 255/790 [00:05<00:08, 64.70it/s]
Recognizing Text:  34%|███▎      | 266/790 [00:05<00:07, 69.61it/s]
Recognizing Text:  35%|███▌      | 277/790 [00:05<00:07, 71.22it/s]
Recognizing Text:  36%|███▋      | 287/790 [00:06<00:13, 36.98it/s]
Recognizing Text:  38%|███▊      | 302/790 [00:06<00:10, 47.16it/s]
Recognizing Text:  40%|███▉      | 315/790 [00:06<00:08, 56.06it/s]
Recognizing Text:  43%|████▎     | 336/790 [00:06<00:06, 66.14it/s]
Recognizing Text:  45%|████▍     | 353/790 [00:07<00:05, 80.84it/s]
Recognizing Text:  46%|████▌     | 365/790 [00:07<00:05, 84.57it/s]
Recognizing Text:  48%|████▊     | 376/790 [00:07<00:04, 87.33it/s]
Recognizing Text:  50%|████▉     | 392/790 [00:07<00:04, 84.50it/s]
Recognizing Text:  53%|█████▎    | 422/790 [00:07<00:02, 125.90it/s]
Recognizing Text:  57%|█████▋    | 450/790 [00:07<00:02, 122.98it/s]
Recognizing Text:  62%|██████▏   | 487/790 [00:07<00:01, 169.06it/s]
Recognizing Text:  64%|██████▍   | 508/790 [00:08<00:01, 158.49it/s]
Recognizing Text:  69%|██████▉   | 545/790 [00:08<00:01, 202.17it/s]
Recognizing Text:  72%|███████▏  | 569/790 [00:08<00:01, 207.06it/s]
Recognizing Text:  82%|████████▏ | 644/790 [00:08<00:00, 339.39it/s]
Recognizing Text:  91%|█████████▏| 721/790 [00:08<00:00, 450.51it/s]
Recognizing Text:  98%|█████████▊| 771/790 [00:08<00:00, 428.33it/s]
Recognizing Text: 100%|██████████| 790/790 [00:09<00:00, 85.76it/s] 
  [docs] 32/50 pages  0.80 p/s

Detecting bboxes:   0%|          | 0/1 [00:00<?, ?it/s]
Detecting bboxes: 100%|██████████| 1/1 [00:00<00:00,  1.10it/s]
Detecting bboxes: 100%|██████████| 1/1 [00:00<00:00,  1.10it/s]

Recognizing Text:   0%|          | 0/237 [00:00<?, ?it/s]
Recognizing Text:   0%|          | 1/237 [00:01<07:36,  1.93s/it]
Recognizing Text:   2%|▏         | 4/237 [00:02<01:31,  2.53it/s]
Recognizing Text:   4%|▍         | 9/237 [00:02<00:33,  6.73it/s]
Recognizing Text:   5%|▌         | 13/237 [00:02<00:21, 10.42it/s]
Recognizing Text:   7%|▋         | 17/237 [00:02<00:15, 14.38it/s]
Recognizing Text:  10%|█         | 24/237 [00:02<00:09, 23.19it/s]
Recognizing Text:  13%|█▎        | 30/237 [00:02<00:06, 29.94it/s]
Recognizing Text:  15%|█▍        | 35/237 [00:02<00:05, 33.83it/s]
Recognizing Text:  19%|█▉        | 45/237 [00:02<00:03, 48.52it/s]
Recognizing Text:  23%|██▎       | 55/237 [00:02<00:03, 60.51it/s]
Recognizing Text:  27%|██▋       | 65/237 [00:02<00:02, 69.93it/s]
Recognizing Text:  32%|███▏      | 75/237 [00:03<00:02, 77.35it/s]
Recognizing Text:  41%|████      | 96/237 [00:03<00:01, 112.93it/s]
Recognizing Text:  51%|█████▏    | 122/237 [00:03<00:00, 153.28it/s]
Recognizing Text:  59%|█████▊    | 139/237 [00:03<00:00, 157.35it/s]
Recognizing Text:  66%|██████▌   | 156/237 [00:03<00:00, 125.06it/s]
Recognizing Text:  72%|███████▏  | 170/237 [00:03<00:00, 110.97it/s]
Recognizing Text:  78%|███████▊  | 185/237 [00:03<00:00, 105.09it/s]
Recognizing Text:  83%|████████▎ | 197/237 [00:04<00:00, 101.12it/s]
Recognizing Text:  88%|████████▊ | 208/237 [00:04<00:00, 96.55it/s] 
Recognizing Text:  94%|█████████▍| 223/237 [00:04<00:00, 102.13it/s]
Recognizing Text:  99%|█████████▉| 235/237 [00:04<00:00, 99.69it/s] 
Recognizing Text: 100%|██████████| 237/237 [00:04<00:00, 49.81it/s]
  [docs] 40/50 pages  0.87 p/s

Detecting bboxes:   0%|          | 0/1 [00:00<?, ?it/s]
Detecting bboxes: 100%|██████████| 1/1 [00:00<00:00,  1.04it/s]
Detecting bboxes: 100%|██████████| 1/1 [00:00<00:00,  1.04it/s]

Recognizing Text:   0%|          | 0/934 [00:00<?, ?it/s]
Recognizing Text:   0%|          | 1/934 [00:01<19:14,  1.24s/it]
Recognizing Text:   0%|          | 3/934 [00:01<06:07,  2.53it/s]
Recognizing Text:   0%|          | 4/934 [00:01<05:47,  2.67it/s]
Recognizing Text:   1%|          | 11/934 [00:01<01:28, 10.43it/s]
Recognizing Text:   3%|▎         | 24/934 [00:01<00:33, 26.99it/s]
Recognizing Text:   6%|▌         | 57/934 [00:02<00:14, 62.01it/s]
Recognizing Text:  12%|█▏        | 110/934 [00:02<00:07, 111.77it/s]
Recognizing Text:  18%|█▊        | 165/934 [00:02<00:05, 147.45it/s]
Recognizing Text:  22%|██▏       | 206/934 [00:02<00:03, 185.42it/s]
Recognizing Text:  25%|██▍       | 229/934 [00:03<00:04, 147.17it/s]
Recognizing Text:  28%|██▊       | 261/934 [00:03<00:03, 172.69it/s]
Recognizing Text:  31%|███       | 287/934 [00:03<00:04, 159.37it/s]
Recognizing Text:  36%|███▋      | 340/934 [00:03<00:03, 185.49it/s]
Recognizing Text:  42%|████▏     | 396/934 [00:03<00:02, 211.60it/s]
Recognizing Text:  49%|████▉     | 459/934 [00:04<00:02, 235.22it/s]
Recognizing Text:  56%|█████▌    | 523/934 [00:04<00:01, 258.72it/s]
Recognizing Text:  62%|██████▏   | 575/934 [00:04<00:01, 277.50it/s]
Recognizing Text:  69%|██████▊   | 642/934 [00:04<00:00, 301.89it/s]
Recognizing Text:  80%|████████  | 751/934 [00:04<00:00, 412.49it/s]
Recognizing Text:  95%|█████████▍| 885/934 [00:04<00:00, 591.80it/s]
Recognizing Text: 100%|██████████| 934/934 [00:05<00:00, 162.51it/s]
  [docs] 48/50 pages  0.89 p/s

Detecting bboxes:   0%|          | 0/1 [00:00<?, ?it/s]
Detecting bboxes: 100%|██████████| 1/1 [00:00<00:00,  3.19it/s]
Detecting bboxes: 100%|██████████| 1/1 [00:00<00:00,  3.19it/s]

Recognizing Text:   0%|          | 0/229 [00:00<?, ?it/s]
Recognizing Text:   0%|          | 1/229 [00:00<02:14,  1.70it/s]
Recognizing Text:  51%|█████     | 116/229 [00:00<00:00, 221.77it/s]
Recognizing Text:  78%|███████▊  | 178/229 [00:01<00:00, 159.82it/s]
Recognizing Text:  95%|█████████▍| 217/229 [00:01<00:00, 132.24it/s]
Recognizing Text: 100%|██████████| 229/229 [00:04<00:00, 53.69it/s] 
  [docs] 50/50 pages  0.85 p/s
[surya] track handwriting

Detecting bboxes:   0%|          | 0/1 [00:00<?, ?it/s]
Detecting bboxes: 100%|██████████| 1/1 [00:00<00:00,  4.64it/s]
Detecting bboxes: 100%|██████████| 1/1 [00:00<00:00,  4.64it/s]

Recognizing Text:   0%|          | 0/1 [00:00<?, ?it/s]
Recognizing Text: 100%|██████████| 1/1 [00:00<00:00,  3.08it/s]
Recognizing Text: 100%|██████████| 1/1 [00:00<00:00,  3.07it/s]
  [handwriting] latency page 1/8: 0.5s

Detecting bboxes:   0%|          | 0/1 [00:00<?, ?it/s]
Detecting bboxes: 100%|██████████| 1/1 [00:00<00:00,  8.19it/s]
Detecting bboxes: 100%|██████████| 1/1 [00:00<00:00,  8.18it/s]

Recognizing Text:   0%|          | 0/1 [00:00<?, ?it/s]
Recognizing Text: 100%|██████████| 1/1 [00:00<00:00,  2.53it/s]
Recognizing Text: 100%|██████████| 1/1 [00:00<00:00,  2.52it/s]
  [handwriting] latency page 2/8: 0.5s

Detecting bboxes:   0%|          | 0/1 [00:00<?, ?it/s]
Detecting bboxes: 100%|██████████| 1/1 [00:00<00:00,  7.18it/s]
Detecting bboxes: 100%|██████████| 1/1 [00:00<00:00,  7.17it/s]

Recognizing Text:   0%|          | 0/1 [00:00<?, ?it/s]
Recognizing Text: 100%|██████████| 1/1 [00:00<00:00,  3.12it/s]
Recognizing Text: 100%|██████████| 1/1 [00:00<00:00,  3.12it/s]
  [handwriting] latency page 3/8: 0.5s

Detecting bboxes:   0%|          | 0/1 [00:00<?, ?it/s]
Detecting bboxes: 100%|██████████| 1/1 [00:00<00:00,  7.95it/s]
Detecting bboxes: 100%|██████████| 1/1 [00:00<00:00,  7.94it/s]

Recognizing Text:   0%|          | 0/1 [00:00<?, ?it/s]
Recognizing Text: 100%|██████████| 1/1 [00:00<00:00,  1.93it/s]
Recognizing Text: 100%|██████████| 1/1 [00:00<00:00,  1.93it/s]
  [handwriting] latency page 4/8: 0.7s

Detecting bboxes:   0%|          | 0/1 [00:00<?, ?it/s]
Detecting bboxes: 100%|██████████| 1/1 [00:00<00:00,  7.49it/s]
Detecting bboxes: 100%|██████████| 1/1 [00:00<00:00,  7.48it/s]

Recognizing Text:   0%|          | 0/1 [00:00<?, ?it/s]
Recognizing Text: 100%|██████████| 1/1 [00:00<00:00,  3.40it/s]
Recognizing Text: 100%|██████████| 1/1 [00:00<00:00,  3.40it/s]
  [handwriting] latency page 5/8: 0.4s

Detecting bboxes:   0%|          | 0/1 [00:00<?, ?it/s]
Detecting bboxes: 100%|██████████| 1/1 [00:00<00:00,  7.26it/s]
Detecting bboxes: 100%|██████████| 1/1 [00:00<00:00,  7.26it/s]

Recognizing Text:   0%|          | 0/1 [00:00<?, ?it/s]
Recognizing Text: 100%|██████████| 1/1 [00:00<00:00,  3.10it/s]
Recognizing Text: 100%|██████████| 1/1 [00:00<00:00,  3.09it/s]
  [handwriting] latency page 6/8: 0.5s

Detecting bboxes:   0%|          | 0/1 [00:00<?, ?it/s]
Detecting bboxes: 100%|██████████| 1/1 [00:00<00:00,  7.25it/s]
Detecting bboxes: 100%|██████████| 1/1 [00:00<00:00,  7.25it/s]

Recognizing Text:   0%|          | 0/1 [00:00<?, ?it/s]
Recognizing Text: 100%|██████████| 1/1 [00:00<00:00,  2.74it/s]
Recognizing Text: 100%|██████████| 1/1 [00:00<00:00,  2.74it/s]
  [handwriting] latency page 7/8: 0.5s

Detecting bboxes:   0%|          | 0/1 [00:00<?, ?it/s]
Detecting bboxes: 100%|██████████| 1/1 [00:00<00:00,  8.01it/s]
Detecting bboxes: 100%|██████████| 1/1 [00:00<00:00,  8.00it/s]

Recognizing Text:   0%|          | 0/1 [00:00<?, ?it/s]
Recognizing Text: 100%|██████████| 1/1 [00:00<00:00,  3.48it/s]
Recognizing Text: 100%|██████████| 1/1 [00:00<00:00,  3.48it/s]
  [handwriting] latency page 8/8: 0.4s
  [handwriting] batch of 60 pages...

Detecting bboxes:   0%|          | 0/1 [00:00<?, ?it/s]
Detecting bboxes: 100%|██████████| 1/1 [00:00<00:00,  3.52it/s]
Detecting bboxes: 100%|██████████| 1/1 [00:00<00:00,  3.52it/s]

Recognizing Text:   0%|          | 0/8 [00:00<?, ?it/s]
Recognizing Text:  12%|█▎        | 1/8 [00:00<00:02,  2.48it/s]
Recognizing Text:  88%|████████▊ | 7/8 [00:00<00:00, 17.35it/s]
Recognizing Text: 100%|██████████| 8/8 [00:00<00:00, 12.67it/s]
  [handwriting] 8/60 pages  7.48 p/s

Detecting bboxes:   0%|          | 0/1 [00:00<?, ?it/s]
Detecting bboxes: 100%|██████████| 1/1 [00:00<00:00,  3.51it/s]
Detecting bboxes: 100%|██████████| 1/1 [00:00<00:00,  3.51it/s]

Recognizing Text:   0%|          | 0/8 [00:00<?, ?it/s]
Recognizing Text:  12%|█▎        | 1/8 [00:00<00:02,  2.52it/s]
Recognizing Text:  75%|███████▌  | 6/8 [00:00<00:00, 14.61it/s]
Recognizing Text: 100%|██████████| 8/8 [00:00<00:00, 14.15it/s]
  [handwriting] 16/60 pages  7.75 p/s

Detecting bboxes:   0%|          | 0/1 [00:00<?, ?it/s]
Detecting bboxes: 100%|██████████| 1/1 [00:00<00:00,  3.53it/s]
Detecting bboxes: 100%|██████████| 1/1 [00:00<00:00,  3.53it/s]

Recognizing Text:   0%|          | 0/8 [00:00<?, ?it/s]
Recognizing Text:  12%|█▎        | 1/8 [00:00<00:01,  4.07it/s]
Recognizing Text:  25%|██▌       | 2/8 [00:00<00:01,  5.86it/s]
Recognizing Text:  88%|████████▊ | 7/8 [00:00<00:00, 18.87it/s]
Recognizing Text: 100%|██████████| 8/8 [00:00<00:00, 15.69it/s]
  [handwriting] 24/60 pages  8.00 p/s

Detecting bboxes:   0%|          | 0/1 [00:00<?, ?it/s]
Detecting bboxes: 100%|██████████| 1/1 [00:00<00:00,  3.51it/s]
Detecting bboxes: 100%|██████████| 1/1 [00:00<00:00,  3.51it/s]

Recognizing Text:   0%|          | 0/8 [00:00<?, ?it/s]
Recognizing Text:  12%|█▎        | 1/8 [00:00<00:02,  2.70it/s]
Recognizing Text:  62%|██████▎   | 5/8 [00:00<00:00, 12.69it/s]
Recognizing Text: 100%|██████████| 8/8 [00:00<00:00, 15.30it/s]
  [handwriting] 32/60 pages  8.07 p/s

Detecting bboxes:   0%|          | 0/1 [00:00<?, ?it/s]
Detecting bboxes: 100%|██████████| 1/1 [00:00<00:00,  3.52it/s]
Detecting bboxes: 100%|██████████| 1/1 [00:00<00:00,  3.52it/s]

Recognizing Text:   0%|          | 0/8 [00:00<?, ?it/s]
Recognizing Text:  12%|█▎        | 1/8 [00:00<00:01,  6.14it/s]
Recognizing Text:  25%|██▌       | 2/8 [00:00<00:01,  5.16it/s]
Recognizing Text:  88%|████████▊ | 7/8 [00:00<00:00, 18.52it/s]
Recognizing Text: 100%|██████████| 8/8 [00:00<00:00, 16.13it/s]
  [handwriting] 40/60 pages  8.18 p/s

Detecting bboxes:   0%|          | 0/1 [00:00<?, ?it/s]
Detecting bboxes: 100%|██████████| 1/1 [00:00<00:00,  3.57it/s]
Detecting bboxes: 100%|██████████| 1/1 [00:00<00:00,  3.57it/s]

Recognizing Text:   0%|          | 0/8 [00:00<?, ?it/s]
Recognizing Text:  12%|█▎        | 1/8 [00:00<00:01,  3.80it/s]
Recognizing Text:  25%|██▌       | 2/8 [00:00<00:01,  5.49it/s]
Recognizing Text: 100%|██████████| 8/8 [00:00<00:00, 18.02it/s]
  [handwriting] 48/60 pages  8.35 p/s

Detecting bboxes:   0%|          | 0/1 [00:00<?, ?it/s]
Detecting bboxes: 100%|██████████| 1/1 [00:00<00:00,  3.54it/s]
Detecting bboxes: 100%|██████████| 1/1 [00:00<00:00,  3.54it/s]

Recognizing Text:   0%|          | 0/8 [00:00<?, ?it/s]
Recognizing Text:  12%|█▎        | 1/8 [00:00<00:02,  2.66it/s]
Recognizing Text:  88%|████████▊ | 7/8 [00:00<00:00, 17.13it/s]
Recognizing Text: 100%|██████████| 8/8 [00:00<00:00, 15.87it/s]
  [handwriting] 56/60 pages  8.39 p/s

Detecting bboxes:   0%|          | 0/1 [00:00<?, ?it/s]
Detecting bboxes: 100%|██████████| 1/1 [00:00<00:00,  7.06it/s]
Detecting bboxes: 100%|██████████| 1/1 [00:00<00:00,  7.05it/s]

Recognizing Text:   0%|          | 0/4 [00:00<?, ?it/s]
Recognizing Text:  25%|██▌       | 1/4 [00:00<00:00,  4.12it/s]
Recognizing Text: 100%|██████████| 4/4 [00:00<00:00, 12.09it/s]
  [handwriting] 60/60 pages  8.26 p/s
[surya] track stress

Detecting bboxes:   0%|          | 0/1 [00:00<?, ?it/s]
Detecting bboxes: 100%|██████████| 1/1 [00:00<00:00,  4.08it/s]
Detecting bboxes: 100%|██████████| 1/1 [00:00<00:00,  4.08it/s]

Recognizing Text:   0%|          | 0/24 [00:00<?, ?it/s]
Recognizing Text:   4%|▍         | 1/24 [00:00<00:06,  3.73it/s]
Recognizing Text:   8%|▊         | 2/24 [00:00<00:04,  4.89it/s]
Recognizing Text:  17%|█▋        | 4/24 [00:00<00:03,  6.26it/s]
Recognizing Text:  29%|██▉       | 7/24 [00:00<00:01, 11.08it/s]
Recognizing Text:  92%|█████████▏| 22/24 [00:00<00:00, 42.62it/s]
Recognizing Text: 100%|██████████| 24/24 [00:00<00:00, 25.77it/s]
  [stress] latency page 1/8: 1.2s

Detecting bboxes:   0%|          | 0/1 [00:00<?, ?it/s]
Detecting bboxes: 100%|██████████| 1/1 [00:00<00:00,  7.16it/s]
Detecting bboxes: 100%|██████████| 1/1 [00:00<00:00,  7.15it/s]

Recognizing Text:   0%|          | 0/24 [00:00<?, ?it/s]
Recognizing Text:   4%|▍         | 1/24 [00:00<00:04,  4.93it/s]
Recognizing Text:   8%|▊         | 2/24 [00:00<00:03,  5.67it/s]
Recognizing Text:  17%|█▋        | 4/24 [00:00<00:02,  6.75it/s]
Recognizing Text:  29%|██▉       | 7/24 [00:00<00:01, 11.75it/s]
Recognizing Text:  92%|█████████▏| 22/24 [00:00<00:00, 44.70it/s]
Recognizing Text: 100%|██████████| 24/24 [00:00<00:00, 27.98it/s]
  [stress] latency page 2/8: 1.0s

Detecting bboxes:   0%|          | 0/1 [00:00<?, ?it/s]
Detecting bboxes: 100%|██████████| 1/1 [00:00<00:00, 16.02it/s]

Recognizing Text:   0%|          | 0/24 [00:00<?, ?it/s]
Recognizing Text:   4%|▍         | 1/24 [00:00<00:04,  5.01it/s]
Recognizing Text:   8%|▊         | 2/24 [00:00<00:03,  5.71it/s]
Recognizing Text:  17%|█▋        | 4/24 [00:00<00:02,  6.79it/s]
Recognizing Text:  29%|██▉       | 7/24 [00:00<00:01, 11.82it/s]
Recognizing Text:  92%|█████████▏| 22/24 [00:00<00:00, 44.98it/s]
Recognizing Text: 100%|██████████| 24/24 [00:00<00:00, 28.18it/s]
  [stress] latency page 3/8: 0.9s

Detecting bboxes:   0%|          | 0/1 [00:00<?, ?it/s]
Detecting bboxes: 100%|██████████| 1/1 [00:00<00:00,  4.14it/s]
Detecting bboxes: 100%|██████████| 1/1 [00:00<00:00,  4.14it/s]

Recognizing Text:   0%|          | 0/24 [00:00<?, ?it/s]
Recognizing Text:   4%|▍         | 1/24 [00:00<00:06,  3.73it/s]
Recognizing Text:   8%|▊         | 2/24 [00:00<00:04,  4.88it/s]
Recognizing Text:  17%|█▋        | 4/24 [00:00<00:03,  6.24it/s]
Recognizing Text:  29%|██▉       | 7/24 [00:00<00:01, 11.03it/s]
Recognizing Text:  92%|█████████▏| 22/24 [00:00<00:00, 42.44it/s]
Recognizing Text: 100%|██████████| 24/24 [00:00<00:00, 25.68it/s]
  [stress] latency page 4/8: 1.2s

Detecting bboxes:   0%|          | 0/1 [00:00<?, ?it/s]
Detecting bboxes: 100%|██████████| 1/1 [00:00<00:00,  4.12it/s]
Detecting bboxes: 100%|██████████| 1/1 [00:00<00:00,  4.12it/s]

Recognizing Text:   0%|          | 0/24 [00:00<?, ?it/s]
Recognizing Text:   4%|▍         | 1/24 [00:00<00:06,  3.70it/s]
Recognizing Text:   8%|▊         | 2/24 [00:00<00:04,  4.85it/s]
Recognizing Text:  17%|█▋        | 4/24 [00:00<00:03,  6.24it/s]
Recognizing Text:  29%|██▉       | 7/24 [00:00<00:01, 11.01it/s]
Recognizing Text:  92%|█████████▏| 22/24 [00:00<00:00, 42.39it/s]
Recognizing Text: 100%|██████████| 24/24 [00:00<00:00, 25.63it/s]
  [stress] latency page 5/8: 1.3s

Detecting bboxes:   0%|          | 0/1 [00:00<?, ?it/s]
Detecting bboxes: 100%|██████████| 1/1 [00:00<00:00,  3.91it/s]
Detecting bboxes: 100%|██████████| 1/1 [00:00<00:00,  3.91it/s]

Recognizing Text:   0%|          | 0/24 [00:00<?, ?it/s]
Recognizing Text:   4%|▍         | 1/24 [00:00<00:14,  1.54it/s]
Recognizing Text:   8%|▊         | 2/24 [00:00<00:08,  2.64it/s]
Recognizing Text:  17%|█▋        | 4/24 [00:01<00:04,  4.19it/s]
Recognizing Text:  29%|██▉       | 7/24 [00:01<00:02,  7.82it/s]
Recognizing Text:  71%|███████   | 17/24 [00:01<00:00, 23.98it/s]
Recognizing Text: 100%|██████████| 24/24 [00:01<00:00, 16.80it/s]
  [stress] latency page 6/8: 2.1s

Detecting bboxes:   0%|          | 0/1 [00:00<?, ?it/s]
Detecting bboxes: 100%|██████████| 1/1 [00:00<00:00,  2.93it/s]
Detecting bboxes: 100%|██████████| 1/1 [00:00<00:00,  2.93it/s]

Recognizing Text:   0%|          | 0/23 [00:00<?, ?it/s]
Recognizing Text:   4%|▍         | 1/23 [00:00<00:20,  1.07it/s]
Recognizing Text:   9%|▊         | 2/23 [00:01<00:10,  2.02it/s]
Recognizing Text:  13%|█▎        | 3/23 [00:01<00:08,  2.43it/s]
Recognizing Text:  26%|██▌       | 6/23 [00:01<00:02,  5.91it/s]
Recognizing Text:  70%|██████▉   | 16/23 [00:01<00:00, 20.61it/s]
Recognizing Text: 100%|██████████| 23/23 [00:01<00:00, 13.41it/s]
  [stress] latency page 7/8: 2.2s

Detecting bboxes:   0%|          | 0/1 [00:00<?, ?it/s]
Detecting bboxes: 100%|██████████| 1/1 [00:00<00:00,  7.13it/s]
Detecting bboxes: 100%|██████████| 1/1 [00:00<00:00,  7.12it/s]

Recognizing Text:   0%|          | 0/24 [00:00<?, ?it/s]
Recognizing Text:   4%|▍         | 1/24 [00:00<00:04,  4.98it/s]
Recognizing Text:   8%|▊         | 2/24 [00:00<00:03,  5.68it/s]
Recognizing Text:  17%|█▋        | 4/24 [00:00<00:02,  6.78it/s]
Recognizing Text:  29%|██▉       | 7/24 [00:00<00:01, 11.81it/s]
Recognizing Text:  92%|█████████▏| 22/24 [00:00<00:00, 44.83it/s]
Recognizing Text: 100%|██████████| 24/24 [00:00<00:00, 28.10it/s]
  [stress] latency page 8/8: 1.0s
  [stress] batch of 55 pages...

Detecting bboxes:   0%|          | 0/1 [00:00<?, ?it/s]
Detecting bboxes: 100%|██████████| 1/1 [00:01<00:00,  1.39s/it]
Detecting bboxes: 100%|██████████| 1/1 [00:01<00:00,  1.39s/it]

Recognizing Text:   0%|          | 0/191 [00:00<?, ?it/s]
Recognizing Text:   1%|          | 1/191 [00:03<09:34,  3.02s/it]
Recognizing Text:   5%|▍         | 9/191 [00:03<00:58,  3.12it/s]
Recognizing Text:   9%|▉         | 17/191 [00:03<00:27,  6.41it/s]
Recognizing Text:  13%|█▎        | 24/191 [00:04<00:23,  6.98it/s]
Recognizing Text:  17%|█▋        | 32/191 [00:04<00:14, 10.92it/s]
Recognizing Text:  25%|██▌       | 48/191 [00:05<00:07, 18.30it/s]
Recognizing Text:  34%|███▎      | 64/191 [00:05<00:04, 29.24it/s]
Recognizing Text:  42%|████▏     | 80/191 [00:05<00:02, 40.52it/s]
Recognizing Text:  80%|███████▉  | 152/191 [00:05<00:00, 120.55it/s]
Recognizing Text:  96%|█████████▋| 184/191 [00:05<00:00, 146.70it/s]
Recognizing Text: 100%|██████████| 191/191 [00:05<00:00, 32.90it/s] 
  [stress] 8/55 pages  1.03 p/s

Detecting bboxes:   0%|          | 0/1 [00:00<?, ?it/s]
Detecting bboxes: 100%|██████████| 1/1 [00:01<00:00,  1.30s/it]
Detecting bboxes: 100%|██████████| 1/1 [00:01<00:00,  1.30s/it]

Recognizing Text:   0%|          | 0/282 [00:00<?, ?it/s]
Recognizing Text:   0%|          | 1/282 [00:01<06:11,  1.32s/it]
Recognizing Text:   2%|▏         | 5/282 [00:01<01:03,  4.39it/s]
Recognizing Text:   4%|▍         | 11/282 [00:01<00:28,  9.38it/s]
Recognizing Text:   5%|▌         | 15/282 [00:01<00:23, 11.24it/s]
Recognizing Text:   9%|▉         | 26/282 [00:02<00:11, 21.69it/s]
Recognizing Text:  22%|██▏       | 62/282 [00:02<00:03, 63.93it/s]
Recognizing Text:  42%|████▏     | 119/282 [00:02<00:01, 139.85it/s]
Recognizing Text:  69%|██████▉   | 194/282 [00:02<00:00, 234.96it/s]
Recognizing Text:  80%|████████  | 227/282 [00:03<00:00, 100.80it/s]
Recognizing Text:  91%|█████████ | 256/282 [00:03<00:00, 118.91it/s]
Recognizing Text: 100%|█████████▉| 281/282 [00:03<00:00, 134.57it/s]
Recognizing Text: 100%|██████████| 282/282 [00:03<00:00, 77.21it/s] 
  [stress] 16/55 pages  1.19 p/s

Detecting bboxes:   0%|          | 0/1 [00:00<?, ?it/s]
Detecting bboxes: 100%|██████████| 1/1 [00:01<00:00,  1.44s/it]
Detecting bboxes: 100%|██████████| 1/1 [00:01<00:00,  1.44s/it]

Recognizing Text:   0%|          | 0/328 [00:00<?, ?it/s]
Recognizing Text:   0%|          | 1/328 [00:01<09:47,  1.80s/it]
Recognizing Text:   3%|▎         | 10/328 [00:01<00:46,  6.79it/s]
Recognizing Text:   5%|▍         | 15/328 [00:02<00:31, 10.03it/s]
Recognizing Text:   6%|▌         | 19/328 [00:02<00:24, 12.68it/s]
Recognizing Text:   8%|▊         | 25/328 [00:02<00:16, 18.41it/s]
Recognizing Text:   9%|▉         | 29/328 [00:02<00:15, 18.81it/s]
Recognizing Text:  11%|█         | 36/328 [00:02<00:11, 25.25it/s]
Recognizing Text:  15%|█▌        | 50/328 [00:02<00:06, 44.28it/s]
Recognizing Text:  17%|█▋        | 57/328 [00:03<00:06, 41.55it/s]
Recognizing Text:  35%|███▍      | 114/328 [00:03<00:01, 134.19it/s]
Recognizing Text:  70%|███████   | 231/328 [00:03<00:00, 337.43it/s]
Recognizing Text:  95%|█████████▌| 313/328 [00:03<00:00, 358.62it/s]
Recognizing Text: 100%|██████████| 328/328 [00:04<00:00, 75.47it/s] 
  [stress] 24/55 pages  1.22 p/s

Detecting bboxes:   0%|          | 0/1 [00:00<?, ?it/s]
Detecting bboxes: 100%|██████████| 1/1 [00:01<00:00,  1.48s/it]
Detecting bboxes: 100%|██████████| 1/1 [00:01<00:00,  1.48s/it]

Recognizing Text:   0%|          | 0/311 [00:00<?, ?it/s]
Recognizing Text:   0%|          | 1/311 [00:01<08:38,  1.67s/it]
Recognizing Text:  17%|█▋        | 53/311 [00:01<00:06, 37.21it/s]
Recognizing Text:  52%|█████▏    | 163/311 [00:02<00:01, 133.22it/s]
Recognizing Text:  72%|███████▏  | 225/311 [00:02<00:00, 185.33it/s]
Recognizing Text:  89%|████████▉ | 278/311 [00:02<00:00, 164.50it/s]
Recognizing Text: 100%|██████████| 311/311 [00:02<00:00, 103.90it/s]
  [stress] 32/55 pages  1.30 p/s

Detecting bboxes:   0%|          | 0/1 [00:00<?, ?it/s]
Detecting bboxes: 100%|██████████| 1/1 [00:01<00:00,  1.38s/it]
Detecting bboxes: 100%|██████████| 1/1 [00:01<00:00,  1.38s/it]

Recognizing Text:   0%|          | 0/270 [00:00<?, ?it/s]
Recognizing Text:   0%|          | 1/270 [00:01<07:09,  1.60s/it]
Recognizing Text:  17%|█▋        | 46/270 [00:01<00:06, 36.64it/s]
Recognizing Text:  35%|███▍      | 94/270 [00:01<00:02, 81.76it/s]
Recognizing Text:  59%|█████▊    | 158/270 [00:01<00:00, 142.74it/s]
Recognizing Text:  72%|███████▏  | 194/270 [00:02<00:00, 138.77it/s]
Recognizing Text:  83%|████████▎ | 224/270 [00:02<00:00, 157.22it/s]
Recognizing Text:  97%|█████████▋| 262/270 [00:02<00:00, 188.35it/s]
Recognizing Text: 100%|██████████| 270/270 [00:02<00:00, 94.70it/s] 
  [stress] 40/55 pages  1.36 p/s

Detecting bboxes:   0%|          | 0/1 [00:00<?, ?it/s]
Detecting bboxes: 100%|██████████| 1/1 [00:01<00:00,  1.19s/it]
Detecting bboxes: 100%|██████████| 1/1 [00:01<00:00,  1.19s/it]

Recognizing Text:   0%|          | 0/232 [00:00<?, ?it/s]
Recognizing Text:   0%|          | 1/232 [00:00<03:29,  1.10it/s]
Recognizing Text:  14%|█▍        | 33/232 [00:01<00:04, 43.79it/s]
Recognizing Text:  37%|███▋      | 85/232 [00:01<00:01, 93.25it/s]
Recognizing Text:  50%|█████     | 117/232 [00:01<00:00, 122.51it/s]
Recognizing Text:  61%|██████    | 141/232 [00:02<00:01, 65.06it/s] 
Recognizing Text:  67%|██████▋   | 156/232 [00:02<00:01, 57.82it/s]
Recognizing Text:  72%|███████▏  | 167/232 [00:02<00:01, 52.20it/s]
Recognizing Text:  78%|███████▊  | 181/232 [00:03<00:00, 61.52it/s]
Recognizing Text:  97%|█████████▋| 225/232 [00:03<00:00, 109.05it/s]
Recognizing Text: 100%|██████████| 232/232 [00:03<00:00, 74.40it/s] 
  [stress] 48/55 pages  1.41 p/s

Detecting bboxes:   0%|          | 0/1 [00:00<?, ?it/s]
Detecting bboxes: 100%|██████████| 1/1 [00:01<00:00,  1.32s/it]
Detecting bboxes: 100%|██████████| 1/1 [00:01<00:00,  1.32s/it]

Recognizing Text:   0%|          | 0/171 [00:00<?, ?it/s]
Recognizing Text:   1%|          | 1/171 [00:02<06:58,  2.46s/it]
Recognizing Text:   7%|▋         | 12/171 [00:04<00:44,  3.54it/s]
Recognizing Text:  11%|█         | 19/171 [00:04<00:26,  5.68it/s]
Recognizing Text:  15%|█▌        | 26/171 [00:04<00:16,  8.89it/s]
Recognizing Text:  23%|██▎       | 39/171 [00:04<00:09, 14.29it/s]
Recognizing Text:  39%|███▉      | 67/171 [00:05<00:03, 33.20it/s]
Recognizing Text:  60%|█████▉    | 102/171 [00:05<00:01, 62.51it/s]
Recognizing Text:  92%|█████████▏| 158/171 [00:05<00:00, 120.40it/s]
Recognizing Text: 100%|██████████| 171/171 [00:05<00:00, 32.57it/s] 
  [stress] 55/55 pages  1.33 p/s
