Downloading https://doctr-static.mindee.com/models?id=v0.8.1/fast_base-688a8b34.pt&src=0 to /root/.cache/doctr/models/fast_base-688a8b34.pt

  0%|          | 0/65814772 [00:00<?, ?it/s]
 16%|█▌        | 10486784/65814772 [00:00<00:01, 41433687.91it/s]
 32%|███▏      | 20972544/65814772 [00:00<00:01, 39271398.38it/s]
 48%|████▊     | 31458304/65814772 [00:00<00:00, 40181813.61it/s]
 64%|██████▎   | 41944064/65814772 [00:01<00:00, 40124728.44it/s]
 80%|███████▉  | 52429824/65814772 [00:01<00:00, 40754123.62it/s]
 96%|█████████▌| 62915584/65814772 [00:01<00:00, 40890023.28it/s]
65815552it [00:01, 41949861.30it/s]                              
Downloading https://doctr-static.mindee.com/models?id=v0.7.0/parseq-56125471.pt&src=0 to /root/.cache/doctr/models/parseq-56125471.pt

  0%|          | 0/95457349 [00:00<?, ?it/s]
 11%|█         | 10486784/95457349 [00:00<00:01, 42971156.44it/s]
 22%|██▏       | 20972544/95457349 [00:00<00:03, 20821774.53it/s]
 33%|███▎      | 31458304/95457349 [00:01<00:02, 27336706.75it/s]
 44%|████▍     | 41944064/95457349 [00:01<00:02, 20548346.71it/s]
 55%|█████▍    | 52429824/95457349 [00:02<00:01, 25365613.41it/s]
 66%|██████▌   | 62915584/95457349 [00:02<00:01, 20699585.38it/s]
 77%|███████▋  | 73401344/95457349 [00:03<00:00, 24754899.76it/s]
 88%|████████▊ | 83887104/95457349 [00:03<00:00, 28555867.38it/s]
 99%|█████████▉| 94372864/95457349 [00:03<00:00, 32129379.73it/s]
95458304it [00:03, 26937806.68it/s]                              
Downloading https://doctr-static.mindee.com/models?id=v0.8.1/mobilenet_v3_small_crop_orientation-f0847a18.pt&src=0 to /root/.cache/doctr/models/mobilenet_v3_small_crop_orientation-f0847a18.pt

  0%|          | 0/6233146 [00:00<?, ?it/s]
6234112it [00:00, 244700914.30it/s]        
Downloading https://doctr-static.mindee.com/models?id=v0.8.1/mobilenet_v3_small_page_orientation-8e60325c.pt&src=0 to /root/.cache/doctr/models/mobilenet_v3_small_page_orientation-8e60325c.pt

  0%|          | 0/6233146 [00:00<?, ?it/s]
6234112it [00:00, 229121123.87it/s]        
[doctr] track books
  [books] latency page 1/8: 1.3s
  [books] latency page 2/8: 1.6s
  [books] latency page 3/8: 1.2s
  [books] latency page 4/8: 1.8s
  [books] latency page 5/8: 1.9s
  [books] latency page 6/8: 1.2s
  [books] latency page 7/8: 0.8s
  [books] latency page 8/8: 1.3s
  [books] batch of 50 pages...
  [books] 8/50 pages  0.73 p/s
  [books] 16/50 pages  0.68 p/s
  [books] 24/50 pages  0.63 p/s
  [books] 32/50 pages  0.71 p/s
  [books] 40/50 pages  0.76 p/s
  [books] 48/50 pages  0.79 p/s
  [books] 50/50 pages  0.80 p/s
[doctr] track docs
  [docs] latency page 1/8: 0.9s
  [docs] latency page 2/8: 1.1s
  [docs] latency page 3/8: 0.4s
  [docs] latency page 4/8: 2.4s
  [docs] latency page 5/8: 1.3s
  [docs] latency page 6/8: 1.6s
  [docs] latency page 7/8: 0.9s
  [docs] latency page 8/8: 1.0s
  [docs] batch of 50 pages...
  [docs] 8/50 pages  0.83 p/s
  [docs] 16/50 pages  0.43 p/s
  [docs] 24/50 pages  0.41 p/s
  [docs] 32/50 pages  0.43 p/s
  [docs] 40/50 pages  0.50 p/s
  [docs] 48/50 pages  0.52 p/s
  [docs] 50/50 pages  0.52 p/s
[doctr] track handwriting
  [handwriting] latency page 1/8: 0.1s
  [handwriting] latency page 2/8: 0.1s
  [handwriting] latency page 3/8: 0.1s
  [handwriting] latency page 4/8: 0.1s
  [handwriting] latency page 5/8: 0.1s
  [handwriting] latency page 6/8: 0.1s
  [handwriting] latency page 7/8: 0.1s
  [handwriting] latency page 8/8: 0.1s
  [handwriting] batch of 60 pages...
  [handwriting] 8/60 pages  16.90 p/s
  [handwriting] 16/60 pages  17.33 p/s
  [handwriting] 24/60 pages  17.56 p/s
  [handwriting] 32/60 pages  17.52 p/s
  [handwriting] 40/60 pages  17.45 p/s
  [handwriting] 48/60 pages  17.20 p/s
  [handwriting] 56/60 pages  16.77 p/s
  [handwriting] 60/60 pages  16.58 p/s
[doctr] track stress
  [stress] latency page 1/8: 1.3s
  [stress] latency page 2/8: 1.2s
  [stress] latency page 3/8: 1.1s
  [stress] latency page 4/8: 1.3s
  [stress] latency page 5/8: 1.3s
  [stress] latency page 6/8: 1.3s
  [stress] latency page 7/8: 1.3s
  [stress] latency page 8/8: 1.1s
  [stress] batch of 55 pages...
  [stress] 8/55 pages  0.79 p/s
  [stress] 16/55 pages  0.80 p/s
  [stress] 24/55 pages  0.87 p/s
  [stress] 32/55 pages  1.07 p/s
  [stress] 40/55 pages  1.23 p/s
  [stress] 48/55 pages  1.25 p/s
  [stress] 55/55 pages  1.16 p/s
