[32m[INFO] 2026-10-03 17:00:01,313 [RapidOCR] base.py:23: Using engine_name: onnxruntime[0m
[32m[INFO] 2026-10-03 17:00:01,389 [RapidOCR] download_file.py:60: File exists and is valid: /content/ocrbench_envs/classic/lib/python3.13/site-packages/rapidocr/models/PP-OCRv6_det_small.onnx[0m
[32m[INFO] 2026-10-03 17:00:01,390 [RapidOCR] main.py:63: Using /content/ocrbench_envs/classic/lib/python3.13/site-packages/rapidocr/models/PP-OCRv6_det_small.onnx[0m
[32m[INFO] 2026-10-03 17:00:01,451 [RapidOCR] base.py:23: Using engine_name: onnxruntime[0m
[32m[INFO] 2026-10-03 17:00:01,453 [RapidOCR] download_file.py:60: File exists and is valid: /content/ocrbench_envs/classic/lib/python3.13/site-packages/rapidocr/models/ch_ppocr_mobile_v2.0_cls_mobile.onnx[0m
[32m[INFO] 2026-10-03 17:00:01,453 [RapidOCR] main.py:63: Using /content/ocrbench_envs/classic/lib/python3.13/site-packages/rapidocr/models/ch_ppocr_mobile_v2.0_cls_mobile.onnx[0m
[32m[INFO] 2026-10-03 17:00:01,497 [RapidOCR] base.py:23: Using engine_name: onnxruntime[0m
[32m[INFO] 2026-10-03 17:00:01,553 [RapidOCR] download_file.py:60: File exists and is valid: /content/ocrbench_envs/classic/lib/python3.13/site-packages/rapidocr/models/PP-OCRv6_rec_small.onnx[0m
[32m[INFO] 2026-10-03 17:00:01,553 [RapidOCR] main.py:63: Using /content/ocrbench_envs/classic/lib/python3.13/site-packages/rapidocr/models/PP-OCRv6_rec_small.onnx[0m
[rapidocr] track books
  [books] latency page 1/8: 5.4s
  [books] latency page 2/8: 6.4s
  [books] latency page 3/8: 5.3s
  [books] latency page 4/8: 6.3s
  [books] latency page 5/8: 6.8s
  [books] latency page 6/8: 5.1s
  [books] latency page 7/8: 4.0s
  [books] latency page 8/8: 5.2s
  [books] batch of 50 pages...
  [books] 8/50 pages  0.37 p/s
  [books] 16/50 pages  0.34 p/s
  [books] 24/50 pages  0.32 p/s
  [books] 32/50 pages  0.35 p/s
  [books] 40/50 pages  0.38 p/s
  [books] 48/50 pages  0.39 p/s
  [books] 50/50 pages  0.39 p/s
[rapidocr] track docs
  [docs] latency page 1/8: 4.9s
  [docs] latency page 2/8: 4.8s
  [docs] latency page 3/8: 3.5s
  [docs] latency page 4/8: 7.4s
  [docs] latency page 5/8: 5.0s
  [docs] latency page 6/8: 6.5s
  [docs] latency page 7/8: 4.4s
  [docs] latency page 8/8: 4.5s
  [docs] batch of 50 pages...
  [docs] 8/50 pages  0.39 p/s
  [docs] 16/50 pages  0.26 p/s
  [docs] 24/50 pages  0.25 p/s
  [docs] 32/50 pages  0.25 p/s
  [docs] 40/50 pages  0.28 p/s
  [docs] 48/50 pages  0.28 p/s
  [docs] 50/50 pages  0.28 p/s
[rapidocr] track handwriting
  [handwriting] latency page 1/8: 1.9s
  [handwriting] latency page 2/8: 1.7s
  [handwriting] latency page 3/8: 1.7s
  [handwriting] latency page 4/8: 1.7s
  [handwriting] latency page 5/8: 1.7s
  [handwriting] latency page 6/8: 1.7s
  [handwriting] latency page 7/8: 1.7s
  [handwriting] latency page 8/8: 1.7s
  [handwriting] batch of 60 pages...
  [handwriting] 8/60 pages  1.15 p/s
  [handwriting] 16/60 pages  1.14 p/s
  [handwriting] 24/60 pages  1.13 p/s
  [handwriting] 32/60 pages  1.12 p/s
[33m[WARNING] 2026-10-03 17:07:30,988 [RapidOCR] main.py:132: The text detection result is empty[0m
  [handwriting] 40/60 pages  1.13 p/s
  [handwriting] 48/60 pages  1.07 p/s
[33m[WARNING] 2026-10-03 17:07:44,484 [RapidOCR] main.py:132: The text detection result is empty[0m
  [handwriting] 56/60 pages  1.08 p/s
  [handwriting] 60/60 pages  1.09 p/s
[rapidocr] track stress
  [stress] latency page 1/8: 4.6s
  [stress] latency page 2/8: 3.9s
  [stress] latency page 3/8: 2.4s
  [stress] latency page 4/8: 4.4s
  [stress] latency page 5/8: 4.5s
  [stress] latency page 6/8: 4.7s
  [stress] latency page 7/8: 5.0s
  [stress] latency page 8/8: 3.8s
  [stress] batch of 55 pages...
  [stress] 8/55 pages  0.48 p/s
  [stress] 16/55 pages  0.49 p/s
  [stress] 24/55 pages  0.51 p/s
  [stress] 32/55 pages  0.54 p/s
  [stress] 40/55 pages  0.57 p/s
  [stress] 48/55 pages  0.58 p/s
  [stress] 55/55 pages  0.56 p/s
