... [722 earlier lines trimmed]
Recognizing Text:  35%|███▌      | 14/40 [00:02<00:02,  9.89it/s]
Recognizing Text:  82%|████████▎ | 33/40 [00:02<00:00, 30.90it/s]
Recognizing Text: 100%|██████████| 40/40 [00:03<00:00, 13.07it/s]
  [books] latency page 4/8: 4.1s

Detecting bboxes:   0%|          | 0/1 [00:00<?, ?it/s]
Detecting bboxes: 100%|██████████| 1/1 [00:00<00:00,  1.44it/s]
Detecting bboxes: 100%|██████████| 1/1 [00:00<00:00,  1.44it/s]

Recognizing Text:   0%|          | 0/44 [00:00<?, ?it/s]
Recognizing Text:   2%|▏         | 1/44 [00:01<00:53,  1.24s/it]
Recognizing Text:   5%|▍         | 2/44 [00:01<00:24,  1.74it/s]
Recognizing Text:   9%|▉         | 4/44 [00:01<00:10,  3.65it/s]
Recognizing Text:  11%|█▏        | 5/44 [00:01<00:09,  4.32it/s]
Recognizing Text:  14%|█▎        | 6/44 [00:01<00:08,  4.39it/s]
Recognizing Text:  18%|█▊        | 8/44 [00:02<00:06,  5.41it/s]
Recognizing Text:  20%|██        | 9/44 [00:03<00:13,  2.62it/s]
Recognizing Text:  30%|██▉       | 13/44 [00:03<00:05,  5.65it/s]
Recognizing Text:  57%|█████▋    | 25/44 [00:03<00:01, 17.67it/s]
Recognizing Text:  84%|████████▍ | 37/44 [00:03<00:00, 30.74it/s]
Recognizing Text: 100%|██████████| 44/44 [00:04<00:00, 17.51it/s]
Recognizing Text: 100%|██████████| 44/44 [00:04<00:00, 10.25it/s]
  [books] latency page 5/8: 5.3s

Detecting bboxes:   0%|          | 0/1 [00:00<?, ?it/s]
Detecting bboxes: 100%|██████████| 1/1 [00:00<00:00,  1.57it/s]
Detecting bboxes: 100%|██████████| 1/1 [00:00<00:00,  1.57it/s]

Recognizing Text:   0%|          | 0/28 [00:00<?, ?it/s]
Recognizing Text:   4%|▎         | 1/28 [00:00<00:19,  1.38it/s]
Recognizing Text:   7%|▋         | 2/28 [00:01<00:12,  2.04it/s]
Recognizing Text:  18%|█▊        | 5/28 [00:01<00:03,  5.78it/s]
Recognizing Text:  25%|██▌       | 7/28 [00:01<00:04,  4.55it/s]
Recognizing Text:  29%|██▊       | 8/28 [00:01<00:04,  4.95it/s]
Recognizing Text:  32%|███▏      | 9/28 [00:02<00:04,  4.49it/s]
Recognizing Text:  46%|████▋     | 13/28 [00:02<00:01,  8.83it/s]
Recognizing Text:  64%|██████▍   | 18/28 [00:02<00:00, 14.87it/s]
Recognizing Text:  89%|████████▉ | 25/28 [00:02<00:00, 24.14it/s]
Recognizing Text: 100%|██████████| 28/28 [00:03<00:00,  8.53it/s]
  [books] latency page 6/8: 4.2s

Detecting bboxes:   0%|          | 0/1 [00:00<?, ?it/s]
Detecting bboxes: 100%|██████████| 1/1 [00:00<00:00,  1.68it/s]
Detecting bboxes: 100%|██████████| 1/1 [00:00<00:00,  1.68it/s]

Recognizing Text:   0%|          | 0/23 [00:00<?, ?it/s]
Recognizing Text:   4%|▍         | 1/23 [00:00<00:11,  1.92it/s]
Recognizing Text:  22%|██▏       | 5/23 [00:00<00:02,  8.97it/s]
Recognizing Text:  30%|███       | 7/23 [00:00<00:01,  9.66it/s]
Recognizing Text:  39%|███▉      | 9/23 [00:01<00:01, 10.10it/s]
Recognizing Text:  48%|████▊     | 11/23 [00:01<00:01,  8.38it/s]
Recognizing Text:  57%|█████▋    | 13/23 [00:02<00:02,  4.87it/s]
Recognizing Text:  65%|██████▌   | 15/23 [00:02<00:01,  6.32it/s]
Recognizing Text:  91%|█████████▏| 21/23 [00:02<00:00, 12.49it/s]
Recognizing Text: 100%|██████████| 23/23 [00:02<00:00,  9.57it/s]
  [books] latency page 7/8: 3.2s

Detecting bboxes:   0%|          | 0/1 [00:00<?, ?it/s]
Detecting bboxes: 100%|██████████| 1/1 [00:00<00:00,  1.52it/s]
Detecting bboxes: 100%|██████████| 1/1 [00:00<00:00,  1.51it/s]

Recognizing Text:   0%|          | 0/34 [00:00<?, ?it/s]
Recognizing Text:   3%|▎         | 1/34 [00:00<00:26,  1.24it/s]
Recognizing Text:   6%|▌         | 2/34 [00:00<00:13,  2.34it/s]
Recognizing Text:   9%|▉         | 3/34 [00:01<00:08,  3.50it/s]
Recognizing Text:  18%|█▊        | 6/34 [00:01<00:03,  7.83it/s]
Recognizing Text:  24%|██▎       | 8/34 [00:02<00:07,  3.61it/s]
Recognizing Text:  29%|██▉       | 10/34 [00:02<00:04,  5.03it/s]
Recognizing Text:  35%|███▌      | 12/34 [00:02<00:03,  6.59it/s]
Recognizing Text:  59%|█████▉    | 20/34 [00:02<00:00, 16.26it/s]
Recognizing Text:  97%|█████████▋| 33/34 [00:02<00:00, 32.63it/s]
Recognizing Text: 100%|██████████| 34/34 [00:02<00:00, 12.41it/s]
  [books] latency page 8/8: 3.7s
  [books] batch of 50 pages...

Detecting bboxes:   0%|          | 0/1 [00:00<?, ?it/s]
Detecting bboxes: 100%|██████████| 1/1 [00:04<00:00,  4.50s/it]
Detecting bboxes: 100%|██████████| 1/1 [00:04<00:00,  4.50s/it]

Recognizing Text:   0%|          | 0/276 [00:00<?, ?it/s]
Recognizing Text:   0%|          | 1/276 [00:07<35:52,  7.83s/it]
Recognizing Text:   2%|▏         | 5/276 [00:08<05:26,  1.21s/it]
Recognizing Text:   4%|▎         | 10/276 [00:08<02:13,  1.99it/s]
Recognizing Text:   6%|▌         | 17/276 [00:08<01:02,  4.13it/s]
Recognizing Text:   7%|▋         | 20/276 [00:08<00:50,  5.06it/s]
Recognizing Text:   9%|▊         | 24/276 [00:08<00:37,  6.71it/s]
Recognizing Text:  10%|▉         | 27/276 [00:08<00:31,  7.88it/s]
Recognizing Text:  11%|█         | 30/276 [00:09<00:29,  8.45it/s]
Recognizing Text:  12%|█▏        | 32/276 [00:09<00:37,  6.55it/s]
Recognizing Text:  12%|█▏        | 34/276 [00:10<00:33,  7.16it/s]
Recognizing Text:  13%|█▎        | 36/276 [00:10<00:44,  5.36it/s]
Recognizing Text:  14%|█▍        | 38/276 [00:10<00:38,  6.13it/s]
Recognizing Text:  14%|█▍        | 39/276 [00:11<00:39,  5.98it/s]
Recognizing Text:  15%|█▍        | 41/276 [00:11<00:47,  4.91it/s]
Recognizing Text:  15%|█▌        | 42/276 [00:12<00:55,  4.25it/s]
Recognizing Text:  16%|█▌        | 43/276 [00:12<01:14,  3.12it/s]
Recognizing Text:  16%|█▋        | 45/276 [00:12<00:54,  4.24it/s]
Recognizing Text:  17%|█▋        | 48/276 [00:12<00:33,  6.80it/s]
Recognizing Text:  18%|█▊        | 50/276 [00:13<00:29,  7.67it/s]
Recognizing Text:  20%|█▉        | 54/276 [00:13<00:22,  9.72it/s]
Recognizing Text:  23%|██▎       | 63/276 [00:13<00:11, 18.55it/s]
Recognizing Text:  26%|██▋       | 73/276 [00:13<00:06, 30.63it/s]
Recognizing Text:  32%|███▏      | 89/276 [00:13<00:04, 46.49it/s]
Recognizing Text:  42%|████▏     | 117/276 [00:13<00:01, 88.34it/s]
Recognizing Text:  50%|█████     | 139/276 [00:14<00:01, 98.79it/s]
Recognizing Text:  66%|██████▌   | 181/276 [00:14<00:00, 139.43it/s]
Recognizing Text:  81%|████████  | 223/276 [00:14<00:00, 167.76it/s]
Recognizing Text:  90%|████████▉ | 248/276 [00:14<00:00, 159.45it/s]
Recognizing Text:  96%|█████████▌| 265/276 [00:14<00:00, 140.38it/s]
Recognizing Text: 100%|██████████| 276/276 [00:17<00:00, 15.74it/s] 
  [books] 8/50 pages  0.33 p/s

Detecting bboxes:   0%|          | 0/1 [00:00<?, ?it/s]
Detecting bboxes: 100%|██████████| 1/1 [00:04<00:00,  4.38s/it]
Detecting bboxes: 100%|██████████| 1/1 [00:04<00:00,  4.38s/it]

Recognizing Text:   0%|          | 0/604 [00:00<?, ?it/s]
Recognizing Text:   0%|          | 1/604 [00:06<1:01:22,  6.11s/it]
Recognizing Text:   0%|          | 2/604 [00:06<26:20,  2.63s/it]  
Recognizing Text:   1%|          | 4/604 [00:06<10:41,  1.07s/it]
Recognizing Text:   1%|          | 5/604 [00:08<11:45,  1.18s/it]
Recognizing Text:   1%|          | 6/604 [00:08<09:18,  1.07it/s]
Recognizing Text:   1%|          | 7/604 [00:08<07:02,  1.41it/s]
Recognizing Text:   1%|▏         | 8/604 [00:08<05:28,  1.82it/s]
Recognizing Text:   4%|▍         | 23/604 [00:08<00:46, 12.62it/s]
Recognizing Text:   6%|▋         | 39/604 [00:09<00:22, 24.59it/s]
Recognizing Text:  10%|█         | 61/604 [00:09<00:20, 26.57it/s]
Recognizing Text:  17%|█▋        | 105/604 [00:09<00:08, 61.06it/s]
Recognizing Text:  22%|██▏       | 135/604 [00:10<00:10, 43.88it/s]
Recognizing Text:  30%|██▉       | 179/604 [00:11<00:05, 72.25it/s]
Recognizing Text:  33%|███▎      | 202/604 [00:11<00:07, 56.27it/s]
Recognizing Text:  38%|███▊      | 231/604 [00:11<00:05, 69.89it/s]
Recognizing Text:  41%|████      | 248/604 [00:12<00:07, 49.85it/s]
Recognizing Text:  43%|████▎     | 261/604 [00:13<00:12, 28.49it/s]
Recognizing Text:  45%|████▍     | 270/604 [00:14<00:15, 21.88it/s]
Recognizing Text:  46%|████▌     | 277/604 [00:15<00:14, 22.24it/s]
Recognizing Text:  48%|████▊     | 288/604 [00:15<00:12, 26.26it/s]
Recognizing Text:  49%|████▊     | 294/604 [00:15<00:11, 27.08it/s]
Recognizing Text:  50%|████▉     | 299/604 [00:16<00:15, 19.57it/s]
Recognizing Text:  50%|█████     | 304/604 [00:16<00:14, 20.55it/s]
Recognizing Text:  51%|█████▏    | 310/604 [00:16<00:12, 24.42it/s]
Recognizing Text:  52%|█████▏    | 317/604 [00:16<00:10, 27.28it/s]
Recognizing Text:  55%|█████▍    | 332/604 [00:16<00:06, 44.06it/s]
Recognizing Text:  56%|█████▋    | 340/604 [00:16<00:06, 43.84it/s]
Recognizing Text:  58%|█████▊    | 351/604 [00:17<00:09, 27.69it/s]
Recognizing Text:  61%|██████    | 366/604 [00:17<00:05, 41.00it/s]
Recognizing Text:  66%|██████▌   | 396/604 [00:17<00:02, 75.90it/s]
Recognizing Text:  68%|██████▊   | 411/604 [00:17<00:02, 77.82it/s]
Recognizing Text:  74%|███████▍  | 446/604 [00:18<00:01, 108.35it/s]
Recognizing Text:  80%|███████▉  | 483/604 [00:18<00:00, 134.55it/s]
Recognizing Text:  86%|████████▌ | 517/604 [00:18<00:00, 142.80it/s]
Recognizing Text:  90%|█████████ | 545/604 [00:18<00:00, 146.05it/s]
Recognizing Text:  93%|█████████▎| 561/604 [00:18<00:00, 123.39it/s]
Recognizing Text:  95%|█████████▌| 575/604 [00:19<00:00, 107.04it/s]
Recognizing Text:  97%|█████████▋| 587/604 [00:19<00:00, 96.73it/s] 
Recognizing Text: 100%|█████████▉| 603/604 [00:19<00:00, 83.91it/s]
Recognizing Text: 100%|██████████| 604/604 [00:19<00:00, 30.67it/s]
  [books] 16/50 pages  0.31 p/s

Detecting bboxes:   0%|          | 0/1 [00:00<?, ?it/s]
Detecting bboxes: 100%|██████████| 1/1 [00:04<00:00,  4.48s/it]
Detecting bboxes: 100%|██████████| 1/1 [00:04<00:00,  4.49s/it]

Recognizing Text:   0%|          | 0/417 [00:00<?, ?it/s]
Recognizing Text:   0%|          | 1/417 [00:06<46:24,  6.69s/it]
Recognizing Text:   1%|          | 3/417 [00:10<22:50,  3.31s/it]
Recognizing Text:   1%|          | 5/417 [00:11<11:22,  1.66s/it]
Recognizing Text:   2%|▏         | 8/417 [00:11<05:35,  1.22it/s]
Recognizing Text:   2%|▏         | 10/417 [00:11<04:01,  1.68it/s]
Recognizing Text:   4%|▍         | 18/417 [00:11<01:27,  4.55it/s]
Recognizing Text:   5%|▌         | 21/417 [00:11<01:10,  5.60it/s]
Recognizing Text:   7%|▋         | 30/417 [00:12<00:38,  9.93it/s]
Recognizing Text:   8%|▊         | 33/417 [00:12<00:47,  8.15it/s]
Recognizing Text:   8%|▊         | 35/417 [00:13<00:53,  7.16it/s]
Recognizing Text:   9%|▉         | 37/417 [00:13<01:02,  6.06it/s]
Recognizing Text:   9%|▉         | 39/417 [00:14<00:56,  6.68it/s]
Recognizing Text:  10%|█         | 43/417 [00:14<00:44,  8.38it/s]
Recognizing Text:  11%|█         | 45/417 [00:14<00:42,  8.73it/s]
Recognizing Text:  13%|█▎        | 53/417 [00:15<00:38,  9.39it/s]
Recognizing Text:  14%|█▍        | 60/417 [00:15<00:26, 13.53it/s]
Recognizing Text:  17%|█▋        | 70/417 [00:15<00:16, 20.53it/s]
Recognizing Text:  21%|██        | 86/417 [00:15<00:09, 33.63it/s]
Recognizing Text:  26%|██▌       | 109/417 [00:16<00:09, 32.57it/s]
Recognizing Text:  31%|███       | 130/417 [00:16<00:06, 45.86it/s]
Recognizing Text:  38%|███▊      | 160/417 [00:16<00:03, 67.81it/s]
Recognizing Text:  42%|████▏     | 174/417 [00:17<00:05, 47.22it/s]
Recognizing Text:  52%|█████▏    | 217/417 [00:17<00:02, 78.96it/s]
Recognizing Text:  58%|█████▊    | 241/417 [00:17<00:01, 89.33it/s]
Recognizing Text:  61%|██████    | 254/417 [00:18<00:01, 85.26it/s]
Recognizing Text:  64%|██████▎   | 265/417 [00:18<00:01, 79.60it/s]
Recognizing Text:  66%|██████▌   | 275/417 [00:18<00:02, 59.15it/s]
Recognizing Text:  68%|██████▊   | 283/417 [00:19<00:02, 46.00it/s]
Recognizing Text:  69%|██████▉   | 289/417 [00:19<00:03, 39.37it/s]
Recognizing Text:  71%|███████   | 294/417 [00:19<00:03, 33.54it/s]
Recognizing Text:  71%|███████▏  | 298/417 [00:19<00:04, 28.28it/s]
Recognizing Text:  72%|███████▏  | 302/417 [00:19<00:04, 27.09it/s]
Recognizing Text:  73%|███████▎  | 306/417 [00:20<00:03, 27.78it/s]
Recognizing Text:  75%|███████▍  | 312/417 [00:20<00:03, 29.36it/s]
Recognizing Text:  76%|███████▋  | 318/417 [00:20<00:03, 30.63it/s]
Recognizing Text:  77%|███████▋  | 322/417 [00:20<00:03, 25.01it/s]
Recognizing Text:  78%|███████▊  | 325/417 [00:20<00:04, 22.99it/s]
Recognizing Text:  79%|███████▉  | 330/417 [00:21<00:03, 24.49it/s]
Recognizing Text:  83%|████████▎ | 347/417 [00:21<00:01, 44.82it/s]
Recognizing Text:  87%|████████▋ | 363/417 [00:21<00:00, 58.30it/s]
Recognizing Text:  90%|████████▉ | 374/417 [00:21<00:00, 60.02it/s]
Recognizing Text:  92%|█████████▏| 385/417 [00:21<00:00, 61.39it/s]
Recognizing Text:  94%|█████████▍| 393/417 [00:21<00:00, 54.30it/s]
Recognizing Text:  96%|█████████▌| 399/417 [00:22<00:00, 48.80it/s]
Recognizing Text:  97%|█████████▋| 406/417 [00:22<00:00, 46.68it/s]
Recognizing Text:  99%|█████████▉| 414/417 [00:22<00:00, 46.91it/s]
Recognizing Text: 100%|██████████| 417/417 [00:22<00:00, 18.56it/s]
  [books] 24/50 pages  0.29 p/s

Detecting bboxes:   0%|          | 0/1 [00:00<?, ?it/s]
Detecting bboxes: 100%|██████████| 1/1 [00:04<00:00,  4.28s/it]
Detecting bboxes: 100%|██████████| 1/1 [00:04<00:00,  4.28s/it]

Recognizing Text:   0%|          | 0/264 [00:00<?, ?it/s]
Recognizing Text:   0%|          | 1/264 [00:06<29:52,  6.82s/it]
Recognizing Text:  12%|█▏        | 32/264 [00:07<00:43,  5.37it/s]
Recognizing Text:  13%|█▎        | 34/264 [00:08<00:41,  5.48it/s]
Recognizing Text:  14%|█▎        | 36/264 [00:08<00:40,  5.62it/s]
Recognizing Text:  15%|█▍        | 39/264 [00:08<00:35,  6.39it/s]
Recognizing Text:  16%|█▋        | 43/264 [00:08<00:28,  7.81it/s]
Recognizing Text:  17%|█▋        | 45/264 [00:09<00:26,  8.16it/s]
Recognizing Text:  19%|█▊        | 49/264 [00:09<00:21, 10.09it/s]
Recognizing Text:  19%|█▉        | 51/264 [00:09<00:24,  8.70it/s]
Recognizing Text:  20%|██        | 53/264 [00:09<00:27,  7.76it/s]
Recognizing Text:  22%|██▏       | 57/264 [00:10<00:20, 10.16it/s]
Recognizing Text:  24%|██▍       | 64/264 [00:10<00:12, 15.65it/s]
Recognizing Text:  25%|██▌       | 67/264 [00:10<00:12, 15.83it/s]
Recognizing Text:  27%|██▋       | 70/264 [00:10<00:12, 15.87it/s]
Recognizing Text:  30%|███       | 80/264 [00:10<00:06, 29.01it/s]
Recognizing Text:  33%|███▎      | 88/264 [00:11<00:05, 33.42it/s]
Recognizing Text:  42%|████▏     | 112/264 [00:11<00:02, 61.94it/s]
Recognizing Text:  54%|█████▍    | 143/264 [00:11<00:01, 93.67it/s]
Recognizing Text:  66%|██████▌   | 174/264 [00:11<00:00, 116.69it/s]
Recognizing Text:  74%|███████▍  | 195/264 [00:11<00:00, 116.56it/s]
Recognizing Text:  78%|███████▊  | 207/264 [00:12<00:00, 89.00it/s] 
Recognizing Text:  82%|████████▏ | 217/264 [00:12<00:00, 63.45it/s]
Recognizing Text:  85%|████████▌ | 225/264 [00:14<00:02, 14.85it/s]
Recognizing Text:  88%|████████▊ | 231/264 [00:15<00:02, 14.65it/s]
Recognizing Text:  89%|████████▉ | 236/264 [00:15<00:01, 14.45it/s]
Recognizing Text:  93%|█████████▎| 245/264 [00:15<00:01, 18.25it/s]
Recognizing Text:  97%|█████████▋| 255/264 [00:15<00:00, 23.26it/s]
Recognizing Text:  99%|█████████▉| 261/264 [00:16<00:00, 25.01it/s]
Recognizing Text: 100%|██████████| 264/264 [00:16<00:00, 15.91it/s]
  [books] 32/50 pages  0.31 p/s

Detecting bboxes:   0%|          | 0/1 [00:00<?, ?it/s]
Detecting bboxes: 100%|██████████| 1/1 [00:04<00:00,  4.33s/it]
Detecting bboxes: 100%|██████████| 1/1 [00:04<00:00,  4.33s/it]

Recognizing Text:   0%|          | 0/276 [00:00<?, ?it/s]
Recognizing Text:   0%|          | 1/276 [00:10<46:02, 10.05s/it]
Recognizing Text:   1%|          | 2/276 [00:10<19:30,  4.27s/it]
Recognizing Text:   1%|          | 3/276 [00:11<12:57,  2.85s/it]
Recognizing Text:   2%|▏         | 5/276 [00:11<05:52,  1.30s/it]
Recognizing Text:   2%|▏         | 6/276 [00:12<04:55,  1.09s/it]
Recognizing Text:   3%|▎         | 7/276 [00:12<03:55,  1.14it/s]
Recognizing Text:   3%|▎         | 9/276 [00:13<02:49,  1.57it/s]
Recognizing Text:   4%|▍         | 11/276 [00:13<02:05,  2.10it/s]
Recognizing Text:   4%|▍         | 12/276 [00:13<01:45,  2.51it/s]
Recognizing Text:   5%|▍         | 13/276 [00:13<01:26,  3.03it/s]
Recognizing Text:   6%|▌         | 17/276 [00:14<00:40,  6.40it/s]
Recognizing Text:   7%|▋         | 19/276 [00:14<00:33,  7.77it/s]
Recognizing Text:   8%|▊         | 21/276 [00:14<00:27,  9.35it/s]
Recognizing Text:   9%|▉         | 25/276 [00:14<00:17, 14.00it/s]
Recognizing Text:  10%|█         | 28/276 [00:14<00:15, 16.45it/s]
Recognizing Text:  12%|█▏        | 33/276 [00:14<00:10, 22.76it/s]
Recognizing Text:  18%|█▊        | 49/276 [00:14<00:04, 51.43it/s]
Recognizing Text:  24%|██▍       | 66/276 [00:15<00:03, 53.88it/s]
Recognizing Text:  32%|███▏      | 89/276 [00:15<00:02, 84.18it/s]
Recognizing Text:  39%|███▉      | 108/276 [00:15<00:01, 103.13it/s]
Recognizing Text:  46%|████▌     | 126/276 [00:15<00:01, 116.90it/s]
Recognizing Text:  57%|█████▋    | 156/276 [00:15<00:00, 155.40it/s]
Recognizing Text:  68%|██████▊   | 187/276 [00:15<00:00, 188.00it/s]
Recognizing Text:  76%|███████▌  | 210/276 [00:15<00:00, 191.49it/s]
Recognizing Text:  84%|████████▎ | 231/276 [00:15<00:00, 190.00it/s]
Recognizing Text:  91%|█████████ | 251/276 [00:16<00:00, 146.66it/s]
Recognizing Text:  97%|█████████▋| 268/276 [00:16<00:00, 91.15it/s] 
Recognizing Text: 100%|██████████| 276/276 [00:22<00:00, 12.47it/s]
  [books] 40/50 pages  0.30 p/s

Detecting bboxes:   0%|          | 0/1 [00:00<?, ?it/s]
Detecting bboxes: 100%|██████████| 1/1 [00:04<00:00,  4.34s/it]
Detecting bboxes: 100%|██████████| 1/1 [00:04<00:00,  4.34s/it]

Recognizing Text:   0%|          | 0/250 [00:00<?, ?it/s]
Recognizing Text:   0%|          | 1/250 [00:09<41:13,  9.93s/it]
Recognizing Text:   1%|          | 2/250 [00:10<17:13,  4.17s/it]
Recognizing Text:   1%|          | 3/250 [00:10<09:49,  2.39s/it]
Recognizing Text:   2%|▏         | 4/250 [00:10<06:08,  1.50s/it]
Recognizing Text:   2%|▏         | 5/250 [00:10<04:06,  1.01s/it]
Recognizing Text:   3%|▎         | 8/250 [00:10<01:42,  2.37it/s]
Recognizing Text:   4%|▍         | 10/250 [00:11<01:15,  3.16it/s]
Recognizing Text:   7%|▋         | 17/250 [00:11<00:31,  7.33it/s]
Recognizing Text:   8%|▊         | 19/250 [00:11<00:34,  6.68it/s]
Recognizing Text:   8%|▊         | 21/250 [00:12<00:47,  4.84it/s]
Recognizing Text:   9%|▉         | 22/250 [00:12<00:44,  5.09it/s]
Recognizing Text:   9%|▉         | 23/250 [00:13<00:57,  3.96it/s]
Recognizing Text:  10%|▉         | 24/250 [00:13<00:51,  4.37it/s]
Recognizing Text:  10%|█         | 25/250 [00:13<00:46,  4.80it/s]
Recognizing Text:  10%|█         | 26/250 [00:13<01:03,  3.52it/s]
Recognizing Text:  11%|█         | 28/250 [00:14<00:43,  5.09it/s]
Recognizing Text:  12%|█▏        | 30/250 [00:14<00:32,  6.71it/s]
Recognizing Text:  13%|█▎        | 33/250 [00:14<00:26,  8.19it/s]
Recognizing Text:  14%|█▍        | 36/250 [00:14<00:19, 10.84it/s]
Recognizing Text:  15%|█▌        | 38/250 [00:14<00:25,  8.35it/s]
Recognizing Text:  16%|█▋        | 41/250 [00:15<00:19, 10.74it/s]
Recognizing Text:  17%|█▋        | 43/250 [00:15<00:17, 11.61it/s]
Recognizing Text:  18%|█▊        | 45/250 [00:15<00:16, 12.37it/s]
Recognizing Text:  19%|█▉        | 47/250 [00:15<00:15, 13.16it/s]
Recognizing Text:  20%|██        | 50/250 [00:15<00:12, 15.55it/s]
Recognizing Text:  21%|██        | 52/250 [00:15<00:12, 15.32it/s]
Recognizing Text:  22%|██▏       | 54/250 [00:16<00:16, 12.03it/s]
Recognizing Text:  22%|██▏       | 56/250 [00:16<00:15, 12.76it/s]
Recognizing Text:  24%|██▍       | 60/250 [00:16<00:11, 17.15it/s]
Recognizing Text:  26%|██▋       | 66/250 [00:16<00:07, 24.65it/s]
Recognizing Text:  28%|██▊       | 69/250 [00:16<00:07, 24.08it/s]
Recognizing Text:  29%|██▉       | 73/250 [00:16<00:06, 25.91it/s]
Recognizing Text:  32%|███▏      | 81/250 [00:16<00:04, 36.03it/s]
Recognizing Text:  34%|███▍      | 85/250 [00:16<00:04, 34.41it/s]
Recognizing Text:  37%|███▋      | 92/250 [00:17<00:03, 39.93it/s]
Recognizing Text:  42%|████▏     | 106/250 [00:17<00:02, 59.78it/s]
Recognizing Text:  47%|████▋     | 118/250 [00:17<00:01, 69.21it/s]
Recognizing Text:  54%|█████▍    | 135/250 [00:17<00:01, 87.64it/s]
Recognizing Text:  63%|██████▎   | 158/250 [00:17<00:00, 114.24it/s]
Recognizing Text:  74%|███████▍  | 186/250 [00:17<00:00, 122.85it/s]
Recognizing Text:  82%|████████▏ | 206/250 [00:17<00:00, 131.31it/s]
Recognizing Text:  88%|████████▊ | 220/250 [00:18<00:00, 125.56it/s]
Recognizing Text:  93%|█████████▎| 233/250 [00:18<00:00, 119.43it/s]
Recognizing Text:  98%|█████████▊| 245/250 [00:20<00:00, 22.65it/s] 
Recognizing Text: 100%|█████████▉| 249/250 [00:32<00:00, 22.65it/s]
Recognizing Text: 100%|██████████| 250/250 [00:38<00:00,  2.03it/s]
Recognizing Text: 100%|██████████| 250/250 [00:38<00:00,  6.54it/s]
  [books] 48/50 pages  0.27 p/s

Detecting bboxes:   0%|          | 0/1 [00:00<?, ?it/s]
Detecting bboxes: 100%|██████████| 1/1 [00:01<00:00,  1.26s/it]
Detecting bboxes: 100%|██████████| 1/1 [00:01<00:00,  1.26s/it]

Recognizing Text:   0%|          | 0/60 [00:00<?, ?it/s]
Recognizing Text:   2%|▏         | 1/60 [00:01<01:35,  1.62s/it]
Recognizing Text:   5%|▌         | 3/60 [00:01<00:27,  2.09it/s]
Recognizing Text:   8%|▊         | 5/60 [00:01<00:14,  3.87it/s]
Recognizing Text:  12%|█▏        | 7/60 [00:02<00:09,  5.49it/s]
Recognizing Text:  17%|█▋        | 10/60 [00:02<00:05,  8.67it/s]
Recognizing Text:  22%|██▏       | 13/60 [00:02<00:04, 11.71it/s]
Recognizing Text:  25%|██▌       | 15/60 [00:02<00:05,  8.81it/s]
Recognizing Text:  28%|██▊       | 17/60 [00:02<00:05,  7.70it/s]
Recognizing Text:  32%|███▏      | 19/60 [00:03<00:04,  8.71it/s]
Recognizing Text:  45%|████▌     | 27/60 [00:03<00:01, 18.93it/s]
Recognizing Text:  72%|███████▏  | 43/60 [00:03<00:00, 40.61it/s]
Recognizing Text: 100%|██████████| 60/60 [00:03<00:00, 59.45it/s]
Recognizing Text: 100%|██████████| 60/60 [00:03<00:00, 16.83it/s]
  [books] 50/50 pages  0.27 p/s
[surya] track docs

Detecting bboxes:   0%|          | 0/1 [00:00<?, ?it/s]
Detecting bboxes: 100%|██████████| 1/1 [00:00<00:00,  1.77it/s]
Detecting bboxes: 100%|██████████| 1/1 [00:00<00:00,  1.77it/s]

Recognizing Text:   0%|          | 0/26 [00:00<?, ?it/s]
Recognizing Text:   4%|▍         | 1/26 [00:00<00:09,  2.77it/s]
Recognizing Text:  12%|█▏        | 3/26 [00:00<00:03,  6.57it/s]
Recognizing Text:  15%|█▌        | 4/26 [00:00<00:03,  7.19it/s]
Recognizing Text:  23%|██▎       | 6/26 [00:00<00:02,  8.17it/s]
Recognizing Text:  27%|██▋       | 7/26 [00:01<00:06,  2.88it/s]
Recognizing Text:  35%|███▍      | 9/26 [00:02<00:04,  4.04it/s]
Recognizing Text:  54%|█████▍    | 14/26 [00:02<00:01,  8.96it/s]
Recognizing Text:  69%|██████▉   | 18/26 [00:02<00:00, 12.47it/s]
Recognizing Text:  85%|████████▍ | 22/26 [00:02<00:00, 15.30it/s]
Recognizing Text:  96%|█████████▌| 25/26 [00:02<00:00, 13.37it/s]
Recognizing Text: 100%|██████████| 26/26 [00:02<00:00,  9.34it/s]
  [docs] latency page 1/8: 3.5s

Detecting bboxes:   0%|          | 0/1 [00:00<?, ?it/s]
Detecting bboxes: 100%|██████████| 1/1 [00:00<00:00,  2.58it/s]
Detecting bboxes: 100%|██████████| 1/1 [00:00<00:00,  2.58it/s]

Recognizing Text:   0%|          | 0/39 [00:00<?, ?it/s]
Recognizing Text:   3%|▎         | 1/39 [00:00<00:24,  1.57it/s]
Recognizing Text:  10%|█         | 4/39 [00:00<00:05,  6.07it/s]
Recognizing Text:  15%|█▌        | 6/39 [00:01<00:05,  5.52it/s]
Recognizing Text:  21%|██        | 8/39 [00:01<00:04,  7.11it/s]
Recognizing Text:  26%|██▌       | 10/39 [00:01<00:04,  6.07it/s]
Recognizing Text:  33%|███▎      | 13/39 [00:01<00:03,  8.19it/s]
Recognizing Text:  38%|███▊      | 15/39 [00:02<00:03,  6.00it/s]
Recognizing Text:  49%|████▊     | 19/39 [00:02<00:02,  9.61it/s]
Recognizing Text:  79%|███████▉  | 31/39 [00:02<00:00, 22.66it/s]
Recognizing Text: 100%|██████████| 39/39 [00:03<00:00, 17.62it/s]
Recognizing Text: 100%|██████████| 39/39 [00:03<00:00, 11.43it/s]
  [docs] latency page 2/8: 3.9s

Detecting bboxes:   0%|          | 0/1 [00:00<?, ?it/s]
Detecting bboxes: 100%|██████████| 1/1 [00:00<00:00,  3.08it/s]
Detecting bboxes: 100%|██████████| 1/1 [00:00<00:00,  3.08it/s]

Recognizing Text:   0%|          | 0/35 [00:00<?, ?it/s]
Recognizing Text:   3%|▎         | 1/35 [00:00<00:12,  2.79it/s]
Recognizing Text:  31%|███▏      | 11/35 [00:00<00:00, 25.67it/s]
Recognizing Text:  80%|████████  | 28/35 [00:00<00:00, 54.73it/s]
Recognizing Text: 100%|██████████| 35/35 [00:03<00:00,  8.01it/s]
Recognizing Text: 100%|██████████| 35/35 [00:03<00:00, 10.35it/s]
  [docs] latency page 3/8: 3.8s

Detecting bboxes:   0%|          | 0/1 [00:00<?, ?it/s]
Detecting bboxes: 100%|██████████| 1/1 [00:00<00:00,  2.42it/s]
Detecting bboxes: 100%|██████████| 1/1 [00:00<00:00,  2.42it/s]

Recognizing Text:   0%|          | 0/99 [00:00<?, ?it/s]
Recognizing Text:   1%|          | 1/99 [00:01<02:00,  1.22s/it]
Recognizing Text:   2%|▏         | 2/99 [00:01<01:08,  1.43it/s]
Recognizing Text:   9%|▉         | 9/99 [00:01<00:10,  8.33it/s]
Recognizing Text:  12%|█▏        | 12/99 [00:01<00:09,  9.56it/s]
Recognizing Text:  15%|█▌        | 15/99 [00:02<00:07, 11.05it/s]
Recognizing Text:  17%|█▋        | 17/99 [00:02<00:06, 12.16it/s]
Recognizing Text:  25%|██▌       | 25/99 [00:02<00:03, 22.02it/s]
Recognizing Text:  28%|██▊       | 28/99 [00:02<00:03, 19.22it/s]
Recognizing Text:  34%|███▍      | 34/99 [00:02<00:02, 26.06it/s]
Recognizing Text:  38%|███▊      | 38/99 [00:03<00:03, 18.85it/s]
Recognizing Text:  43%|████▎     | 43/99 [00:03<00:03, 15.62it/s]
Recognizing Text:  54%|█████▎    | 53/99 [00:03<00:01, 26.23it/s]
Recognizing Text:  67%|██████▋   | 66/99 [00:03<00:00, 41.84it/s]
Recognizing Text:  83%|████████▎ | 82/99 [00:03<00:00, 62.53it/s]
Recognizing Text:  95%|█████████▍| 94/99 [00:03<00:00, 73.69it/s]
Recognizing Text: 100%|██████████| 99/99 [00:03<00:00, 25.01it/s]
  [docs] latency page 4/8: 4.6s

Detecting bboxes:   0%|          | 0/1 [00:00<?, ?it/s]
Detecting bboxes: 100%|██████████| 1/1 [00:00<00:00,  2.71it/s]
Detecting bboxes: 100%|██████████| 1/1 [00:00<00:00,  2.71it/s]

Recognizing Text:   0%|          | 0/82 [00:00<?, ?it/s]
Recognizing Text:   1%|          | 1/82 [00:00<01:13,  1.10it/s]
Recognizing Text:   7%|▋         | 6/82 [00:01<00:10,  7.41it/s]
Recognizing Text:  24%|██▍       | 20/82 [00:01<00:02, 26.92it/s]
Recognizing Text:  40%|████      | 33/82 [00:01<00:01, 42.99it/s]
Recognizing Text:  50%|█████     | 41/82 [00:01<00:00, 45.07it/s]
Recognizing Text:  59%|█████▊    | 48/82 [00:01<00:00, 38.50it/s]
Recognizing Text:  66%|██████▌   | 54/82 [00:02<00:01, 16.62it/s]
Recognizing Text:  74%|███████▍  | 61/82 [00:02<00:01, 20.59it/s]
Recognizing Text:  89%|████████▉ | 73/82 [00:02<00:00, 30.84it/s]
Recognizing Text:  99%|█████████▉| 81/82 [00:03<00:00, 32.60it/s]
Recognizing Text: 100%|██████████| 82/82 [00:03<00:00, 24.17it/s]
  [docs] latency page 5/8: 3.9s

Detecting bboxes:   0%|          | 0/1 [00:00<?, ?it/s]
Detecting bboxes: 100%|██████████| 1/1 [00:00<00:00,  2.51it/s]
Detecting bboxes: 100%|██████████| 1/1 [00:00<00:00,  2.51it/s]

Recognizing Text:   0%|          | 0/53 [00:00<?, ?it/s]
Recognizing Text:   2%|▏         | 1/53 [00:00<00:30,  1.70it/s]
Recognizing Text:  13%|█▎        | 7/53 [00:01<00:05,  8.06it/s]
Recognizing Text:  17%|█▋        | 9/53 [00:01<00:04,  9.37it/s]
Recognizing Text:  21%|██        | 11/53 [00:01<00:05,  7.28it/s]
Recognizing Text:  26%|██▋       | 14/53 [00:01<00:04,  8.49it/s]
Recognizing Text:  28%|██▊       | 15/53 [00:02<00:05,  6.44it/s]
Recognizing Text:  30%|███       | 16/53 [00:02<00:05,  6.84it/s]
Recognizing Text:  36%|███▌      | 19/53 [00:02<00:05,  6.20it/s]
Recognizing Text:  43%|████▎     | 23/53 [00:02<00:02, 10.05it/s]
Recognizing Text:  57%|█████▋    | 30/53 [00:03<00:01, 18.43it/s]
Recognizing Text:  75%|███████▌  | 40/53 [00:03<00:00, 31.96it/s]
Recognizing Text:  87%|████████▋ | 46/53 [00:03<00:00, 28.95it/s]
Recognizing Text: 100%|██████████| 53/53 [00:03<00:00, 32.08it/s]
Recognizing Text: 100%|██████████| 53/53 [00:03<00:00, 14.92it/s]
  [docs] latency page 6/8: 4.1s

Detecting bboxes:   0%|          | 0/1 [00:00<?, ?it/s]
Detecting bboxes: 100%|██████████| 1/1 [00:00<00:00,  2.66it/s]
Detecting bboxes: 100%|██████████| 1/1 [00:00<00:00,  2.66it/s]

Recognizing Text:   0%|          | 0/35 [00:00<?, ?it/s]
Recognizing Text:   3%|▎         | 1/35 [00:00<00:18,  1.85it/s]
Recognizing Text:   9%|▊         | 3/35 [00:00<00:06,  4.99it/s]
Recognizing Text:  14%|█▍        | 5/35 [00:00<00:03,  7.89it/s]
Recognizing Text:  20%|██        | 7/35 [00:01<00:03,  7.27it/s]
Recognizing Text:  26%|██▌       | 9/35 [00:01<00:04,  6.46it/s]
Recognizing Text:  29%|██▊       | 10/35 [00:01<00:03,  6.85it/s]
Recognizing Text:  34%|███▍      | 12/35 [00:01<00:03,  6.71it/s]
Recognizing Text:  51%|█████▏    | 18/35 [00:02<00:01, 14.10it/s]
Recognizing Text:  77%|███████▋  | 27/35 [00:02<00:00, 26.60it/s]
Recognizing Text:  97%|█████████▋| 34/35 [00:02<00:00, 34.18it/s]
Recognizing Text: 100%|██████████| 35/35 [00:02<00:00, 14.97it/s]
  [docs] latency page 7/8: 2.8s

Detecting bboxes:   0%|          | 0/1 [00:00<?, ?it/s]
Detecting bboxes: 100%|██████████| 1/1 [00:00<00:00,  2.80it/s]
Detecting bboxes: 100%|██████████| 1/1 [00:00<00:00,  2.80it/s]

Recognizing Text:   0%|          | 0/40 [00:00<?, ?it/s]
Recognizing Text:   2%|▎         | 1/40 [00:00<00:21,  1.80it/s]
Recognizing Text:   8%|▊         | 3/40 [00:00<00:07,  4.87it/s]
Recognizing Text:  12%|█▎        | 5/40 [00:00<00:04,  7.69it/s]
Recognizing Text:  30%|███       | 12/40 [00:00<00:01, 20.58it/s]
Recognizing Text:  40%|████      | 16/40 [00:01<00:02, 11.55it/s]
Recognizing Text:  48%|████▊     | 19/40 [00:01<00:01, 12.59it/s]
Recognizing Text:  57%|█████▊    | 23/40 [00:01<00:01, 16.25it/s]
Recognizing Text:  88%|████████▊ | 35/40 [00:01<00:00, 33.63it/s]
Recognizing Text: 100%|██████████| 40/40 [00:02<00:00, 16.93it/s]
  [docs] latency page 8/8: 2.9s
  [docs] batch of 50 pages...

Detecting bboxes:   0%|          | 0/1 [00:00<?, ?it/s]
Detecting bboxes: 100%|██████████| 1/1 [00:02<00:00,  2.55s/it]
Detecting bboxes: 100%|██████████| 1/1 [00:02<00:00,  2.55s/it]

Recognizing Text:   0%|          | 0/409 [00:00<?, ?it/s]
Recognizing Text:   0%|          | 1/409 [00:04<33:18,  4.90s/it]
Recognizing Text:   1%|          | 4/409 [00:05<06:33,  1.03it/s]
Recognizing Text:   1%|▏         | 6/409 [00:05<04:29,  1.49it/s]
Recognizing Text:   2%|▏         | 8/409 [00:05<03:10,  2.11it/s]
Recognizing Text:   2%|▏         | 9/409 [00:06<02:43,  2.45it/s]
Recognizing Text:   3%|▎         | 11/409 [00:06<01:58,  3.35it/s]
Recognizing Text:   3%|▎         | 13/409 [00:06<01:33,  4.24it/s]
Recognizing Text:   4%|▎         | 15/409 [00:06<01:12,  5.45it/s]
Recognizing Text:   4%|▍         | 17/409 [00:06<00:58,  6.67it/s]
Recognizing Text:   5%|▍         | 20/409 [00:07<00:43,  9.02it/s]
Recognizing Text:   6%|▌         | 23/409 [00:07<00:34, 11.09it/s]
Recognizing Text:   6%|▌         | 25/409 [00:07<00:37, 10.26it/s]
Recognizing Text:   7%|▋         | 30/409 [00:07<00:25, 15.15it/s]
Recognizing Text:   9%|▉         | 36/409 [00:07<00:17, 20.75it/s]
Recognizing Text:  10%|▉         | 39/409 [00:07<00:18, 20.21it/s]
Recognizing Text:  11%|█         | 44/409 [00:08<00:15, 23.28it/s]
Recognizing Text:  13%|█▎        | 55/409 [00:08<00:19, 17.83it/s]
Recognizing Text:  18%|█▊        | 73/409 [00:09<00:10, 33.38it/s]
Recognizing Text:  22%|██▏       | 91/409 [00:09<00:06, 48.64it/s]
Recognizing Text:  27%|██▋       | 112/409 [00:09<00:07, 39.28it/s]
Recognizing Text:  31%|███       | 127/409 [00:10<00:05, 47.69it/s]
Recognizing Text:  35%|███▍      | 143/409 [00:10<00:04, 57.04it/s]
Recognizing Text:  40%|███▉      | 162/409 [00:10<00:03, 69.68it/s]
Recognizing Text:  43%|████▎     | 175/409 [00:10<00:04, 51.60it/s]
Recognizing Text:  49%|████▉     | 200/409 [00:10<00:02, 71.11it/s]
Recognizing Text:  58%|█████▊    | 239/409 [00:11<00:01, 108.00it/s]
Recognizing Text:  66%|██████▌   | 270/409 [00:11<00:01, 128.07it/s]
Recognizing Text:  70%|██████▉   | 286/409 [00:11<00:01, 122.55it/s]
Recognizing Text:  74%|███████▎  | 301/409 [00:11<00:00, 116.40it/s]
Recognizing Text:  77%|███████▋  | 314/409 [00:11<00:00, 107.95it/s]
Recognizing Text:  80%|███████▉  | 326/409 [00:11<00:00, 99.70it/s] 
Recognizing Text:  82%|████████▏ | 337/409 [00:12<00:00, 92.37it/s]
Recognizing Text:  85%|████████▌ | 349/409 [00:12<00:00, 89.35it/s]
Recognizing Text:  88%|████████▊ | 359/409 [00:12<00:00, 82.98it/s]
Recognizing Text:  90%|████████▉ | 368/409 [00:12<00:00, 76.60it/s]
Recognizing Text:  93%|█████████▎| 379/409 [00:12<00:00, 76.02it/s]
Recognizing Text:  95%|█████████▍| 387/409 [00:12<00:00, 69.60it/s]
Recognizing Text:  96%|█████████▋| 394/409 [00:12<00:00, 63.17it/s]
Recognizing Text:  98%|█████████▊| 401/409 [00:13<00:00, 36.98it/s]
Recognizing Text:  99%|█████████▉| 406/409 [00:13<00:00, 32.98it/s]
Recognizing Text: 100%|██████████| 409/409 [00:15<00:00, 26.27it/s]
  [docs] 8/50 pages  0.41 p/s

Detecting bboxes:   0%|          | 0/1 [00:00<?, ?it/s]
Detecting bboxes: 100%|██████████| 1/1 [00:02<00:00,  2.55s/it]
Detecting bboxes: 100%|██████████| 1/1 [00:02<00:00,  2.55s/it]

Recognizing Text:   0%|          | 0/1172 [00:00<?, ?it/s]
Recognizing Text:   0%|          | 1/1172 [00:05<1:54:06,  5.85s/it]
Recognizing Text:   0%|          | 2/1172 [00:06<52:23,  2.69s/it]  
Recognizing Text:   0%|          | 4/1172 [00:06<20:28,  1.05s/it]
Recognizing Text:   1%|          | 6/1172 [00:06<11:30,  1.69it/s]
Recognizing Text:   1%|          | 7/1172 [00:06<09:22,  2.07it/s]
Recognizing Text:   1%|          | 14/1172 [00:06<02:57,  6.54it/s]
Recognizing Text:   2%|▏         | 22/1172 [00:07<01:33, 12.29it/s]
Recognizing Text:   2%|▏         | 26/1172 [00:07<01:20, 14.27it/s]
Recognizing Text:   2%|▏         | 29/1172 [00:07<01:22, 13.87it/s]
Recognizing Text:   3%|▎         | 32/1172 [00:07<01:32, 12.34it/s]
Recognizing Text:   3%|▎         | 35/1172 [00:07<01:23, 13.69it/s]
Recognizing Text:   5%|▍         | 54/1172 [00:08<00:57, 19.44it/s]
Recognizing Text:   7%|▋         | 78/1172 [00:09<00:30, 35.81it/s]
Recognizing Text:  11%|█         | 125/1172 [00:10<00:26, 39.85it/s]
Recognizing Text:  14%|█▎        | 160/1172 [00:10<00:17, 58.85it/s]
Recognizing Text:  15%|█▌        | 181/1172 [00:11<00:22, 44.31it/s]
Recognizing Text:  18%|█▊        | 208/1172 [00:11<00:16, 57.84it/s]
Recognizing Text:  19%|█▊        | 219/1172 [00:11<00:17, 55.73it/s]
Recognizing Text:  19%|█▉        | 228/1172 [00:11<00:20, 46.00it/s]
Recognizing Text:  20%|██        | 235/1172 [00:12<00:34, 27.16it/s]
Recognizing Text:  21%|██        | 241/1172 [00:13<00:36, 25.53it/s]
Recognizing Text:  21%|██        | 246/1172 [00:13<00:44, 21.03it/s]
Recognizing Text:  21%|██▏       | 250/1172 [00:13<00:51, 18.06it/s]
Recognizing Text:  22%|██▏       | 253/1172 [00:14<00:50, 18.19it/s]
Recognizing Text:  22%|██▏       | 257/1172 [00:14<00:47, 19.22it/s]
Recognizing Text:  22%|██▏       | 260/1172 [00:14<00:51, 17.63it/s]
Recognizing Text:  23%|██▎       | 264/1172 [00:14<00:47, 19.17it/s]
Recognizing Text:  23%|██▎       | 273/1172 [00:14<00:32, 27.57it/s]
Recognizing Text:  24%|██▍       | 283/1172 [00:14<00:24, 36.06it/s]
Recognizing Text:  25%|██▍       | 288/1172 [00:15<00:55, 15.95it/s]
Recognizing Text:  25%|██▌       | 293/1172 [00:16<00:48, 18.21it/s]
Recognizing Text:  25%|██▌       | 297/1172 [00:16<00:45, 19.39it/s]
Recognizing Text:  26%|██▌       | 302/1172 [00:16<00:39, 21.83it/s]
Recognizing Text:  27%|██▋       | 311/1172 [00:16<00:30, 28.59it/s]
Recognizing Text:  28%|██▊       | 329/1172 [00:16<00:17, 48.27it/s]
Recognizing Text:  29%|██▉       | 342/1172 [00:17<00:25, 33.12it/s]
Recognizing Text:  30%|███       | 355/1172 [00:17<00:18, 43.96it/s]
Recognizing Text:  32%|███▏      | 378/1172 [00:17<00:11, 70.18it/s]
Recognizing Text:  34%|███▍      | 403/1172 [00:18<00:16, 45.81it/s]
Recognizing Text:  37%|███▋      | 429/1172 [00:18<00:11, 62.99it/s]
Recognizing Text:  38%|███▊      | 444/1172 [00:18<00:10, 68.21it/s]
Recognizing Text:  39%|███▉      | 455/1172 [00:18<00:10, 68.78it/s]
Recognizing Text:  40%|███▉      | 465/1172 [00:19<00:20, 34.67it/s]
Recognizing Text:  40%|████      | 473/1172 [00:19<00:19, 36.78it/s]
Recognizing Text:  41%|████      | 480/1172 [00:19<00:18, 37.03it/s]
Recognizing Text:  42%|████▏     | 488/1172 [00:20<00:18, 36.30it/s]
Recognizing Text:  42%|████▏     | 493/1172 [00:20<00:22, 29.67it/s]
Recognizing Text:  42%|████▏     | 497/1172 [00:20<00:25, 26.50it/s]
Recognizing Text:  43%|████▎     | 501/1172 [00:20<00:25, 26.33it/s]
Recognizing Text:  43%|████▎     | 506/1172 [00:21<00:24, 27.63it/s]
Recognizing Text:  44%|████▎     | 510/1172 [00:21<00:42, 15.46it/s]
Recognizing Text:  44%|████▍     | 517/1172 [00:21<00:32, 20.40it/s]
Recognizing Text:  45%|████▍     | 522/1172 [00:21<00:28, 22.54it/s]
Recognizing Text:  45%|████▍     | 527/1172 [00:22<00:26, 24.59it/s]
Recognizing Text:  46%|████▌     | 536/1172 [00:22<00:19, 32.14it/s]
Recognizing Text:  47%|████▋     | 545/1172 [00:22<00:16, 38.59it/s]
Recognizing Text:  47%|████▋     | 550/1172 [00:22<00:16, 36.85it/s]
Recognizing Text:  48%|████▊     | 557/1172 [00:22<00:15, 39.00it/s]
Recognizing Text:  48%|████▊     | 562/1172 [00:23<00:32, 18.51it/s]
Recognizing Text:  49%|████▉     | 573/1172 [00:23<00:22, 27.01it/s]
Recognizing Text:  50%|█████     | 586/1172 [00:23<00:15, 37.78it/s]
Recognizing Text:  51%|█████     | 598/1172 [00:23<00:12, 46.12it/s]
Recognizing Text:  52%|█████▏    | 611/1172 [00:24<00:10, 54.89it/s]
Recognizing Text:  53%|█████▎    | 620/1172 [00:24<00:19, 28.19it/s]
Recognizing Text:  54%|█████▍    | 634/1172 [00:25<00:14, 37.66it/s]
Recognizing Text:  55%|█████▌    | 647/1172 [00:25<00:11, 46.02it/s]
Recognizing Text:  56%|█████▌    | 654/1172 [00:25<00:10, 48.90it/s]
Recognizing Text:  57%|█████▋    | 664/1172 [00:25<00:09, 52.40it/s]
Recognizing Text:  58%|█████▊    | 674/1172 [00:26<00:17, 29.01it/s]
Recognizing Text:  58%|█████▊    | 680/1172 [00:26<00:15, 32.24it/s]
Recognizing Text:  59%|█████▊    | 688/1172 [00:26<00:13, 35.89it/s]
Recognizing Text:  60%|█████▉    | 700/1172 [00:26<00:10, 44.74it/s]
Recognizing Text:  61%|██████    | 716/1172 [00:26<00:07, 58.19it/s]
Recognizing Text:  62%|██████▏   | 732/1172 [00:27<00:12, 34.48it/s]
Recognizing Text:  63%|██████▎   | 738/1172 [00:27<00:12, 35.05it/s]
Recognizing Text:  64%|██████▍   | 750/1172 [00:27<00:09, 42.23it/s]
Recognizing Text:  65%|██████▍   | 756/1172 [00:28<00:09, 41.64it/s]
Recognizing Text:  65%|██████▌   | 765/1172 [00:28<00:09, 45.19it/s]
Recognizing Text:  66%|██████▌   | 771/1172 [00:28<00:11, 35.04it/s]
Recognizing Text:  66%|██████▌   | 776/1172 [00:28<00:11, 34.20it/s]
Recognizing Text:  67%|██████▋   | 781/1172 [00:28<00:11, 34.04it/s]
Recognizing Text:  67%|██████▋   | 787/1172 [00:29<00:19, 20.17it/s]
Recognizing Text:  69%|██████▊   | 805/1172 [00:29<00:10, 36.56it/s]
Recognizing Text:  70%|███████   | 826/1172 [00:29<00:06, 55.90it/s]
Recognizing Text:  72%|███████▏  | 841/1172 [00:30<00:08, 38.00it/s]
Recognizing Text:  73%|███████▎  | 855/1172 [00:30<00:06, 45.93it/s]
Recognizing Text:  75%|███████▌  | 879/1172 [00:30<00:04, 65.39it/s]
Recognizing Text:  77%|███████▋  | 902/1172 [00:31<00:05, 47.91it/s]
Recognizing Text:  80%|███████▉  | 936/1172 [00:31<00:03, 72.71it/s]
Recognizing Text:  83%|████████▎ | 970/1172 [00:31<00:02, 92.04it/s]
Recognizing Text:  87%|████████▋ | 1014/1172 [00:31<00:01, 128.22it/s]
Recognizing Text:  91%|█████████ | 1065/1172 [00:32<00:00, 171.46it/s]
Recognizing Text:  93%|█████████▎| 1091/1172 [00:32<00:00, 172.75it/s]
Recognizing Text:  95%|█████████▍| 1113/1172 [00:32<00:00, 167.23it/s]
Recognizing Text:  97%|█████████▋| 1133/1172 [00:32<00:00, 141.96it/s]
Recognizing Text:  98%|█████████▊| 1150/1172 [00:33<00:00, 77.24it/s] 
Recognizing Text:  99%|█████████▉| 1163/1172 [00:33<00:00, 46.45it/s]
Recognizing Text: 100%|██████████| 1172/1172 [00:34<00:00, 33.71it/s]
  [docs] 16/50 pages  0.26 p/s

Detecting bboxes:   0%|          | 0/1 [00:00<?, ?it/s]
Detecting bboxes: 100%|██████████| 1/1 [00:02<00:00,  2.44s/it]
Detecting bboxes: 100%|██████████| 1/1 [00:02<00:00,  2.44s/it]

Recognizing Text:   0%|          | 0/1195 [00:00<?, ?it/s]
Recognizing Text:   0%|          | 1/1195 [00:04<1:28:48,  4.46s/it]
Recognizing Text:   0%|          | 2/1195 [00:05<46:59,  2.36s/it]  
Recognizing Text:   0%|          | 3/1195 [00:05<27:08,  1.37s/it]
Recognizing Text:   0%|          | 4/1195 [00:05<17:51,  1.11it/s]
Recognizing Text:   0%|          | 5/1195 [00:06<15:13,  1.30it/s]
Recognizing Text:   1%|          | 6/1195 [00:06<13:39,  1.45it/s]
Recognizing Text:   1%|          | 7/1195 [00:06<10:20,  1.91it/s]
Recognizing Text:   1%|          | 8/1195 [00:07<09:18,  2.13it/s]
Recognizing Text:   1%|          | 10/1195 [00:07<05:44,  3.44it/s]
Recognizing Text:   1%|▏         | 15/1195 [00:07<02:34,  7.66it/s]
Recognizing Text:   2%|▏         | 24/1195 [00:07<01:12, 16.12it/s]
Recognizing Text:   3%|▎         | 36/1195 [00:08<00:42, 27.49it/s]
Recognizing Text:   5%|▌         | 62/1195 [00:08<00:40, 27.79it/s]
Recognizing Text:   8%|▊         | 92/1195 [00:09<00:22, 48.17it/s]
Recognizing Text:   9%|▉         | 107/1195 [00:09<00:20, 54.20it/s]
Recognizing Text:  10%|▉         | 115/1195 [00:10<00:34, 31.09it/s]
Recognizing Text:  10%|█         | 121/1195 [00:10<00:41, 25.80it/s]
Recognizing Text:  11%|█         | 126/1195 [00:10<00:42, 24.99it/s]
Recognizing Text:  11%|█         | 130/1195 [00:11<00:43, 24.55it/s]
Recognizing Text:  12%|█▏        | 139/1195 [00:11<00:35, 29.44it/s]
Recognizing Text:  12%|█▏        | 147/1195 [00:11<00:31, 32.88it/s]
Recognizing Text:  14%|█▎        | 164/1195 [00:11<00:21, 47.51it/s]
Recognizing Text:  14%|█▍        | 173/1195 [00:12<00:39, 26.09it/s]
Recognizing Text:  17%|█▋        | 198/1195 [00:12<00:22, 44.52it/s]
Recognizing Text:  18%|█▊        | 220/1195 [00:12<00:16, 59.29it/s]
Recognizing Text:  19%|█▉        | 229/1195 [00:13<00:28, 33.92it/s]
Recognizing Text:  20%|█▉        | 237/1195 [00:13<00:26, 35.61it/s]
Recognizing Text:  20%|██        | 243/1195 [00:14<00:58, 16.27it/s]
Recognizing Text:  21%|██        | 249/1195 [00:15<00:52, 18.01it/s]
Recognizing Text:  21%|██        | 253/1195 [00:15<00:53, 17.53it/s]
Recognizing Text:  22%|██▏       | 259/1195 [00:15<00:46, 19.93it/s]
Recognizing Text:  22%|██▏       | 267/1195 [00:15<00:38, 24.31it/s]
Recognizing Text:  23%|██▎       | 278/1195 [00:16<00:47, 19.37it/s]
Recognizing Text:  24%|██▍       | 285/1195 [00:16<00:41, 22.19it/s]
Recognizing Text:  25%|██▍       | 293/1195 [00:16<00:34, 26.13it/s]
Recognizing Text:  26%|██▌       | 307/1195 [00:17<00:24, 36.43it/s]
Recognizing Text:  26%|██▋       | 315/1195 [00:17<00:21, 41.39it/s]
Recognizing Text:  28%|██▊       | 330/1195 [00:17<00:30, 28.61it/s]
Recognizing Text:  28%|██▊       | 338/1195 [00:18<00:27, 31.05it/s]
Recognizing Text:  29%|██▉       | 347/1195 [00:18<00:25, 33.87it/s]
Recognizing Text:  30%|███       | 361/1195 [00:18<00:19, 43.01it/s]
Recognizing Text:  31%|███       | 370/1195 [00:18<00:18, 44.76it/s]
Recognizing Text:  31%|███▏      | 376/1195 [00:18<00:19, 41.83it/s]
Recognizing Text:  32%|███▏      | 381/1195 [00:19<00:21, 38.38it/s]
Recognizing Text:  33%|███▎      | 389/1195 [00:19<00:32, 24.87it/s]
Recognizing Text:  33%|███▎      | 393/1195 [00:19<00:30, 26.49it/s]
Recognizing Text:  34%|███▎      | 403/1195 [00:19<00:23, 33.25it/s]
Recognizing Text:  35%|███▍      | 417/1195 [00:20<00:17, 44.33it/s]
Recognizing Text:  37%|███▋      | 439/1195 [00:20<00:11, 64.96it/s]
Recognizing Text:  38%|███▊      | 449/1195 [00:20<00:21, 35.02it/s]
Recognizing Text:  39%|███▉      | 469/1195 [00:21<00:14, 48.55it/s]
Recognizing Text:  40%|████      | 479/1195 [00:21<00:14, 50.05it/s]
Recognizing Text:  41%|████      | 486/1195 [00:21<00:15, 45.97it/s]
Recognizing Text:  41%|████      | 492/1195 [00:21<00:16, 43.08it/s]
Recognizing Text:  42%|████▏     | 498/1195 [00:21<00:19, 36.20it/s]
Recognizing Text:  42%|████▏     | 503/1195 [00:22<00:31, 21.63it/s]
Recognizing Text:  43%|████▎     | 510/1195 [00:22<00:27, 24.83it/s]
Recognizing Text:  43%|████▎     | 516/1195 [00:22<00:25, 26.71it/s]
Recognizing Text:  44%|████▎     | 520/1195 [00:23<00:32, 20.67it/s]
Recognizing Text:  44%|████▍     | 525/1195 [00:23<00:30, 22.19it/s]
Recognizing Text:  45%|████▍     | 533/1195 [00:23<00:24, 27.48it/s]
Recognizing Text:  47%|████▋     | 559/1195 [00:24<00:20, 31.77it/s]
Recognizing Text:  50%|████▉     | 594/1195 [00:24<00:10, 58.64it/s]
Recognizing Text:  52%|█████▏    | 619/1195 [00:25<00:12, 45.88it/s]
Recognizing Text:  54%|█████▎    | 640/1195 [00:25<00:10, 55.30it/s]
Recognizing Text:  55%|█████▌    | 663/1195 [00:25<00:07, 73.07it/s]
Recognizing Text:  57%|█████▋    | 678/1195 [00:26<00:11, 45.92it/s]
Recognizing Text:  58%|█████▊    | 694/1195 [00:26<00:09, 52.51it/s]
Recognizing Text:  59%|█████▉    | 704/1195 [00:27<00:11, 41.14it/s]
Recognizing Text:  60%|██████    | 717/1195 [00:27<00:10, 46.33it/s]
Recognizing Text:  62%|██████▏   | 735/1195 [00:27<00:12, 36.37it/s]
Recognizing Text:  63%|██████▎   | 748/1195 [00:28<00:10, 41.71it/s]
Recognizing Text:  63%|██████▎   | 758/1195 [00:28<00:09, 44.13it/s]
Recognizing Text:  64%|██████▍   | 764/1195 [00:28<00:11, 38.06it/s]
Recognizing Text:  64%|██████▍   | 769/1195 [00:28<00:12, 35.20it/s]
Recognizing Text:  65%|██████▌   | 778/1195 [00:28<00:10, 38.79it/s]
Recognizing Text:  67%|██████▋   | 795/1195 [00:29<00:12, 32.34it/s]
Recognizing Text:  70%|██████▉   | 831/1195 [00:29<00:05, 61.93it/s]
Recognizing Text:  71%|███████   | 850/1195 [00:30<00:07, 47.72it/s]
Recognizing Text:  74%|███████▍  | 890/1195 [00:30<00:04, 76.15it/s]
Recognizing Text:  76%|███████▌  | 903/1195 [00:31<00:05, 53.70it/s]
Recognizing Text:  78%|███████▊  | 929/1195 [00:31<00:03, 68.44it/s]
Recognizing Text:  81%|████████▏ | 972/1195 [00:31<00:02, 75.29it/s]
Recognizing Text:  86%|████████▋ | 1033/1195 [00:31<00:01, 119.71it/s]
Recognizing Text:  91%|█████████▏| 1091/1195 [00:32<00:00, 160.15it/s]
Recognizing Text:  94%|█████████▍| 1125/1195 [00:32<00:00, 168.60it/s]
Recognizing Text:  96%|█████████▋| 1152/1195 [00:32<00:00, 166.93it/s]
Recognizing Text:  98%|█████████▊| 1172/1195 [00:32<00:00, 138.57it/s]
Recognizing Text:  99%|█████████▉| 1189/1195 [00:33<00:00, 105.75it/s]
Recognizing Text: 100%|██████████| 1195/1195 [00:35<00:00, 33.89it/s] 
  [docs] 24/50 pages  0.24 p/s

Detecting bboxes:   0%|          | 0/1 [00:00<?, ?it/s]
Detecting bboxes: 100%|██████████| 1/1 [00:02<00:00,  2.61s/it]
Detecting bboxes: 100%|██████████| 1/1 [00:02<00:00,  2.61s/it]

Recognizing Text:   0%|          | 0/790 [00:00<?, ?it/s]
Recognizing Text:   0%|          | 1/790 [00:09<2:10:23,  9.92s/it]
Recognizing Text:   0%|          | 2/790 [00:10<58:27,  4.45s/it]  
Recognizing Text:   0%|          | 3/790 [00:10<32:38,  2.49s/it]
Recognizing Text:   1%|          | 4/790 [00:11<22:08,  1.69s/it]
Recognizing Text:   1%|          | 5/790 [00:11<14:52,  1.14s/it]
Recognizing Text:   1%|          | 6/790 [00:12<13:15,  1.01s/it]
Recognizing Text:   1%|          | 8/790 [00:12<07:12,  1.81it/s]
Recognizing Text:   1%|▏         | 10/790 [00:12<04:38,  2.80it/s]
Recognizing Text:   1%|▏         | 11/790 [00:12<04:29,  2.89it/s]
Recognizing Text:   2%|▏         | 12/790 [00:12<03:53,  3.34it/s]
Recognizing Text:   2%|▏         | 13/790 [00:13<03:23,  3.81it/s]
Recognizing Text:   2%|▏         | 14/790 [00:13<03:00,  4.29it/s]
Recognizing Text:   2%|▏         | 17/790 [00:13<01:44,  7.37it/s]
Recognizing Text:   3%|▎         | 20/790 [00:13<01:16, 10.07it/s]
Recognizing Text:   3%|▎         | 23/790 [00:13<01:02, 12.33it/s]
Recognizing Text:   4%|▎         | 29/790 [00:13<00:39, 19.14it/s]
Recognizing Text:   4%|▍         | 33/790 [00:13<00:36, 20.93it/s]
Recognizing Text:   5%|▍         | 36/790 [00:14<00:57, 13.20it/s]
Recognizing Text:   5%|▍         | 39/790 [00:14<00:52, 14.44it/s]
Recognizing Text:   5%|▌         | 43/790 [00:14<00:53, 13.83it/s]
Recognizing Text:   6%|▌         | 49/790 [00:15<00:38, 19.03it/s]
Recognizing Text:   7%|▋         | 53/790 [00:15<01:10, 10.46it/s]
Recognizing Text:   8%|▊         | 62/790 [00:16<00:42, 17.24it/s]
Recognizing Text:   9%|▉         | 72/790 [00:16<00:28, 25.15it/s]
Recognizing Text:  10%|▉         | 78/790 [00:16<00:25, 27.72it/s]
Recognizing Text:  11%|█▏        | 90/790 [00:16<00:18, 38.42it/s]
Recognizing Text:  13%|█▎        | 102/790 [00:16<00:14, 47.65it/s]
Recognizing Text:  16%|█▌        | 123/790 [00:17<00:22, 30.13it/s]
Recognizing Text:  18%|█▊        | 144/790 [00:17<00:14, 44.28it/s]
Recognizing Text:  21%|██        | 164/790 [00:17<00:10, 57.90it/s]
Recognizing Text:  23%|██▎       | 178/790 [00:18<00:15, 39.31it/s]
Recognizing Text:  24%|██▎       | 187/790 [00:18<00:14, 41.94it/s]
Recognizing Text:  25%|██▍       | 194/790 [00:18<00:14, 42.30it/s]
Recognizing Text:  25%|██▌       | 200/790 [00:19<00:14, 41.45it/s]
Recognizing Text:  26%|██▌       | 206/790 [00:19<00:14, 40.69it/s]
Recognizing Text:  27%|██▋       | 214/790 [00:19<00:13, 43.42it/s]
Recognizing Text:  28%|██▊       | 222/790 [00:19<00:12, 45.43it/s]
Recognizing Text:  29%|██▉       | 228/790 [00:19<00:12, 43.37it/s]
Recognizing Text:  29%|██▉       | 233/790 [00:20<00:30, 18.50it/s]
Recognizing Text:  30%|███       | 237/790 [00:21<00:59,  9.34it/s]
Recognizing Text:  30%|███       | 240/790 [00:22<01:08,  7.99it/s]
Recognizing Text:  31%|███       | 242/790 [00:22<01:10,  7.73it/s]
Recognizing Text:  31%|███       | 244/790 [00:22<01:05,  8.29it/s]
Recognizing Text:  31%|███       | 246/790 [00:23<01:17,  6.98it/s]
Recognizing Text:  31%|███▏      | 248/790 [00:23<01:09,  7.76it/s]
Recognizing Text:  32%|███▏      | 251/790 [00:23<01:05,  8.27it/s]
Recognizing Text:  32%|███▏      | 253/790 [00:23<00:59,  9.00it/s]
Recognizing Text:  32%|███▏      | 255/790 [00:24<00:55,  9.69it/s]
Recognizing Text:  33%|███▎      | 257/790 [00:24<00:51, 10.41it/s]
Recognizing Text:  33%|███▎      | 259/790 [00:24<00:48, 10.99it/s]
Recognizing Text:  34%|███▎      | 265/790 [00:24<00:29, 17.90it/s]
Recognizing Text:  34%|███▍      | 270/790 [00:24<00:24, 21.62it/s]
Recognizing Text:  35%|███▍      | 273/790 [00:24<00:24, 20.98it/s]
Recognizing Text:  35%|███▍      | 276/790 [00:25<00:25, 20.47it/s]
Recognizing Text:  35%|███▌      | 279/790 [00:25<00:32, 15.56it/s]
Recognizing Text:  36%|███▌      | 281/790 [00:25<00:34, 14.91it/s]
Recognizing Text:  36%|███▌      | 283/790 [00:25<00:34, 14.56it/s]
Recognizing Text:  36%|███▌      | 285/790 [00:27<02:01,  4.14it/s]
Recognizing Text:  36%|███▋      | 287/790 [00:28<02:53,  2.90it/s]
Recognizing Text:  37%|███▋      | 292/790 [00:28<01:36,  5.16it/s]
Recognizing Text:  38%|███▊      | 300/790 [00:28<00:51,  9.48it/s]
Recognizing Text:  38%|███▊      | 303/790 [00:29<00:45, 10.66it/s]
Recognizing Text:  39%|███▊      | 306/790 [00:29<00:40, 11.98it/s]
Recognizing Text:  39%|███▉      | 311/790 [00:29<00:32, 14.63it/s]
Recognizing Text:  40%|███▉      | 315/790 [00:29<00:28, 16.55it/s]
Recognizing Text:  41%|████      | 324/790 [00:29<00:18, 25.27it/s]
Recognizing Text:  42%|████▏     | 331/790 [00:29<00:15, 29.95it/s]
Recognizing Text:  43%|████▎     | 336/790 [00:30<00:26, 16.87it/s]
Recognizing Text:  43%|████▎     | 340/790 [00:30<00:24, 18.32it/s]
Recognizing Text:  44%|████▍     | 348/790 [00:30<00:18, 24.54it/s]
Recognizing Text:  45%|████▍     | 353/790 [00:30<00:16, 26.16it/s]
Recognizing Text:  45%|████▌     | 357/790 [00:31<00:16, 26.05it/s]
Recognizing Text:  46%|████▌     | 361/790 [00:31<00:17, 24.58it/s]
Recognizing Text:  46%|████▌     | 364/790 [00:31<00:18, 23.24it/s]
Recognizing Text:  47%|████▋     | 368/790 [00:31<00:17, 23.93it/s]
Recognizing Text:  47%|████▋     | 373/790 [00:31<00:15, 26.14it/s]
Recognizing Text:  48%|████▊     | 376/790 [00:31<00:17, 23.39it/s]
Recognizing Text:  48%|████▊     | 383/790 [00:32<00:13, 29.35it/s]
Recognizing Text:  50%|████▉     | 392/790 [00:32<00:21, 18.56it/s]
Recognizing Text:  51%|█████     | 403/790 [00:33<00:14, 27.26it/s]
Recognizing Text:  52%|█████▏    | 412/790 [00:33<00:11, 33.21it/s]
Recognizing Text:  53%|█████▎    | 422/790 [00:33<00:09, 39.88it/s]
Recognizing Text:  54%|█████▍    | 429/790 [00:33<00:08, 40.92it/s]
Recognizing Text:  55%|█████▌    | 438/790 [00:33<00:07, 45.23it/s]
Recognizing Text:  57%|█████▋    | 450/790 [00:34<00:12, 28.10it/s]
Recognizing Text:  59%|█████▊    | 463/790 [00:34<00:08, 37.24it/s]
Recognizing Text:  60%|██████    | 475/790 [00:34<00:07, 44.89it/s]
Recognizing Text:  62%|██████▏   | 488/790 [00:34<00:05, 53.06it/s]
Recognizing Text:  64%|██████▍   | 504/790 [00:35<00:07, 37.16it/s]
Recognizing Text:  65%|██████▌   | 517/790 [00:35<00:06, 44.67it/s]
Recognizing Text:  67%|██████▋   | 531/790 [00:35<00:04, 53.21it/s]
Recognizing Text:  69%|██████▉   | 545/790 [00:35<00:04, 61.03it/s]
Recognizing Text:  71%|███████   | 559/790 [00:36<00:04, 48.20it/s]
Recognizing Text:  73%|███████▎  | 577/790 [00:36<00:03, 61.16it/s]
Recognizing Text:  80%|███████▉  | 630/790 [00:36<00:01, 121.27it/s]
Recognizing Text:  82%|████████▏ | 646/790 [00:36<00:01, 117.31it/s]
Recognizing Text:  84%|████████▍ | 663/790 [00:36<00:01, 115.65it/s]
Recognizing Text:  90%|█████████ | 711/790 [00:37<00:00, 167.16it/s]
Recognizing Text:  92%|█████████▏| 730/790 [00:37<00:00, 155.65it/s]
Recognizing Text:  95%|█████████▍| 747/790 [00:37<00:00, 143.58it/s]
Recognizing Text:  97%|█████████▋| 763/790 [00:37<00:00, 133.32it/s]
Recognizing Text:  98%|█████████▊| 777/790 [00:38<00:00, 36.59it/s] 
Recognizing Text: 100%|█████████▉| 787/790 [00:39<00:00, 25.89it/s]
Recognizing Text: 100%|██████████| 790/790 [00:40<00:00, 19.49it/s]
  [docs] 32/50 pages  0.22 p/s

Detecting bboxes:   0%|          | 0/1 [00:00<?, ?it/s]
Detecting bboxes: 100%|██████████| 1/1 [00:02<00:00,  2.47s/it]
Detecting bboxes: 100%|██████████| 1/1 [00:02<00:00,  2.47s/it]

Recognizing Text:   0%|          | 0/237 [00:00<?, ?it/s]
Recognizing Text:   0%|          | 1/237 [00:09<35:32,  9.04s/it]
Recognizing Text:   1%|▏         | 3/237 [00:09<09:32,  2.45s/it]
Recognizing Text:   2%|▏         | 4/237 [00:09<06:24,  1.65s/it]
Recognizing Text:   3%|▎         | 6/237 [00:09<03:19,  1.16it/s]
Recognizing Text:   3%|▎         | 7/237 [00:09<02:35,  1.48it/s]
Recognizing Text:   4%|▍         | 9/237 [00:09<01:35,  2.40it/s]
Recognizing Text:   5%|▍         | 11/237 [00:10<01:04,  3.50it/s]
Recognizing Text:   5%|▌         | 13/237 [00:10<00:52,  4.26it/s]
Recognizing Text:   6%|▋         | 15/237 [00:10<00:45,  4.87it/s]
Recognizing Text:   7%|▋         | 16/237 [00:10<00:42,  5.20it/s]
Recognizing Text:   7%|▋         | 17/237 [00:10<00:40,  5.49it/s]
Recognizing Text:   8%|▊         | 19/237 [00:11<00:30,  7.17it/s]
Recognizing Text:  10%|▉         | 23/237 [00:11<00:18, 11.63it/s]
Recognizing Text:  11%|█         | 25/237 [00:11<00:17, 12.25it/s]
Recognizing Text:  11%|█▏        | 27/237 [00:11<00:16, 12.83it/s]
Recognizing Text:  12%|█▏        | 29/237 [00:11<00:15, 13.15it/s]
Recognizing Text:  13%|█▎        | 31/237 [00:11<00:19, 10.52it/s]
Recognizing Text:  14%|█▍        | 33/237 [00:12<00:17, 11.42it/s]
Recognizing Text:  17%|█▋        | 40/237 [00:12<00:09, 21.05it/s]
Recognizing Text:  19%|█▊        | 44/237 [00:12<00:08, 22.77it/s]
Recognizing Text:  20%|█▉        | 47/237 [00:12<00:10, 17.59it/s]
Recognizing Text:  21%|██        | 50/237 [00:12<00:10, 18.61it/s]
Recognizing Text:  23%|██▎       | 55/237 [00:12<00:07, 22.88it/s]
Recognizing Text:  24%|██▍       | 58/237 [00:13<00:07, 22.46it/s]
Recognizing Text:  26%|██▌       | 61/237 [00:13<00:07, 22.12it/s]
Recognizing Text:  27%|██▋       | 65/237 [00:13<00:07, 23.86it/s]
Recognizing Text:  29%|██▊       | 68/237 [00:13<00:07, 23.11it/s]
Recognizing Text:  30%|██▉       | 71/237 [00:13<00:07, 22.51it/s]
Recognizing Text:  32%|███▏      | 75/237 [00:13<00:06, 24.41it/s]
Recognizing Text:  35%|███▌      | 83/237 [00:13<00:04, 34.07it/s]
Recognizing Text:  38%|███▊      | 91/237 [00:13<00:03, 40.87it/s]
Recognizing Text:  41%|████      | 96/237 [00:14<00:03, 39.32it/s]
Recognizing Text:  45%|████▍     | 106/237 [00:14<00:02, 48.87it/s]
Recognizing Text:  48%|████▊     | 113/237 [00:14<00:02, 49.24it/s]
Recognizing Text:  51%|█████     | 121/237 [00:14<00:02, 51.62it/s]
Recognizing Text:  54%|█████▍    | 128/237 [00:14<00:02, 51.21it/s]
Recognizing Text:  57%|█████▋    | 134/237 [00:14<00:02, 48.81it/s]
Recognizing Text:  59%|█████▊    | 139/237 [00:14<00:02, 44.99it/s]
Recognizing Text:  61%|██████    | 144/237 [00:15<00:02, 42.28it/s]
Recognizing Text:  63%|██████▎   | 149/237 [00:15<00:02, 40.49it/s]
Recognizing Text:  65%|██████▍   | 154/237 [00:15<00:03, 24.66it/s]
Recognizing Text:  67%|██████▋   | 158/237 [00:15<00:03, 21.05it/s]
Recognizing Text:  68%|██████▊   | 161/237 [00:16<00:03, 21.25it/s]
Recognizing Text:  69%|██████▉   | 164/237 [00:16<00:03, 21.37it/s]
Recognizing Text:  70%|███████   | 167/237 [00:16<00:03, 21.44it/s]
Recognizing Text:  72%|███████▏  | 170/237 [00:16<00:03, 21.56it/s]
Recognizing Text:  73%|███████▎  | 173/237 [00:16<00:02, 21.68it/s]
Recognizing Text:  75%|███████▍  | 177/237 [00:16<00:02, 23.76it/s]
Recognizing Text:  77%|███████▋  | 182/237 [00:16<00:02, 27.37it/s]
Recognizing Text:  78%|███████▊  | 186/237 [00:17<00:02, 24.10it/s]
Recognizing Text:  80%|███████▉  | 189/237 [00:17<00:02, 18.61it/s]
Recognizing Text:  81%|████████  | 192/237 [00:17<00:02, 19.38it/s]
Recognizing Text:  82%|████████▏ | 195/237 [00:17<00:02, 20.03it/s]
Recognizing Text:  84%|████████▍ | 199/237 [00:17<00:01, 22.47it/s]
Recognizing Text:  85%|████████▌ | 202/237 [00:17<00:01, 22.29it/s]
Recognizing Text:  86%|████████▋ | 205/237 [00:18<00:01, 22.20it/s]
Recognizing Text:  88%|████████▊ | 208/237 [00:18<00:01, 22.10it/s]
Recognizing Text:  90%|████████▉ | 213/237 [00:18<00:00, 26.33it/s]
Recognizing Text:  92%|█████████▏| 218/237 [00:18<00:00, 29.42it/s]
Recognizing Text:  94%|█████████▎| 222/237 [00:18<00:00, 29.48it/s]
Recognizing Text:  95%|█████████▍| 225/237 [00:18<00:00, 27.31it/s]
Recognizing Text:  96%|█████████▌| 228/237 [00:18<00:00, 25.82it/s]
Recognizing Text:  97%|█████████▋| 231/237 [00:19<00:00, 24.70it/s]
Recognizing Text:  99%|█████████▊| 234/237 [00:19<00:00, 23.86it/s]
Recognizing Text: 100%|██████████| 237/237 [00:20<00:00,  5.88it/s]
Recognizing Text: 100%|██████████| 237/237 [00:20<00:00, 11.49it/s]
  [docs] 40/50 pages  0.23 p/s

Detecting bboxes:   0%|          | 0/1 [00:00<?, ?it/s]
Detecting bboxes: 100%|██████████| 1/1 [00:02<00:00,  2.63s/it]
Detecting bboxes: 100%|██████████| 1/1 [00:02<00:00,  2.63s/it]

Recognizing Text:   0%|          | 0/934 [00:00<?, ?it/s]
Recognizing Text:   0%|          | 1/934 [00:05<1:18:18,  5.04s/it]
Recognizing Text:   0%|          | 2/934 [00:05<34:27,  2.22s/it]  
Recognizing Text:   0%|          | 3/934 [00:05<22:11,  1.43s/it]
Recognizing Text:   0%|          | 4/934 [00:07<20:59,  1.35s/it]
Recognizing Text:   1%|          | 7/934 [00:07<08:18,  1.86it/s]
Recognizing Text:   1%|          | 10/934 [00:07<04:45,  3.24it/s]
Recognizing Text:   1%|▏         | 13/934 [00:07<03:09,  4.86it/s]
Recognizing Text:   2%|▏         | 15/934 [00:07<02:37,  5.83it/s]
Recognizing Text:   3%|▎         | 24/934 [00:07<01:06, 13.65it/s]
Recognizing Text:   4%|▍         | 40/934 [00:07<00:30, 29.20it/s]
Recognizing Text:   6%|▌         | 57/934 [00:08<00:36, 24.12it/s]
Recognizing Text:   9%|▉         | 88/934 [00:08<00:18, 46.78it/s]
Recognizing Text:  12%|█▏        | 110/934 [00:09<00:21, 38.45it/s]
Recognizing Text:  14%|█▍        | 132/934 [00:09<00:15, 50.52it/s]
Recognizing Text:  16%|█▋        | 152/934 [00:10<00:12, 61.71it/s]
Recognizing Text:  18%|█▊        | 165/934 [00:10<00:17, 42.78it/s]
Recognizing Text:  20%|█▉        | 184/934 [00:10<00:14, 53.46it/s]
Recognizing Text:  21%|██        | 197/934 [00:11<00:12, 57.68it/s]
Recognizing Text:  22%|██▏       | 210/934 [00:11<00:11, 61.91it/s]
Recognizing Text:  23%|██▎       | 219/934 [00:11<00:21, 34.03it/s]
Recognizing Text:  24%|██▍       | 226/934 [00:12<00:21, 32.84it/s]
Recognizing Text:  26%|██▌       | 240/934 [00:12<00:16, 41.58it/s]
Recognizing Text:  27%|██▋       | 254/934 [00:12<00:13, 49.91it/s]
Recognizing Text:  29%|██▊       | 267/934 [00:12<00:11, 56.55it/s]
Recognizing Text:  31%|███       | 287/934 [00:13<00:16, 39.76it/s]
Recognizing Text:  34%|███▎      | 313/934 [00:13<00:10, 58.59it/s]
Recognizing Text:  36%|███▌      | 332/934 [00:13<00:08, 69.23it/s]
Recognizing Text:  37%|███▋      | 342/934 [00:14<00:13, 44.87it/s]
Recognizing Text:  39%|███▉      | 362/934 [00:14<00:09, 57.72it/s]
Recognizing Text:  41%|████      | 383/934 [00:14<00:07, 71.28it/s]
Recognizing Text:  42%|████▏     | 396/934 [00:15<00:10, 49.75it/s]
Recognizing Text:  46%|████▌     | 430/934 [00:15<00:06, 77.68it/s]
Recognizing Text:  49%|████▉     | 459/934 [00:16<00:08, 57.67it/s]
Recognizing Text:  52%|█████▏    | 489/934 [00:16<00:05, 75.73it/s]
Recognizing Text:  56%|█████▌    | 522/934 [00:16<00:06, 64.78it/s]
Recognizing Text:  62%|██████▏   | 575/934 [00:17<00:04, 72.04it/s]
Recognizing Text:  69%|██████▊   | 641/934 [00:18<00:03, 77.33it/s]
Recognizing Text:  74%|███████▍  | 694/934 [00:18<00:02, 85.19it/s]
Recognizing Text:  84%|████████▍ | 789/934 [00:18<00:01, 141.05it/s]
Recognizing Text:  91%|█████████ | 848/934 [00:19<00:00, 172.47it/s]
Recognizing Text:  95%|█████████▍| 885/934 [00:19<00:00, 182.99it/s]
Recognizing Text:  98%|█████████▊| 912/934 [00:19<00:00, 115.42it/s]
Recognizing Text: 100%|█████████▉| 933/934 [00:21<00:00, 57.36it/s] 
Recognizing Text: 100%|██████████| 934/934 [00:22<00:00, 41.17it/s]
  [docs] 48/50 pages  0.24 p/s

Detecting bboxes:   0%|          | 0/1 [00:00<?, ?it/s]
Detecting bboxes: 100%|██████████| 1/1 [00:00<00:00,  1.26it/s]
Detecting bboxes: 100%|██████████| 1/1 [00:00<00:00,  1.26it/s]

Recognizing Text:   0%|          | 0/229 [00:00<?, ?it/s]
Recognizing Text:   0%|          | 1/229 [00:02<09:12,  2.42s/it]
Recognizing Text:   9%|▊         | 20/229 [00:02<00:19, 10.75it/s]
Recognizing Text:  50%|█████     | 115/229 [00:02<00:01, 76.52it/s]
Recognizing Text:  66%|██████▌   | 151/229 [00:03<00:01, 54.75it/s]
Recognizing Text:  76%|███████▋  | 175/229 [00:04<00:01, 43.78it/s]
Recognizing Text:  83%|████████▎ | 191/229 [00:05<00:01, 35.48it/s]
Recognizing Text:  88%|████████▊ | 202/229 [00:06<00:00, 32.28it/s]
Recognizing Text:  92%|█████████▏| 211/229 [00:06<00:00, 33.90it/s]
Recognizing Text:  96%|█████████▌| 219/229 [00:06<00:00, 33.30it/s]
Recognizing Text:  98%|█████████▊| 225/229 [00:07<00:00, 19.30it/s]
Recognizing Text: 100%|██████████| 229/229 [00:16<00:00, 13.71it/s]
  [docs] 50/50 pages  0.23 p/s
[surya] track handwriting

Detecting bboxes:   0%|          | 0/1 [00:00<?, ?it/s]
Detecting bboxes: 100%|██████████| 1/1 [00:00<00:00,  1.04it/s]
Detecting bboxes: 100%|██████████| 1/1 [00:00<00:00,  1.04it/s]

Recognizing Text:   0%|          | 0/1 [00:00<?, ?it/s]
Recognizing Text: 100%|██████████| 1/1 [00:01<00:00,  1.02s/it]
Recognizing Text: 100%|██████████| 1/1 [00:01<00:00,  1.02s/it]
  [handwriting] latency page 1/8: 2.0s

Detecting bboxes:   0%|          | 0/1 [00:00<?, ?it/s]
Detecting bboxes: 100%|██████████| 1/1 [00:00<00:00,  3.97it/s]
Detecting bboxes: 100%|██████████| 1/1 [00:00<00:00,  3.97it/s]

Recognizing Text:   0%|          | 0/1 [00:00<?, ?it/s]
Recognizing Text: 100%|██████████| 1/1 [00:01<00:00,  1.28s/it]
Recognizing Text: 100%|██████████| 1/1 [00:01<00:00,  1.28s/it]
  [handwriting] latency page 2/8: 1.6s

Detecting bboxes:   0%|          | 0/1 [00:00<?, ?it/s]
Detecting bboxes: 100%|██████████| 1/1 [00:00<00:00,  3.34it/s]
Detecting bboxes: 100%|██████████| 1/1 [00:00<00:00,  3.34it/s]

Recognizing Text:   0%|          | 0/1 [00:00<?, ?it/s]
Recognizing Text: 100%|██████████| 1/1 [00:01<00:00,  1.04s/it]
Recognizing Text: 100%|██████████| 1/1 [00:01<00:00,  1.04s/it]
  [handwriting] latency page 3/8: 1.4s

Detecting bboxes:   0%|          | 0/1 [00:00<?, ?it/s]
Detecting bboxes: 100%|██████████| 1/1 [00:00<00:00,  3.85it/s]
Detecting bboxes: 100%|██████████| 1/1 [00:00<00:00,  3.84it/s]

Recognizing Text:   0%|          | 0/1 [00:00<?, ?it/s]
Recognizing Text: 100%|██████████| 1/1 [00:01<00:00,  1.67s/it]
Recognizing Text: 100%|██████████| 1/1 [00:01<00:00,  1.67s/it]
  [handwriting] latency page 4/8: 2.0s

Detecting bboxes:   0%|          | 0/1 [00:00<?, ?it/s]
Detecting bboxes: 100%|██████████| 1/1 [00:00<00:00,  3.58it/s]
Detecting bboxes: 100%|██████████| 1/1 [00:00<00:00,  3.57it/s]

Recognizing Text:   0%|          | 0/1 [00:00<?, ?it/s]
Recognizing Text: 100%|██████████| 1/1 [00:00<00:00,  1.06it/s]
Recognizing Text: 100%|██████████| 1/1 [00:00<00:00,  1.06it/s]
  [handwriting] latency page 5/8: 1.2s

Detecting bboxes:   0%|          | 0/1 [00:00<?, ?it/s]
Detecting bboxes: 100%|██████████| 1/1 [00:00<00:00,  3.46it/s]
Detecting bboxes: 100%|██████████| 1/1 [00:00<00:00,  3.46it/s]

Recognizing Text:   0%|          | 0/1 [00:00<?, ?it/s]
Recognizing Text: 100%|██████████| 1/1 [00:01<00:00,  1.03s/it]
Recognizing Text: 100%|██████████| 1/1 [00:01<00:00,  1.03s/it]
  [handwriting] latency page 6/8: 1.3s

Detecting bboxes:   0%|          | 0/1 [00:00<?, ?it/s]
Detecting bboxes: 100%|██████████| 1/1 [00:00<00:00,  3.47it/s]
Detecting bboxes: 100%|██████████| 1/1 [00:00<00:00,  3.47it/s]

Recognizing Text:   0%|          | 0/1 [00:00<?, ?it/s]
Recognizing Text: 100%|██████████| 1/1 [00:01<00:00,  1.17s/it]
Recognizing Text: 100%|██████████| 1/1 [00:01<00:00,  1.17s/it]
  [handwriting] latency page 7/8: 1.5s

Detecting bboxes:   0%|          | 0/1 [00:00<?, ?it/s]
Detecting bboxes: 100%|██████████| 1/1 [00:00<00:00,  3.74it/s]
Detecting bboxes: 100%|██████████| 1/1 [00:00<00:00,  3.73it/s]

Recognizing Text:   0%|          | 0/1 [00:00<?, ?it/s]
Recognizing Text: 100%|██████████| 1/1 [00:00<00:00,  1.09it/s]
Recognizing Text: 100%|██████████| 1/1 [00:00<00:00,  1.09it/s]
  [handwriting] latency page 8/8: 1.2s
  [handwriting] batch of 60 pages...

Detecting bboxes:   0%|          | 0/1 [00:00<?, ?it/s]
Detecting bboxes: 100%|██████████| 1/1 [00:00<00:00,  1.08it/s]
Detecting bboxes: 100%|██████████| 1/1 [00:00<00:00,  1.08it/s]

Recognizing Text:   0%|          | 0/8 [00:00<?, ?it/s]
Recognizing Text:  12%|█▎        | 1/8 [00:01<00:10,  1.45s/it]
Recognizing Text:  75%|███████▌  | 6/8 [00:01<00:00,  4.59it/s]
Recognizing Text: 100%|██████████| 8/8 [00:02<00:00,  4.30it/s]
Recognizing Text: 100%|██████████| 8/8 [00:02<00:00,  3.64it/s]
  [handwriting] 8/60 pages  2.27 p/s

Detecting bboxes:   0%|          | 0/1 [00:00<?, ?it/s]
Detecting bboxes: 100%|██████████| 1/1 [00:00<00:00,  1.08it/s]
Detecting bboxes: 100%|██████████| 1/1 [00:00<00:00,  1.08it/s]

Recognizing Text:   0%|          | 0/8 [00:00<?, ?it/s]
Recognizing Text:  12%|█▎        | 1/8 [00:01<00:10,  1.44s/it]
Recognizing Text:  38%|███▊      | 3/8 [00:01<00:02,  2.32it/s]
Recognizing Text:  62%|██████▎   | 5/8 [00:01<00:00,  4.00it/s]
Recognizing Text:  88%|████████▊ | 7/8 [00:01<00:00,  5.64it/s]
Recognizing Text: 100%|██████████| 8/8 [00:01<00:00,  4.04it/s]
  [handwriting] 16/60 pages  2.35 p/s

Detecting bboxes:   0%|          | 0/1 [00:00<?, ?it/s]
Detecting bboxes: 100%|██████████| 1/1 [00:00<00:00,  1.10it/s]
Detecting bboxes: 100%|██████████| 1/1 [00:00<00:00,  1.10it/s]

Recognizing Text:   0%|          | 0/8 [00:00<?, ?it/s]
Recognizing Text:  12%|█▎        | 1/8 [00:00<00:06,  1.03it/s]
Recognizing Text:  25%|██▌       | 2/8 [00:01<00:03,  1.59it/s]
Recognizing Text:  50%|█████     | 4/8 [00:01<00:01,  3.53it/s]
Recognizing Text:  75%|███████▌  | 6/8 [00:01<00:00,  5.36it/s]
Recognizing Text: 100%|██████████| 8/8 [00:01<00:00,  7.02it/s]
Recognizing Text: 100%|██████████| 8/8 [00:01<00:00,  4.38it/s]
  [handwriting] 24/60 pages  2.42 p/s

Detecting bboxes:   0%|          | 0/1 [00:00<?, ?it/s]
Detecting bboxes: 100%|██████████| 1/1 [00:00<00:00,  1.09it/s]
Detecting bboxes: 100%|██████████| 1/1 [00:00<00:00,  1.09it/s]

Recognizing Text:   0%|          | 0/8 [00:00<?, ?it/s]
Recognizing Text:  12%|█▎        | 1/8 [00:01<00:09,  1.36s/it]
Recognizing Text:  38%|███▊      | 3/8 [00:01<00:02,  2.38it/s]
Recognizing Text:  62%|██████▎   | 5/8 [00:01<00:00,  4.01it/s]
Recognizing Text: 100%|██████████| 8/8 [00:01<00:00,  7.05it/s]
Recognizing Text: 100%|██████████| 8/8 [00:01<00:00,  4.32it/s]
  [handwriting] 32/60 pages  2.45 p/s

Detecting bboxes:   0%|          | 0/1 [00:00<?, ?it/s]
Detecting bboxes: 100%|██████████| 1/1 [00:00<00:00,  1.10it/s]
Detecting bboxes: 100%|██████████| 1/1 [00:00<00:00,  1.10it/s]

Recognizing Text:   0%|          | 0/8 [00:00<?, ?it/s]
Recognizing Text:  12%|█▎        | 1/8 [00:00<00:04,  1.53it/s]
Recognizing Text:  25%|██▌       | 2/8 [00:01<00:04,  1.47it/s]
Recognizing Text:  62%|██████▎   | 5/8 [00:01<00:00,  4.13it/s]
Recognizing Text:  88%|████████▊ | 7/8 [00:01<00:00,  5.79it/s]
Recognizing Text: 100%|██████████| 8/8 [00:01<00:00,  4.59it/s]
  [handwriting] 40/60 pages  2.49 p/s

Detecting bboxes:   0%|          | 0/1 [00:00<?, ?it/s]
Detecting bboxes: 100%|██████████| 1/1 [00:00<00:00,  1.11it/s]
Detecting bboxes: 100%|██████████| 1/1 [00:00<00:00,  1.10it/s]

Recognizing Text:   0%|          | 0/8 [00:00<?, ?it/s]
Recognizing Text:  12%|█▎        | 1/8 [00:00<00:06,  1.06it/s]
Recognizing Text:  25%|██▌       | 2/8 [00:01<00:03,  1.59it/s]
Recognizing Text:  75%|███████▌  | 6/8 [00:01<00:00,  6.01it/s]
Recognizing Text: 100%|██████████| 8/8 [00:01<00:00,  5.21it/s]
  [handwriting] 48/60 pages  2.54 p/s

Detecting bboxes:   0%|          | 0/1 [00:00<?, ?it/s]
Detecting bboxes: 100%|██████████| 1/1 [00:00<00:00,  1.10it/s]
Detecting bboxes: 100%|██████████| 1/1 [00:00<00:00,  1.10it/s]

Recognizing Text:   0%|          | 0/8 [00:00<?, ?it/s]
Recognizing Text:  12%|█▎        | 1/8 [00:01<00:09,  1.34s/it]
Recognizing Text:  50%|█████     | 4/8 [00:01<00:01,  3.12it/s]
Recognizing Text:  88%|████████▊ | 7/8 [00:01<00:00,  5.57it/s]
Recognizing Text: 100%|██████████| 8/8 [00:01<00:00,  4.54it/s]
  [handwriting] 56/60 pages  2.56 p/s

Detecting bboxes:   0%|          | 0/1 [00:00<?, ?it/s]
Detecting bboxes: 100%|██████████| 1/1 [00:00<00:00,  2.42it/s]
Detecting bboxes: 100%|██████████| 1/1 [00:00<00:00,  2.42it/s]

Recognizing Text:   0%|          | 0/4 [00:00<?, ?it/s]
Recognizing Text:  25%|██▌       | 1/4 [00:00<00:02,  1.20it/s]
Recognizing Text:  50%|█████     | 2/4 [00:01<00:00,  2.10it/s]
Recognizing Text: 100%|██████████| 4/4 [00:01<00:00,  3.55it/s]
  [handwriting] 60/60 pages  2.53 p/s
[surya] track stress

Detecting bboxes:   0%|          | 0/1 [00:00<?, ?it/s]
Detecting bboxes: 100%|██████████| 1/1 [00:00<00:00,  1.69it/s]
Detecting bboxes: 100%|██████████| 1/1 [00:00<00:00,  1.69it/s]

Recognizing Text:   0%|          | 0/24 [00:00<?, ?it/s]
Recognizing Text:   4%|▍         | 1/24 [00:01<00:23,  1.03s/it]
Recognizing Text:   8%|▊         | 2/24 [00:01<00:15,  1.38it/s]
Recognizing Text:  12%|█▎        | 3/24 [00:01<00:10,  2.07it/s]
Recognizing Text:  17%|█▋        | 4/24 [00:02<00:10,  1.82it/s]
Recognizing Text:  25%|██▌       | 6/24 [00:02<00:05,  3.47it/s]
Recognizing Text:  29%|██▉       | 7/24 [00:02<00:04,  3.59it/s]
Recognizing Text:  42%|████▏     | 10/24 [00:02<00:02,  6.40it/s]
Recognizing Text:  71%|███████   | 17/24 [00:03<00:00, 15.09it/s]
Recognizing Text: 100%|██████████| 24/24 [00:03<00:00, 23.77it/s]
Recognizing Text: 100%|██████████| 24/24 [00:03<00:00,  7.65it/s]
  [stress] latency page 1/8: 3.9s

Detecting bboxes:   0%|          | 0/1 [00:00<?, ?it/s]
Detecting bboxes: 100%|██████████| 1/1 [00:00<00:00,  2.95it/s]
Detecting bboxes: 100%|██████████| 1/1 [00:00<00:00,  2.95it/s]

Recognizing Text:   0%|          | 0/24 [00:00<?, ?it/s]
Recognizing Text:   4%|▍         | 1/24 [00:00<00:15,  1.45it/s]
Recognizing Text:   8%|▊         | 2/24 [00:01<00:12,  1.71it/s]
Recognizing Text:  12%|█▎        | 3/24 [00:01<00:08,  2.46it/s]
Recognizing Text:  17%|█▋        | 4/24 [00:02<00:10,  1.97it/s]
Recognizing Text:  25%|██▌       | 6/24 [00:02<00:04,  3.72it/s]
Recognizing Text:  29%|██▉       | 7/24 [00:02<00:04,  3.78it/s]
Recognizing Text:  42%|████▏     | 10/24 [00:02<00:02,  6.66it/s]
Recognizing Text:  71%|███████   | 17/24 [00:02<00:00, 15.62it/s]
Recognizing Text: 100%|██████████| 24/24 [00:02<00:00, 24.41it/s]
Recognizing Text: 100%|██████████| 24/24 [00:02<00:00,  8.54it/s]
  [stress] latency page 2/8: 3.2s

Detecting bboxes:   0%|          | 0/1 [00:00<?, ?it/s]
Detecting bboxes: 100%|██████████| 1/1 [00:00<00:00,  6.53it/s]
Detecting bboxes: 100%|██████████| 1/1 [00:00<00:00,  6.52it/s]

Recognizing Text:   0%|          | 0/24 [00:00<?, ?it/s]
Recognizing Text:   4%|▍         | 1/24 [00:00<00:15,  1.50it/s]
Recognizing Text:   8%|▊         | 2/24 [00:01<00:12,  1.75it/s]
Recognizing Text:  12%|█▎        | 3/24 [00:01<00:08,  2.53it/s]
Recognizing Text:  17%|█▋        | 4/24 [00:02<00:09,  2.00it/s]
Recognizing Text:  25%|██▌       | 6/24 [00:02<00:04,  3.77it/s]
Recognizing Text:  29%|██▉       | 7/24 [00:02<00:04,  3.82it/s]
Recognizing Text:  42%|████▏     | 10/24 [00:02<00:02,  6.72it/s]
Recognizing Text:  71%|███████   | 17/24 [00:02<00:00, 15.71it/s]
Recognizing Text: 100%|██████████| 24/24 [00:02<00:00, 24.48it/s]
Recognizing Text: 100%|██████████| 24/24 [00:02<00:00,  8.66it/s]
  [stress] latency page 3/8: 3.0s

Detecting bboxes:   0%|          | 0/1 [00:00<?, ?it/s]
Detecting bboxes: 100%|██████████| 1/1 [00:00<00:00,  1.69it/s]
Detecting bboxes: 100%|██████████| 1/1 [00:00<00:00,  1.69it/s]

Recognizing Text:   0%|          | 0/24 [00:00<?, ?it/s]
Recognizing Text:   4%|▍         | 1/24 [00:01<00:23,  1.01s/it]
Recognizing Text:   8%|▊         | 2/24 [00:01<00:15,  1.39it/s]
Recognizing Text:  12%|█▎        | 3/24 [00:01<00:09,  2.11it/s]
Recognizing Text:  17%|█▋        | 4/24 [00:02<00:10,  1.82it/s]
Recognizing Text:  25%|██▌       | 6/24 [00:02<00:05,  3.46it/s]
Recognizing Text:  29%|██▉       | 7/24 [00:02<00:04,  3.59it/s]
Recognizing Text:  42%|████▏     | 10/24 [00:02<00:02,  6.38it/s]
Recognizing Text:  71%|███████   | 17/24 [00:03<00:00, 15.08it/s]
Recognizing Text: 100%|██████████| 24/24 [00:03<00:00, 23.71it/s]
Recognizing Text: 100%|██████████| 24/24 [00:03<00:00,  7.69it/s]
  [stress] latency page 4/8: 3.9s

Detecting bboxes:   0%|          | 0/1 [00:00<?, ?it/s]
Detecting bboxes: 100%|██████████| 1/1 [00:00<00:00,  1.68it/s]
Detecting bboxes: 100%|██████████| 1/1 [00:00<00:00,  1.68it/s]

Recognizing Text:   0%|          | 0/24 [00:00<?, ?it/s]
Recognizing Text:   4%|▍         | 1/24 [00:01<00:23,  1.01s/it]
Recognizing Text:   8%|▊         | 2/24 [00:01<00:15,  1.40it/s]
Recognizing Text:  12%|█▎        | 3/24 [00:01<00:09,  2.12it/s]
Recognizing Text:  17%|█▋        | 4/24 [00:02<00:10,  1.84it/s]
Recognizing Text:  25%|██▌       | 6/24 [00:02<00:05,  3.49it/s]
Recognizing Text:  29%|██▉       | 7/24 [00:02<00:04,  3.60it/s]
Recognizing Text:  42%|████▏     | 10/24 [00:02<00:02,  6.41it/s]
Recognizing Text:  71%|███████   | 17/24 [00:03<00:00, 15.11it/s]
Recognizing Text: 100%|██████████| 24/24 [00:03<00:00, 23.74it/s]
Recognizing Text: 100%|██████████| 24/24 [00:03<00:00,  7.71it/s]
  [stress] latency page 5/8: 3.9s

Detecting bboxes:   0%|          | 0/1 [00:00<?, ?it/s]
Detecting bboxes: 100%|██████████| 1/1 [00:00<00:00,  1.60it/s]
Detecting bboxes: 100%|██████████| 1/1 [00:00<00:00,  1.60it/s]

Recognizing Text:   0%|          | 0/24 [00:00<?, ?it/s]
Recognizing Text:   4%|▍         | 1/24 [00:02<01:01,  2.66s/it]
Recognizing Text:   8%|▊         | 2/24 [00:03<00:31,  1.43s/it]
Recognizing Text:  12%|█▎        | 3/24 [00:03<00:18,  1.15it/s]
Recognizing Text:  17%|█▋        | 4/24 [00:04<00:16,  1.23it/s]
Recognizing Text:  21%|██        | 5/24 [00:04<00:10,  1.79it/s]
Recognizing Text:  29%|██▉       | 7/24 [00:04<00:05,  2.83it/s]
Recognizing Text:  38%|███▊      | 9/24 [00:04<00:03,  4.42it/s]
Recognizing Text:  46%|████▌     | 11/24 [00:04<00:02,  6.05it/s]
Recognizing Text:  83%|████████▎ | 20/24 [00:04<00:00, 17.74it/s]
Recognizing Text: 100%|██████████| 24/24 [00:05<00:00,  4.79it/s]
  [stress] latency page 6/8: 5.9s

Detecting bboxes:   0%|          | 0/1 [00:00<?, ?it/s]
Detecting bboxes: 100%|██████████| 1/1 [00:00<00:00,  1.20it/s]
Detecting bboxes: 100%|██████████| 1/1 [00:00<00:00,  1.20it/s]

Recognizing Text:   0%|          | 0/23 [00:00<?, ?it/s]
Recognizing Text:   4%|▍         | 1/23 [00:03<01:24,  3.83s/it]
Recognizing Text:   9%|▊         | 2/23 [00:04<00:40,  1.94s/it]
Recognizing Text:  13%|█▎        | 3/23 [00:05<00:30,  1.51s/it]
Recognizing Text:  17%|█▋        | 4/23 [00:05<00:18,  1.04it/s]
Recognizing Text:  26%|██▌       | 6/23 [00:05<00:09,  1.85it/s]
Recognizing Text:  35%|███▍      | 8/23 [00:06<00:04,  3.02it/s]
Recognizing Text:  43%|████▎     | 10/23 [00:06<00:03,  4.33it/s]
Recognizing Text:  83%|████████▎ | 19/23 [00:06<00:00, 13.24it/s]
Recognizing Text: 100%|██████████| 23/23 [00:06<00:00, 16.54it/s]
Recognizing Text: 100%|██████████| 23/23 [00:06<00:00,  3.62it/s]
  [stress] latency page 7/8: 7.6s

Detecting bboxes:   0%|          | 0/1 [00:00<?, ?it/s]
Detecting bboxes: 100%|██████████| 1/1 [00:00<00:00,  2.92it/s]
Detecting bboxes: 100%|██████████| 1/1 [00:00<00:00,  2.92it/s]

Recognizing Text:   0%|          | 0/24 [00:00<?, ?it/s]
Recognizing Text:   4%|▍         | 1/24 [00:00<00:15,  1.50it/s]
Recognizing Text:   8%|▊         | 2/24 [00:01<00:12,  1.75it/s]
Recognizing Text:  12%|█▎        | 3/24 [00:01<00:08,  2.53it/s]
Recognizing Text:  17%|█▋        | 4/24 [00:02<00:09,  2.02it/s]
Recognizing Text:  25%|██▌       | 6/24 [00:02<00:04,  3.81it/s]
Recognizing Text:  29%|██▉       | 7/24 [00:02<00:04,  3.85it/s]
Recognizing Text:  42%|████▏     | 10/24 [00:02<00:02,  6.77it/s]
Recognizing Text:  71%|███████   | 17/24 [00:02<00:00, 15.86it/s]
Recognizing Text: 100%|██████████| 24/24 [00:02<00:00, 24.72it/s]
Recognizing Text: 100%|██████████| 24/24 [00:02<00:00,  8.72it/s]
  [stress] latency page 8/8: 3.5s
  [stress] batch of 55 pages...

Detecting bboxes:   0%|          | 0/1 [00:00<?, ?it/s]
Detecting bboxes: 100%|██████████| 1/1 [00:03<00:00,  3.77s/it]
Detecting bboxes: 100%|██████████| 1/1 [00:03<00:00,  3.77s/it]

Recognizing Text:   0%|          | 0/191 [00:00<?, ?it/s]
Recognizing Text:   1%|          | 1/191 [00:13<42:11, 13.32s/it]
Recognizing Text:   5%|▍         | 9/191 [00:16<04:16,  1.41s/it]
Recognizing Text:   9%|▉         | 17/191 [00:17<01:59,  1.46it/s]
Recognizing Text:  13%|█▎        | 24/191 [00:21<01:44,  1.60it/s]
Recognizing Text:  17%|█▋        | 32/191 [00:21<01:03,  2.51it/s]
Recognizing Text:  21%|██        | 40/191 [00:21<00:39,  3.86it/s]
Recognizing Text:  25%|██▌       | 48/191 [00:23<00:33,  4.30it/s]
Recognizing Text:  29%|██▉       | 56/191 [00:23<00:23,  5.81it/s]
Recognizing Text:  34%|███▎      | 64/191 [00:23<00:15,  8.17it/s]
Recognizing Text:  38%|███▊      | 72/191 [00:24<00:11, 10.06it/s]
Recognizing Text:  42%|████▏     | 80/191 [00:24<00:08, 12.69it/s]
Recognizing Text:  46%|████▌     | 88/191 [00:24<00:06, 16.77it/s]
Recognizing Text:  50%|█████     | 96/191 [00:24<00:04, 21.52it/s]
Recognizing Text:  67%|██████▋   | 128/191 [00:24<00:01, 51.18it/s]
Recognizing Text:  80%|███████▉  | 152/191 [00:24<00:00, 72.42it/s]
Recognizing Text:  88%|████████▊ | 168/191 [00:25<00:00, 69.42it/s]
Recognizing Text:  94%|█████████▎| 179/191 [00:25<00:00, 72.40it/s]
Recognizing Text:  99%|█████████▉| 190/191 [00:25<00:00, 75.25it/s]
Recognizing Text: 100%|██████████| 191/191 [00:25<00:00,  7.51it/s]
  [stress] 8/55 pages  0.26 p/s

Detecting bboxes:   0%|          | 0/1 [00:00<?, ?it/s]
Detecting bboxes: 100%|██████████| 1/1 [00:03<00:00,  3.35s/it]
Detecting bboxes: 100%|██████████| 1/1 [00:03<00:00,  3.35s/it]

Recognizing Text:   0%|          | 0/282 [00:00<?, ?it/s]
Recognizing Text:   0%|          | 1/282 [00:05<25:12,  5.38s/it]
Recognizing Text:   1%|▏         | 4/282 [00:05<05:10,  1.12s/it]
Recognizing Text:   2%|▏         | 5/282 [00:05<03:57,  1.17it/s]
Recognizing Text:   4%|▍         | 11/282 [00:06<01:37,  2.78it/s]
Recognizing Text:   5%|▌         | 15/282 [00:07<01:22,  3.26it/s]
Recognizing Text:   7%|▋         | 19/282 [00:07<00:55,  4.72it/s]
Recognizing Text:   9%|▉         | 26/282 [00:08<00:37,  6.75it/s]
Recognizing Text:  14%|█▍        | 39/282 [00:08<00:18, 12.99it/s]
Recognizing Text:  22%|██▏       | 62/282 [00:09<00:09, 24.11it/s]
Recognizing Text:  28%|██▊       | 78/282 [00:09<00:06, 32.93it/s]
Recognizing Text:  37%|███▋      | 104/282 [00:09<00:03, 51.06it/s]
Recognizing Text:  50%|█████     | 142/282 [00:09<00:01, 80.91it/s]
Recognizing Text:  64%|██████▍   | 180/282 [00:09<00:00, 108.92it/s]
Recognizing Text:  69%|██████▉   | 195/282 [00:10<00:00, 93.08it/s] 
Recognizing Text:  74%|███████▍  | 208/282 [00:12<00:03, 22.18it/s]
Recognizing Text:  77%|███████▋  | 217/282 [00:13<00:03, 19.98it/s]
Recognizing Text:  80%|███████▉  | 225/282 [00:13<00:02, 22.05it/s]
Recognizing Text:  82%|████████▏ | 232/282 [00:13<00:02, 23.95it/s]
Recognizing Text:  85%|████████▍ | 239/282 [00:13<00:01, 26.13it/s]
Recognizing Text:  91%|█████████ | 256/282 [00:13<00:00, 37.34it/s]
Recognizing Text:  97%|█████████▋| 273/282 [00:14<00:00, 48.52it/s]
Recognizing Text: 100%|█████████▉| 281/282 [00:14<00:00, 43.88it/s]
Recognizing Text: 100%|██████████| 282/282 [00:14<00:00, 19.56it/s]
  [stress] 16/55 pages  0.32 p/s

Detecting bboxes:   0%|          | 0/1 [00:00<?, ?it/s]
Detecting bboxes: 100%|██████████| 1/1 [00:03<00:00,  3.77s/it]
Detecting bboxes: 100%|██████████| 1/1 [00:03<00:00,  3.77s/it]

Recognizing Text:   0%|          | 0/328 [00:00<?, ?it/s]
Recognizing Text:   0%|          | 1/328 [00:07<41:32,  7.62s/it]
Recognizing Text:   2%|▏         | 6/328 [00:07<05:07,  1.05it/s]
Recognizing Text:   3%|▎         | 9/328 [00:07<02:59,  1.78it/s]
Recognizing Text:   4%|▎         | 12/328 [00:08<02:17,  2.30it/s]
Recognizing Text:   5%|▍         | 15/328 [00:09<01:45,  2.97it/s]
Recognizing Text:   5%|▌         | 17/328 [00:09<01:31,  3.39it/s]
Recognizing Text:   6%|▌         | 19/328 [00:09<01:16,  4.04it/s]
Recognizing Text:   6%|▋         | 21/328 [00:09<00:59,  5.13it/s]
Recognizing Text:   8%|▊         | 25/328 [00:10<00:44,  6.79it/s]
Recognizing Text:   8%|▊         | 27/328 [00:10<01:02,  4.83it/s]
Recognizing Text:   9%|▉         | 31/328 [00:11<00:43,  6.83it/s]
Recognizing Text:  11%|█         | 36/328 [00:11<00:33,  8.78it/s]
Recognizing Text:  12%|█▏        | 38/328 [00:11<00:36,  8.01it/s]
Recognizing Text:  15%|█▌        | 50/328 [00:11<00:14, 18.89it/s]
Recognizing Text:  17%|█▋        | 56/328 [00:12<00:20, 13.30it/s]
Recognizing Text:  25%|██▌       | 83/328 [00:12<00:06, 35.63it/s]
Recognizing Text:  31%|███       | 101/328 [00:12<00:04, 50.73it/s]
Recognizing Text:  35%|███▍      | 114/328 [00:13<00:04, 50.37it/s]
Recognizing Text:  39%|███▊      | 127/328 [00:13<00:03, 60.05it/s]
Recognizing Text:  48%|████▊     | 156/328 [00:13<00:01, 94.93it/s]
Recognizing Text:  56%|█████▋    | 185/328 [00:13<00:01, 127.81it/s]
Recognizing Text:  70%|███████   | 231/328 [00:13<00:00, 190.90it/s]
Recognizing Text:  80%|███████▉  | 262/328 [00:13<00:00, 212.52it/s]
Recognizing Text:  88%|████████▊ | 288/328 [00:13<00:00, 218.79it/s]
Recognizing Text:  96%|█████████▌| 314/328 [00:15<00:00, 59.43it/s] 
Recognizing Text: 100%|██████████| 328/328 [00:17<00:00, 18.29it/s]
  [stress] 24/55 pages  0.33 p/s

Detecting bboxes:   0%|          | 0/1 [00:00<?, ?it/s]
Detecting bboxes: 100%|██████████| 1/1 [00:03<00:00,  3.90s/it]
Detecting bboxes: 100%|██████████| 1/1 [00:03<00:00,  3.90s/it]

Recognizing Text:   0%|          | 0/311 [00:00<?, ?it/s]
Recognizing Text:   0%|          | 1/311 [00:07<38:29,  7.45s/it]
Recognizing Text:   2%|▏         | 6/311 [00:07<04:46,  1.07it/s]
Recognizing Text:  14%|█▎        | 42/311 [00:07<00:26, 10.31it/s]
Recognizing Text:  18%|█▊        | 56/311 [00:08<00:20, 12.17it/s]
Recognizing Text:  21%|██        | 65/311 [00:08<00:16, 15.06it/s]
Recognizing Text:  31%|███       | 96/311 [00:08<00:07, 30.20it/s]
Recognizing Text:  52%|█████▏    | 163/311 [00:08<00:02, 70.26it/s]
Recognizing Text:  59%|█████▉    | 184/311 [00:09<00:01, 80.14it/s]
Recognizing Text:  66%|██████▌   | 204/311 [00:09<00:01, 89.97it/s]
Recognizing Text:  71%|███████▏  | 222/311 [00:09<00:00, 97.18it/s]
Recognizing Text:  77%|███████▋  | 239/311 [00:09<00:01, 59.56it/s]
Recognizing Text:  81%|████████  | 252/311 [00:10<00:01, 36.39it/s]
Recognizing Text:  84%|████████▍ | 261/311 [00:10<00:01, 39.58it/s]
Recognizing Text:  87%|████████▋ | 270/311 [00:11<00:01, 38.66it/s]
Recognizing Text:  91%|█████████ | 282/311 [00:11<00:00, 45.95it/s]
Recognizing Text:  93%|█████████▎| 290/311 [00:11<00:00, 48.64it/s]
Recognizing Text:  96%|█████████▌| 298/311 [00:11<00:00, 43.27it/s]
Recognizing Text:  98%|█████████▊| 305/311 [00:13<00:00, 15.19it/s]
Recognizing Text: 100%|██████████| 311/311 [00:13<00:00, 23.45it/s]
  [stress] 32/55 pages  0.35 p/s

Detecting bboxes:   0%|          | 0/1 [00:00<?, ?it/s]
Detecting bboxes: 100%|██████████| 1/1 [00:03<00:00,  3.64s/it]
Detecting bboxes: 100%|██████████| 1/1 [00:03<00:00,  3.64s/it]

Recognizing Text:   0%|          | 0/270 [00:00<?, ?it/s]
Recognizing Text:   0%|          | 1/270 [00:07<31:32,  7.04s/it]
Recognizing Text:  14%|█▎        | 37/270 [00:07<00:32,  7.25it/s]
Recognizing Text:  20%|█▉        | 53/270 [00:07<00:20, 10.60it/s]
Recognizing Text:  24%|██▎       | 64/270 [00:07<00:15, 13.36it/s]
Recognizing Text:  35%|███▍      | 94/270 [00:07<00:06, 25.98it/s]
Recognizing Text:  40%|████      | 108/270 [00:08<00:05, 32.25it/s]
Recognizing Text:  50%|████▉     | 134/270 [00:08<00:02, 48.87it/s]
Recognizing Text:  56%|█████▌    | 150/270 [00:08<00:02, 58.06it/s]
Recognizing Text:  61%|██████    | 165/270 [00:09<00:03, 30.52it/s]
Recognizing Text:  66%|██████▌   | 178/270 [00:09<00:02, 36.76it/s]
Recognizing Text:  70%|███████   | 189/270 [00:09<00:01, 42.24it/s]
Recognizing Text:  77%|███████▋  | 207/270 [00:09<00:01, 55.79it/s]
Recognizing Text:  81%|████████  | 218/270 [00:10<00:00, 60.81it/s]
Recognizing Text:  85%|████████▍ | 229/270 [00:10<00:00, 55.42it/s]
Recognizing Text:  89%|████████▉ | 240/270 [00:10<00:00, 61.28it/s]
Recognizing Text:  97%|█████████▋| 261/270 [00:10<00:00, 68.84it/s]
Recognizing Text: 100%|██████████| 270/270 [00:12<00:00, 20.71it/s]
Recognizing Text: 100%|██████████| 270/270 [00:12<00:00, 22.02it/s]
  [stress] 40/55 pages  0.37 p/s

Detecting bboxes:   0%|          | 0/1 [00:00<?, ?it/s]
Detecting bboxes: 100%|██████████| 1/1 [00:03<00:00,  3.13s/it]
Detecting bboxes: 100%|██████████| 1/1 [00:03<00:00,  3.13s/it]

Recognizing Text:   0%|          | 0/232 [00:00<?, ?it/s]
Recognizing Text:   0%|          | 1/232 [00:03<14:08,  3.67s/it]
Recognizing Text:  11%|█         | 25/232 [00:04<00:24,  8.48it/s]
Recognizing Text:  24%|██▎       | 55/232 [00:04<00:08, 20.66it/s]
Recognizing Text:  33%|███▎      | 77/232 [00:04<00:04, 31.16it/s]
Recognizing Text:  38%|███▊      | 87/232 [00:05<00:05, 24.58it/s]
Recognizing Text:  42%|████▏     | 97/232 [00:05<00:04, 28.44it/s]
Recognizing Text:  47%|████▋     | 109/232 [00:05<00:03, 34.38it/s]
Recognizing Text:  50%|█████     | 117/232 [00:05<00:03, 36.75it/s]
Recognizing Text:  59%|█████▉    | 137/232 [00:05<00:02, 44.55it/s]
Recognizing Text:  62%|██████▏   | 144/232 [00:08<00:07, 11.43it/s]
Recognizing Text:  64%|██████▍   | 149/232 [00:10<00:09,  8.61it/s]
Recognizing Text:  68%|██████▊   | 157/232 [00:11<00:09,  8.17it/s]
Recognizing Text:  71%|███████   | 165/232 [00:11<00:06, 10.56it/s]
Recognizing Text:  75%|███████▍  | 173/232 [00:11<00:04, 13.05it/s]
Recognizing Text:  78%|███████▊  | 181/232 [00:11<00:03, 16.52it/s]
Recognizing Text:  83%|████████▎ | 193/232 [00:11<00:01, 23.47it/s]
Recognizing Text:  95%|█████████▌| 221/232 [00:12<00:00, 45.49it/s]
Recognizing Text:  99%|█████████▉| 230/232 [00:12<00:00, 47.48it/s]
Recognizing Text: 100%|██████████| 232/232 [00:12<00:00, 18.95it/s]
  [stress] 48/55 pages  0.38 p/s

Detecting bboxes:   0%|          | 0/1 [00:00<?, ?it/s]
Detecting bboxes: 100%|██████████| 1/1 [00:03<00:00,  3.46s/it]
Detecting bboxes: 100%|██████████| 1/1 [00:03<00:00,  3.46s/it]

Recognizing Text:   0%|          | 0/171 [00:00<?, ?it/s]
Recognizing Text:   1%|          | 1/171 [00:11<32:12, 11.37s/it]
Recognizing Text:   6%|▌         | 10/171 [00:11<02:18,  1.17it/s]
Recognizing Text:   8%|▊         | 13/171 [00:18<03:17,  1.25s/it]
Recognizing Text:  11%|█         | 19/171 [00:19<02:00,  1.27it/s]
Recognizing Text:  15%|█▌        | 26/171 [00:20<01:08,  2.11it/s]
Recognizing Text:  19%|█▊        | 32/171 [00:20<00:43,  3.17it/s]
Recognizing Text:  23%|██▎       | 39/171 [00:21<00:37,  3.56it/s]
Recognizing Text:  27%|██▋       | 46/171 [00:22<00:23,  5.25it/s]
Recognizing Text:  31%|███       | 53/171 [00:22<00:15,  7.51it/s]
Recognizing Text:  39%|███▉      | 67/171 [00:22<00:08, 12.36it/s]
Recognizing Text:  47%|████▋     | 81/171 [00:22<00:04, 18.27it/s]
Recognizing Text:  51%|█████▏    | 88/171 [00:22<00:03, 21.64it/s]
Recognizing Text:  60%|█████▉    | 102/171 [00:22<00:02, 31.82it/s]
Recognizing Text:  72%|███████▏  | 123/171 [00:23<00:00, 50.88it/s]
Recognizing Text:  88%|████████▊ | 151/171 [00:23<00:00, 80.28it/s]
Recognizing Text:  97%|█████████▋| 166/171 [00:23<00:00, 75.51it/s]
Recognizing Text: 100%|██████████| 171/171 [00:23<00:00,  7.30it/s]
  [stress] 55/55 pages  0.36 p/s
