[32mCreating model: ('PP-OCRv6_medium_det', None, None)[0m
[33mChecking connectivity to the model hosters, this may take a while. To bypass this check, set `PADDLE_PDX_DISABLE_MODEL_SOURCE_CHECK` to `True`.[0m
[32mUsing official model (PP-OCRv6_medium_det), the model files will be automatically downloaded and saved in `/root/.paddlex/official_models/PP-OCRv6_medium_det`.[0m

Fetching 5 files:   0%|          | 0/5 [00:00<?, ?it/s]
Fetching 5 files:  20%|██        | 1/5 [00:00<00:02,  1.39it/s]
Fetching 5 files:  40%|████      | 2/5 [00:00<00:01,  2.77it/s]
Fetching 5 files: 100%|██████████| 5/5 [00:01<00:00,  2.66it/s]
Fetching 5 files: 100%|██████████| 5/5 [00:01<00:00,  2.53it/s]
/content/ocrbench_envs/paddle/lib/python3.13/site-packages/paddle/utils/cpp_extension/extension_utils.py:712: UserWarning: No ccache found. Please be aware that recompiling all source files may be required. You can download and install ccache from: https://github.com/ccache/ccache/blob/master/doc/INSTALL.md
  warnings.warn(warning_message)
[32mCreating model: ('PP-OCRv6_medium_rec', None, None)[0m
[32mUsing official model (PP-OCRv6_medium_rec), the model files will be automatically downloaded and saved in `/root/.paddlex/official_models/PP-OCRv6_medium_rec`.[0m

Fetching 5 files:   0%|          | 0/5 [00:00<?, ?it/s]
Fetching 5 files:  20%|██        | 1/5 [00:00<00:02,  1.39it/s]
Fetching 5 files:  80%|████████  | 4/5 [00:00<00:00,  5.98it/s]
Fetching 5 files: 100%|██████████| 5/5 [00:01<00:00,  2.58it/s]
[paddleocr] track books
  [books] latency page 1/8: 1.1s
  [books] latency page 2/8: 1.3s
  [books] latency page 3/8: 1.1s
  [books] latency page 4/8: 1.3s
  [books] latency page 5/8: 1.4s
  [books] latency page 6/8: 1.0s
  [books] latency page 7/8: 0.8s
  [books] latency page 8/8: 1.2s
  [books] batch of 50 pages...
  [books] 8/50 pages  0.94 p/s
  [books] 16/50 pages  0.82 p/s
  [books] 24/50 pages  0.76 p/s
  [books] 32/50 pages  0.83 p/s
  [books] 40/50 pages  0.87 p/s
  [books] 48/50 pages  0.90 p/s
  [books] 50/50 pages  0.91 p/s
[paddleocr] track docs
  [docs] latency page 1/8: 0.6s
  [docs] latency page 2/8: 0.7s
  [docs] latency page 3/8: 0.4s
  [docs] latency page 4/8: 1.4s
  [docs] latency page 5/8: 0.8s
  [docs] latency page 6/8: 1.3s
  [docs] latency page 7/8: 0.6s
  [docs] latency page 8/8: 0.7s
  [docs] batch of 50 pages...
  [docs] 8/50 pages  1.32 p/s
  [docs] 16/50 pages  0.79 p/s
  [docs] 24/50 pages  0.73 p/s
  [docs] 32/50 pages  0.74 p/s
  [docs] 40/50 pages  0.84 p/s
  [docs] 48/50 pages  0.85 p/s
  [docs] 50/50 pages  0.86 p/s
[paddleocr] track handwriting
  [handwriting] latency page 1/8: 0.1s
  [handwriting] latency page 2/8: 0.1s
  [handwriting] latency page 3/8: 0.1s
  [handwriting] latency page 4/8: 0.1s
  [handwriting] latency page 5/8: 0.1s
  [handwriting] latency page 6/8: 0.1s
  [handwriting] latency page 7/8: 0.1s
  [handwriting] latency page 8/8: 0.1s
  [handwriting] batch of 60 pages...
  [handwriting] 8/60 pages  23.47 p/s
  [handwriting] 16/60 pages  15.02 p/s
  [handwriting] 24/60 pages  14.38 p/s
  [handwriting] 32/60 pages  14.01 p/s
  [handwriting] 40/60 pages  14.07 p/s
  [handwriting] 48/60 pages  14.37 p/s
  [handwriting] 56/60 pages  14.78 p/s
  [handwriting] 60/60 pages  14.97 p/s
[paddleocr] track stress
  [stress] latency page 1/8: 0.9s
  [stress] latency page 2/8: 0.7s
  [stress] latency page 3/8: 0.6s
  [stress] latency page 4/8: 0.9s
  [stress] latency page 5/8: 0.9s
  [stress] latency page 6/8: 1.0s
  [stress] latency page 7/8: 1.0s
  [stress] latency page 8/8: 0.6s
  [stress] batch of 55 pages...
  [stress] 8/55 pages  1.25 p/s
  [stress] 16/55 pages  1.26 p/s
  [stress] 24/55 pages  1.30 p/s
  [stress] 32/55 pages  1.42 p/s
  [stress] 40/55 pages  1.53 p/s
  [stress] 48/55 pages  1.56 p/s
  [stress] 55/55 pages  1.49 p/s
